cargo : warning: profiles for the non root package will be ignored, specify profiles at the workspace root:
At line:1 char:1
+ cargo check -p xfchess-tauri 2>build_errors.txt; Get-Content build_er ...
+ ~~~~~~~~~~~~~~~~~~~~~~~~~~~~~~~~~~~~~~~~~~~~~~~
    + CategoryInfo          : NotSpecified: (warning: profil...workspace root::String) [], RemoteException
    + FullyQualifiedErrorId : NativeCommandError
 
package:   C:\Users\isich\XFChess\crates\iroh-gossip\Cargo.toml
workspace: C:\Users\isich\XFChess\Cargo.toml
warning: unused import: `FloatStatus`
 --> crates\swiss-pairing\src\pairing.rs:2:12
  |
2 |     Color, FloatStatus, Pairing, PairingError, PairingResult, Scoregroup, SwissPlayer, SwissRound,
  |            ^^^^^^^^^^^
  |
  = note: `#[warn(unused_imports)]` on by default

warning: unused import: `pairing::*`
  --> crates\swiss-pairing\src\lib.rs:14:9
   |
14 | pub use pairing::*;
   |         ^^^^^^^^^^

warning: unused variable: `i`
   --> crates\swiss-pairing\src\pairing.rs:184:10
    |
184 |     for (i, (white, black)) in top_half.iter().zip(bottom_half.iter()).enumerate() {
    |          ^ help: if this is intentional, prefix it with an underscore: `_i`
    |
    = note: `#[warn(unused_variables)]` on by default

warning: unused variable: `already_used`
   --> crates\swiss-pairing\src\pairing.rs:152:5
    |
152 |     already_used: &[String],
    |     ^^^^^^^^^^^^ help: if this is intentional, prefix it with an underscore: `_already_used`

warning: unused variable: `used`
   --> crates\swiss-pairing\src\pairing.rs:228:5
    |
228 |     used: &[String],
    |     ^^^^ help: if this is intentional, prefix it with an underscore: `_used`

warning: unused variable: `byes`
   --> crates\swiss-pairing\src\pairing.rs:229:5
    |
229 |     byes: &[String],
    |     ^^^^ help: if this is intentional, prefix it with an underscore: `_byes`

warning: unused variable: `round`
   --> crates\swiss-pairing\src\standings.rs:144:10
    |
144 |     for (round, pairing, result) in results {
    |          ^^^^^ help: if this is intentional, prefix it with an underscore: `_round`

warning: `swiss-pairing` (lib) generated 7 warnings (run `cargo fix --lib -p swiss-pairing` to apply 2 suggestions)
   Compiling xfchess-tauri v0.1.0 (C:\Users\isich\XFChess\tauri)
warning: unused import: `std::sync::Arc`
  --> backend\src\infrastructure\tasks.rs:10:5
   |
10 | use std::sync::Arc;
   |     ^^^^^^^^^^^^^^
   |
   = note: `#[warn(unused_imports)]` on by default

warning: unused import: `solana_sdk::pubkey::Pubkey`
 --> backend\src\signing\blinks_chains.rs:7:5
  |
7 | use solana_sdk::pubkey::Pubkey;
  |     ^^^^^^^^^^^^^^^^^^^^^^^^^^

warning: unused import: `once_cell::sync::OnceCell`
 --> backend\src\signing\blinks_onboarding.rs:9:5
  |
9 | use once_cell::sync::OnceCell;
  |     ^^^^^^^^^^^^^^^^^^^^^^^^^

warning: unused import: `solana_sdk::signature::Keypair`
 --> backend\src\signing\blinks_pda.rs:9:5
  |
9 | use solana_sdk::signature::Keypair;
  |     ^^^^^^^^^^^^^^^^^^^^^^^^^^^^^^

warning: unused import: `std::sync::Arc`
 --> backend\src\signing\pyth_oracle.rs:7:5
  |
7 | use std::sync::Arc;
  |     ^^^^^^^^^^^^^^

warning: unused import: `TournamentStore`
  --> backend\src\signing\routes\tournament.rs:21:74
   |
21 | use crate::signing::storage::tournament::{MatchStatus, TournamentRecord, TournamentStore, TournamentStatus, 
TournamentFormat};
   |                                                                          ^^^^^^^^^^^^^^^

warning: unused import: `Pairing`
 --> backend\src\signing\swiss\handlers.rs:9:34
  |
9 | use swiss_pairing::{MatchResult, Pairing, SwissRound, StandingsEntry};
  |                                  ^^^^^^^

warning: unused imports: `Pairing` and `TournamentFormat as SwissFormat`
  --> backend\src\signing\swiss\service.rs:9:65
   |
9  |     calculate_standings, generate_pairings, Color, MatchResult, Pairing, SwissPlayer, SwissRound,
   |                                                                 ^^^^^^^
10 |     StandingsEntry, TournamentFormat as SwissFormat,
   |                     ^^^^^^^^^^^^^^^^^^^^^^^^^^^^^^^

warning: unused import: `thiserror::Error`
  --> backend\src\signing\swiss\service.rs:12:5
   |
12 | use thiserror::Error;
   |     ^^^^^^^^^^^^^^^^

warning: unused import: `TournamentRecord`
  --> backend\src\signing\tournament_gossip.rs:19:43
   |
19 | use crate::signing::storage::tournament::{TournamentRecord, TournamentStore};
   |                                           ^^^^^^^^^^^^^^^^

warning: unused import: `TournamentFormat`
 --> backend\src\tasks\tournament_scheduler.rs:3:78
  |
3 | use crate::signing::storage::tournament::{TournamentStore, TournamentStatus, TournamentFormat};
  |                                                                              ^^^^^^^^^^^^^^^^

warning: unused import: `std::sync::Arc`
 --> backend\src\tasks\tournament_scheduler.rs:4:5
  |
4 | use std::sync::Arc;
  |     ^^^^^^^^^^^^^^

warning: use of deprecated function `rand::thread_rng`: Renamed to `rng`
   --> backend\src\signing\tournament_gossip.rs:139:41
    |
139 |             .choose_multiple(&mut rand::thread_rng(), 4);
    |                                         ^^^^^^^^^^
    |
    = note: `#[warn(deprecated)]` on by default

warning: unused variable: `program_id`
   --> backend\src\signing\blinks.rs:115:5
    |
115 |     program_id: &Pubkey,
    |     ^^^^^^^^^^ help: if this is intentional, prefix it with an underscore: `_program_id`
    |
    = note: `#[warn(unused_variables)]` on by default

warning: unused variable: `tournament`
   --> backend\src\signing\routes\tournament.rs:601:9
    |
601 |     let tournament = state.tournament_store.get(id).await
    |         ^^^^^^^^^^ help: if this is intentional, prefix it with an underscore: `_tournament`

warning: unused variable: `rounds`
   --> backend\src\signing\storage\tournament.rs:565:39
    |
565 |             TournamentFormat::Swiss { rounds } => {
    |                                       ^^^^^^ help: try ignoring the field: `rounds: _`

warning: field `id` is never read
  --> backend\src\signing\pyth_oracle.rs:18:5
   |
17 | struct PythPriceData {
   |        ------------- field in this struct
18 |     id: String,
   |     ^^
   |
   = note: `PythPriceData` has a derived impl for the trait `Debug`, but this is intentionally ignored during dead 
code analysis
   = note: `#[warn(dead_code)]` on by default

warning: `backend` (lib) generated 17 warnings (run `cargo fix --lib -p backend` to apply 12 suggestions)
warning: unused imports: `KEY_WRITE` and `REG_SZ`
  --> tauri\src\main.rs:62:25
   |
62 |     use winreg::enums::{KEY_WRITE, REG_SZ};
   |                         ^^^^^^^^^  ^^^^^^
   |
   = note: `#[warn(unused_imports)]` on by default

warning: unused variable: `handle_clone`
   --> tauri\src\main.rs:777:17
    |
777 |             let handle_clone = handle.clone();
    |                 ^^^^^^^^^^^^ help: if this is intentional, prefix it with an underscore: `_handle_clone`
    |
    = note: `#[warn(unused_variables)]` on by default

warning: function `start_embedded_signing_server` is never used
   --> tauri\src\main.rs:698:10
    |
698 | async fn start_embedded_signing_server() {
    |          ^^^^^^^^^^^^^^^^^^^^^^^^^^^^^
    |
    = note: `#[warn(dead_code)]` on by default

warning: `xfchess-tauri` (bin "xfchess-tauri") generated 3 warnings (run `cargo fix --bin "xfchess-tauri"` to apply 1 
suggestion)
    Finished `dev` profile [unoptimized + debuginfo] target(s) in 3.69s
