cargo : warning: profiles for the non root package will be ignored, specify profiles at the workspace root:
At line:1 char:1
+ cargo check -p nimzovich_engine --features std,search > compile_error ...
+ ~~~~~~~~~~~~~~~~~~~~~~~~~~~~~~~~~~~~~~~~~~~~~~~~~~~~~~~~~~~~~~~~~~~~~
    + CategoryInfo          : NotSpecified: (warning: profil...workspace root::String) [], RemoteException
    + FullyQualifiedErrorId : NativeCommandError
 
package:   C:\Users\isich\XFChess\crates\iroh-gossip\Cargo.toml
workspace: C:\Users\isich\XFChess\Cargo.toml
warning: profiles for the non root package will be ignored, specify profiles at the workspace root:
package:   C:\Users\isich\XFChess\tauri\Cargo.toml
workspace: C:\Users\isich\XFChess\Cargo.toml
    Checking nimzovich_engine v0.1.0 (C:\Users\isich\XFChess\crates\nimzovich_engine)
error: `<` is interpreted as a start of generic arguments for `i16`, not a comparison
   --> crates\nimzovich_engine\src\search\alphabeta.rs:125:105
    |
125 |           && eval + (SP.razor_base + depth * SP.razor_mul + SP.razor_improving * improving as i32) as i16 < alpha
    |  _________________________________________________________________________________________________________^_-
    | |                                                                                                         |
    | |                                                                                                         not interpreted as comparison
126 | |     {
    | |_____- interpreted as generic arguments
    |
help: try comparing the cast value
    |
125 |         && eval + ((SP.razor_base + depth * SP.razor_mul + SP.razor_improving * improving as i32) as i16) < alpha
    |                   +                                                                                     +

error[E0433]: cannot find module or crate `alloc` in this scope
 --> crates\nimzovich_engine\src\pgn.rs:6:5
  |
6 | use alloc::collections::BTreeMap;
  |     ^^^^^ use of unresolved module or unlinked crate `alloc`
  |
  = help: add `extern crate alloc` to use the `alloc` crate

error[E0433]: cannot find module or crate `alloc` in this scope
 --> crates\nimzovich_engine\src\pgn.rs:7:5
  |
7 | use alloc::string::String;
  |     ^^^^^ use of unresolved module or unlinked crate `alloc`
  |
  = help: add `extern crate alloc` to use the `alloc` crate

error[E0433]: cannot find module or crate `alloc` in this scope
 --> crates\nimzovich_engine\src\pgn.rs:8:5
  |
8 | use alloc::vec::Vec;
  |     ^^^^^ use of unresolved module or unlinked crate `alloc`
  |
  = help: add `extern crate alloc` to use the `alloc` crate

error[E0432]: unresolved import `crate::see`
  --> crates\nimzovich_engine\src\search\move_picker.rs:12:12
   |
12 | use crate::see::see;
   |            ^^^ could not find `see` in the crate root

error[E0425]: cannot find function `evaluate_position` in this scope
   --> crates\nimzovich_engine\src\search\alphabeta.rs:102:16
    |
102 |     let eval = evaluate_position(game) * (if color > 0 { 1 } else { -1 });
    |                ^^^^^^^^^^^^^^^^^ not found in this scope
    |
help: consider importing this function through its public re-export
    |
 15 + use crate::evaluation::evaluate_position;
    |

warning: unused import: `super::ordering::order_moves`
  --> crates\nimzovich_engine\src\search\alphabeta.rs:17:5
   |
17 | use super::ordering::order_moves;
   |     ^^^^^^^^^^^^^^^^^^^^^^^^^^^^
   |
   = note: `#[warn(unused_imports)]` (part of `#[warn(unused)]`) on by default

warning: unused import: `move_picker::build_picker`
  --> crates\nimzovich_engine\src\search\mod.rs:30:9
   |
30 | pub use move_picker::build_picker;
   |         ^^^^^^^^^^^^^^^^^^^^^^^^^

warning: unused import: `CompactBoard`
  --> crates\nimzovich_engine\src\on_chain_moves.rs:12:23
   |
12 | use crate::on_chain::{CompactBoard, OnChainGame, CASTLE_BK, CASTLE_BQ, CASTLE_WK, CASTLE_WQ};
   |                       ^^^^^^^^^^^^

warning: unused import: `crate::board::pos_to_square`
  --> crates\nimzovich_engine\src\pgn.rs:10:5
   |
10 | use crate::board::pos_to_square;
   |     ^^^^^^^^^^^^^^^^^^^^^^^^^^^

error[E0308]: mismatched types
  --> crates\nimzovich_engine\src\evaluation\pst.rs:49:43
   |
49 |   pub(crate) const PAWN_PST_EG: [i16; 64] = [
   |  _____________________________________--____^
   | |                                     |
   | |                                     help: consider specifying the actual array length: `63`
50 | |     0, 0, 0, 0, 0, 0, 0, 0, 80, 80, 80, 80, 80, 80, 80, 80, 50, 50, 50, 50, 50, 50, 50, 50, 30, 30,
51 | |     30, 30, 30, 30, 30, 30, 20, 20, 20, 20, 20, 20, 20, 20, 10, 10, 10, 10, 10, 10, 10, 10, 0, 0, 0,
52 | |     0, 0, 0, 0, 0, 0, 0, 0, 0, 0, 0, 0,
53 | | ];
   | |_^ expected an array with a size of 64, found one with a size of 63

error[E0308]: mismatched types
  --> crates\nimzovich_engine\src\evaluation\pst.rs:67:43
   |
67 |   pub(crate) const ROOK_PST_EG: [i16; 64] = [
   |  _____________________________________--____^
   | |                                     |
   | |                                     help: consider specifying the actual array length: `63`
68 | |     10, 10, 10, 10, 10, 10, 10, 10, 15, 15, 15, 15, 15, 15, 15, 15, 0, 0, 0, 0, 0, 0, 0, 0, 0, 0,
69 | |     0, 0, 0, 0, 0, 0, 0, 0, 0, 0, 0, 0, 0, 0, 0, 0, 0, 0, 0, 0, 0, 0, 0, 0, 0, 0, 0, 0, 0, 0, 0,
70 | |     0, 0, 0, 0, 0, 0,
71 | | ];
   | |_^ expected an array with a size of 64, found one with a size of 63

error[E0015]: cannot call non-const associated function `SearchParams::sarah_tuned` in statics
  --> crates\nimzovich_engine\src\search\alphabeta.rs:28:27
   |
28 | static SP: SearchParams = SearchParams::sarah_tuned();
   |                           ^^^^^^^^^^^^^^^^^^^^^^^^^^^
   |
   = note: calls in statics are limited to constant functions, tuple structs and tuple variants
   = note: consider wrapping this expression in `std::sync::LazyLock::new(|| ...)`

error[E0277]: the type `[i8]` cannot be indexed by `i8`
   --> crates\nimzovich_engine\src\search\alphabeta.rs:391:31
    |
391 |     let captured = game.board[dst as i8];
    |                               ^^^^^^^^^ slice indices are of type `usize` or ranges of `usize`
    |
    = help: the trait `SliceIndex<[i8]>` is not implemented for `i8`
help: the following other types implement trait `SliceIndex<T>`
   --> C:\Users\isich\.rustup\toolchains\stable-x86_64-pc-windows-msvc\lib/rustlib/src/rust\library\core\src\bstr\traits.rs:197:1
    |
197 | unsafe impl SliceIndex<ByteStr> for usize {
    | ^^^^^^^^^^^^^^^^^^^^^^^^^^^^^^^^^^^^^^^^^ `usize` implements `SliceIndex<ByteStr>`
    |
   ::: C:\Users\isich\.rustup\toolchains\stable-x86_64-pc-windows-msvc\lib/rustlib/src/rust\library\core\src\slice\index.rs:214:1
    |
214 | unsafe impl<T> const SliceIndex<[T]> for usize {
    | ^^^^^^^^^^^^^^^^^^^^^^^^^^^^^^^^^^^^^^^^^^^^^^ `usize` implements `SliceIndex<[T]>`
    = note: required for `[i8]` to implement `Index<i8>`
    = note: 1 redundant requirement hidden
    = note: required for `[i8; 64]` to implement `Index<i8>`

error[E0277]: the type `[i8]` cannot be indexed by `i8`
   --> crates\nimzovich_engine\src\search\alphabeta.rs:420:37
    |
420 |         let piece_type = game.board[src as i8].abs() as usize;
    |                                     ^^^^^^^^^ slice indices are of type `usize` or ranges of `usize`
    |
    = help: the trait `SliceIndex<[i8]>` is not implemented for `i8`
help: the following other types implement trait `SliceIndex<T>`
   --> C:\Users\isich\.rustup\toolchains\stable-x86_64-pc-windows-msvc\lib/rustlib/src/rust\library\core\src\bstr\traits.rs:197:1
    |
197 | unsafe impl SliceIndex<ByteStr> for usize {
    | ^^^^^^^^^^^^^^^^^^^^^^^^^^^^^^^^^^^^^^^^^ `usize` implements `SliceIndex<ByteStr>`
    |
   ::: C:\Users\isich\.rustup\toolchains\stable-x86_64-pc-windows-msvc\lib/rustlib/src/rust\library\core\src\slice\index.rs:214:1
    |
214 | unsafe impl<T> const SliceIndex<[T]> for usize {
    | ^^^^^^^^^^^^^^^^^^^^^^^^^^^^^^^^^^^^^^^^^^^^^^ `usize` implements `SliceIndex<[T]>`
    = note: required for `[i8]` to implement `Index<i8>`
    = note: 1 redundant requirement hidden
    = note: required for `[i8; 64]` to implement `Index<i8>`

error[E0015]: cannot call non-const associated function `SearchParams::sarah_tuned` in statics
  --> crates\nimzovich_engine\src\search\iterative.rs:17:27
   |
17 | static SP: SearchParams = SearchParams::sarah_tuned();
   |                           ^^^^^^^^^^^^^^^^^^^^^^^^^^^
   |
   = note: calls in statics are limited to constant functions, tuple structs and tuple variants
   = note: consider wrapping this expression in `std::sync::LazyLock::new(|| ...)`

error[E0015]: cannot call non-const associated function `SearchParams::sarah_tuned` in statics
  --> crates\nimzovich_engine\src\search\quiescence.rs:16:27
   |
16 | static SP: SearchParams = SearchParams::sarah_tuned();
   |                           ^^^^^^^^^^^^^^^^^^^^^^^^^^^
   |
   = note: calls in statics are limited to constant functions, tuple structs and tuple variants
   = note: consider wrapping this expression in `std::sync::LazyLock::new(|| ...)`

error[E0308]: mismatched types
   --> crates\nimzovich_engine\src\pgn.rs:112:40
    |
112 |     let has_legal = has_any_legal_move(&game_copy, opponent);
    |                     ------------------ ^^^^^^^^^^ types differ in mutability
    |                     |
    |                     arguments to this function are incorrect
    |
    = note: expected mutable reference `&mut types::Game`
                       found reference `&types::Game`
note: function defined here
   --> crates\nimzovich_engine\src\pgn.rs:148:4
    |
148 | fn has_any_legal_move(game: &mut Game, color: Color) -> bool {
    |    ^^^^^^^^^^^^^^^^^^ ---------------

warning: variable does not need to be mutable
  --> crates\nimzovich_engine\src\search\iterative.rs:35:14
   |
35 |         let (mut alpha, mut beta) = if depth > 1 {
   |              ----^^^^^
   |              |
   |              help: remove this `mut`
   |
   = note: `#[warn(unused_mut)]` (part of `#[warn(unused)]`) on by default

warning: variable does not need to be mutable
  --> crates\nimzovich_engine\src\search\iterative.rs:35:25
   |
35 |         let (mut alpha, mut beta) = if depth > 1 {
   |                         ----^^^^
   |                         |
   |                         help: remove this `mut`

warning: variable does not need to be mutable
  --> crates\nimzovich_engine\src\search\move_picker.rs:59:13
   |
59 |         for mut mv in self.moves.drain(..) {
   |             ----^^
   |             |
   |             help: remove this `mut`

warning: unused variable: `shift`
   --> crates\nimzovich_engine\src\on_chain_attack.rs:231:34
    |
231 | fn ray_attacks(sq: u8, occ: u64, shift: u32, _mask: u64) -> u64 {
    |                                  ^^^^^ help: if this is intentional, prefix it with an underscore: `_shift`
    |
    = note: `#[warn(unused_variables)]` (part of `#[warn(unused)]`) on by default

warning: unused variable: `saved_kings`
   --> crates\nimzovich_engine\src\on_chain_moves.rs:268:9
    |
268 |     let saved_kings = if by_color < 0 { g.white_kings } else { g.black_kings };
    |         ^^^^^^^^^^^ help: if this is intentional, prefix it with an underscore: `_saved_kings`

warning: value assigned to `idx` is never read
   --> crates\nimzovich_engine\src\on_chain_moves.rs:420:38
    |
420 |                 out[idx] = Some(58); idx += 1;
    |                                      ^^^^^^^^
    |
    = help: maybe it is overwritten before being read?
    = note: `#[warn(unused_assignments)]` (part of `#[warn(unused)]`) on by default

warning: value assigned to `idx` is never read
   --> crates\nimzovich_engine\src\on_chain_moves.rs:417:37
    |
417 |                 out[idx] = Some(2); idx += 1;
    |                                     ^^^^^^^^
    |
    = help: maybe it is overwritten before being read?

warning: value assigned to `idx` is never read
   --> crates\nimzovich_engine\src\on_chain_moves.rs:432:56
    |
432 |             if f < 7 { out[idx] = Some(src + dir + 1); idx += 1; }
    |                                                        ^^^^^^^^
    |
    = help: maybe it is overwritten before being read?

Some errors have detailed explanations: E0015, E0277, E0308, E0425, E0432, E0433.
For more information about an error, try `rustc --explain E0015`.
warning: `nimzovich_engine` (lib) generated 12 warnings
error: could not compile `nimzovich_engine` (lib) due to 14 previous errors; 12 warnings emitted
