cargo : warning: profiles for the non root package will be 
ignored, specify profiles at the workspace root:
At line:1 char:1
+ cargo check --features solana 2> errors.txt; Select-String 
-Path erro ...
+ ~~~~~~~~~~~~~~~~~~~~~~~~~~~~~~~~~~~~~~~~~~~
    + CategoryInfo          : NotSpecified: (warning: profil.. 
   .workspace root::String) [], RemoteException
    + FullyQualifiedErrorId : NativeCommandError
 
package:   C:\Users\isich\XFChess\crates\iroh-gossip\Cargo.toml
workspace: C:\Users\isich\XFChess\Cargo.toml
warning: unexpected `cfg` condition value: `modular-sdk`
 --> references\ephemeral-rollups-sdk\rust\sdk\src\lib.rs:9:5
  |
9 |     feature = "modular-sdk",
  |     ^^^^^^^^^^^^^^^^^^^^^^^
  |
  = note: expected values for `feature` are: `anchor`, 
`anchor-lang`, `default`, `num-derive`, `num-traits`, 
`solana-account`, `solana-account-info`, `solana-cpi`, 
`solana-instruction`, `solana-program`, 
`solana-program-error`, `solana-program-memory`, 
`solana-pubkey`, `solana-system-interface`, `solana-sysvar`, 
`spl-associated-token-account-interface`, and `thiserror`
  = help: consider adding `modular-sdk` as a feature in 
`Cargo.toml`
  = note: see <https://doc.rust-lang.org/nightly/rustc/check-cf
g/cargo-specifics.html> for more information about checking 
conditional configuration
  = note: `#[warn(unexpected_cfgs)]` on by default

warning: unexpected `cfg` condition value: `access-control`
  --> references\ephemeral-rollups-sdk\rust\sdk\src\lib.rs:17:7
   |
17 | #[cfg(feature = "access-control")]
   |       ^^^^^^^^^^^^^^^^^^^^^^^^^^
   |
   = note: expected values for `feature` are: `anchor`, 
`anchor-lang`, `default`, `num-derive`, `num-traits`, 
`solana-account`, `solana-account-info`, `solana-cpi`, 
`solana-instruction`, `solana-program`, 
`solana-program-error`, `solana-program-memory`, 
`solana-pubkey`, `solana-system-interface`, `solana-sysvar`, 
`spl-associated-token-account-interface`, and `thiserror`
   = help: consider adding `access-control` as a feature in 
`Cargo.toml`
   = note: see <https://doc.rust-lang.org/nightly/rustc/check-c
fg/cargo-specifics.html> for more information about checking 
conditional configuration

warning: unexpected `cfg` condition value: `spl`
  --> references\ephemeral-rollups-sdk\rust\sdk\src\lib.rs:19:7
   |
19 | #[cfg(feature = "spl")]
   |       ^^^^^^^^^^^^^^^
   |
   = note: expected values for `feature` are: `anchor`, 
`anchor-lang`, `default`, `num-derive`, `num-traits`, 
`solana-account`, `solana-account-info`, `solana-cpi`, 
`solana-instruction`, `solana-program`, 
`solana-program-error`, `solana-program-memory`, 
`solana-pubkey`, `solana-system-interface`, `solana-sysvar`, 
`spl-associated-token-account-interface`, and `thiserror`
   = help: consider adding `spl` as a feature in `Cargo.toml`
   = note: see <https://doc.rust-lang.org/nightly/rustc/check-c
fg/cargo-specifics.html> for more information about checking 
conditional configuration

warning: unexpected `cfg` condition value: `modular-sdk`
 --> references\ephemeral-rollups-sdk\rust\sdk\src\solana_compa
t.rs:1:15
  |
1 | #[cfg(all(not(feature = "modular-sdk"), not(feature = 
"anchor")))]
  |               ^^^^^^^^^^^^^^^^^^^^^^^
  |
  = note: expected values for `feature` are: `anchor`, 
`anchor-lang`, `default`, `num-derive`, `num-traits`, 
`solana-account`, `solana-account-info`, `solana-cpi`, 
`solana-instruction`, `solana-program`, 
`solana-program-error`, `solana-program-memory`, 
`solana-pubkey`, `solana-system-interface`, `solana-sysvar`, 
`spl-associated-token-account-interface`, and `thiserror`
  = help: consider adding `modular-sdk` as a feature in 
`Cargo.toml`
  = note: see <https://doc.rust-lang.org/nightly/rustc/check-cf
g/cargo-specifics.html> for more information about checking 
conditional configuration

warning: unexpected `cfg` condition value: `modular-sdk`
  --> references\ephemeral-rollups-sdk\rust\sdk\src\solana_comp
at.rs:31:11
   |
31 | #[cfg(all(feature = "modular-sdk", not(feature = 
"anchor")))]
   |           ^^^^^^^^^^^^^^^^^^^^^^^
   |
   = note: expected values for `feature` are: `anchor`, 
`anchor-lang`, `default`, `num-derive`, `num-traits`, 
`solana-account`, `solana-account-info`, `solana-cpi`, 
`solana-instruction`, `solana-program`, 
`solana-program-error`, `solana-program-memory`, 
`solana-pubkey`, `solana-system-interface`, `solana-sysvar`, 
`spl-associated-token-account-interface`, and `thiserror`
   = help: consider adding `modular-sdk` as a feature in 
`Cargo.toml`
   = note: see <https://doc.rust-lang.org/nightly/rustc/check-c
fg/cargo-specifics.html> for more information about checking 
conditional configuration

warning: unexpected `cfg` condition value: `disable-realloc`
  --> references\ephemeral-rollups-sdk\rust\sdk\src\solana_comp
at.rs:82:19
   |
82 |         #[cfg(not(feature = "disable-realloc"))]
   |                   ^^^^^^^^^^^^^^^^^^^^^^^^^^^
   |
   = note: expected values for `feature` are: `anchor`, 
`anchor-lang`, `default`, `num-derive`, `num-traits`, 
`solana-account`, `solana-account-info`, `solana-cpi`, 
`solana-instruction`, `solana-program`, 
`solana-program-error`, `solana-program-memory`, 
`solana-pubkey`, `solana-system-interface`, `solana-sysvar`, 
`spl-associated-token-account-interface`, and `thiserror`
   = help: consider adding `disable-realloc` as a feature in 
`Cargo.toml`
   = note: see <https://doc.rust-lang.org/nightly/rustc/check-c
fg/cargo-specifics.html> for more information about checking 
conditional configuration

warning: unexpected `cfg` condition value: `disable-realloc`
  --> references\ephemeral-rollups-sdk\rust\sdk\src\solana_comp
at.rs:88:15
   |
88 |         #[cfg(feature = "disable-realloc")]
   |               ^^^^^^^^^^^^^^^^^^^^^^^^^^^
   |
   = note: expected values for `feature` are: `anchor`, 
`anchor-lang`, `default`, `num-derive`, `num-traits`, 
`solana-account`, `solana-account-info`, `solana-cpi`, 
`solana-instruction`, `solana-program`, 
`solana-program-error`, `solana-program-memory`, 
`solana-pubkey`, `solana-system-interface`, `solana-sysvar`, 
`spl-associated-token-account-interface`, and `thiserror`
   = help: consider adding `disable-realloc` as a feature in 
`Cargo.toml`
   = note: see <https://doc.rust-lang.org/nightly/rustc/check-c
fg/cargo-specifics.html> for more information about checking 
conditional configuration

warning: `ephemeral-rollups-sdk` (lib) generated 7 warnings
warning: fields `blob_store` and `temp_folder` are never read
  --> crates\braid-core\src\fs\binary_sync.rs:57:5
   |
51 | pub struct BinarySyncManager {
   |            ----------------- fields in this struct
...
57 |     blob_store: Option<Arc<BlobStore>>,
   |     ^^^^^^^^^^
58 |     /// Temp folder for atomic writes.
59 |     temp_folder: PathBuf,
   |     ^^^^^^^^^^^
   |
   = note: `BinarySyncManager` has a derived impl for the 
trait `Debug`, but this is intentionally ignored during dead 
code analysis
   = note: `#[warn(dead_code)]` on by default

warning: field `temp_folder` is never read
   --> crates\braid-core\src\fs\binary_sync.rs:220:5
    |
218 | pub struct BinarySyncDb {
    |            ------------ field in this struct
219 |     fullpath: PathBuf,
220 |     temp_folder: PathBuf,
    |     ^^^^^^^^^^^

warning: `braid-core` (lib) generated 2 warnings
warning: unexpected `cfg` condition name: `docs_rs`
  --> crates\shakmaty-host-vendored\src\lib.rs:78:13
   |
78 | #![cfg_attr(docs_rs, feature(doc_cfg))]
   |             ^^^^^^^ help: there is a config with a 
similar name: `docsrs`
   |
   = help: consider using a Cargo feature instead
   = help: or consider adding in `Cargo.toml` the `check-cfg` 
lint config for the lint:
            [lints.rust]
            unexpected_cfgs = { level = "warn", check-cfg = 
['cfg(docs_rs)'] }
   = help: or consider adding 
`println!("cargo::rustc-check-cfg=cfg(docs_rs)");` to the top 
of the `build.rs`
   = note: see <https://doc.rust-lang.org/nightly/rustc/check-c
fg/cargo-specifics.html> for more information about checking 
conditional configuration
   = note: `#[warn(unexpected_cfgs)]` on by default

warning: unexpected `cfg` condition value: `arbitrary`
 --> crates\shakmaty-host-vendored\src\castling_side.rs:6:12
  |
6 | #[cfg_attr(feature = "arbitrary", 
derive(arbitrary::Arbitrary))]
  |            ^^^^^^^^^^^^^^^^^^^^^
  |
  = note: expected values for `feature` are: `alloc`, 
`default`, `nohash-hasher`, `serde`, `std`, `uci`, and 
`variant`
  = help: consider adding `arbitrary` as a feature in 
`Cargo.toml`
  = note: see <https://doc.rust-lang.org/nightly/rustc/check-cf
g/cargo-specifics.html> for more information about checking 
conditional configuration

warning: unexpected `cfg` condition value: `bincode`
 --> crates\shakmaty-host-vendored\src\castling_side.rs:7:12
  |
7 | #[cfg_attr(feature = "bincode", derive(bincode::Encode, 
bincode::Decode))]
  |            ^^^^^^^^^^^^^^^^^^^
  |
  = note: expected values for `feature` are: `alloc`, 
`default`, `nohash-hasher`, `serde`, `std`, `uci`, and 
`variant`
  = help: consider adding `bincode` as a feature in 
`Cargo.toml`
  = note: see <https://doc.rust-lang.org/nightly/rustc/check-cf
g/cargo-specifics.html> for more information about checking 
conditional configuration

warning: unexpected `cfg` condition value: `arbitrary`
   --> 
crates\shakmaty-host-vendored\src\castling_side.rs:103:12
    |
103 | #[cfg_attr(feature = "arbitrary", 
derive(arbitrary::Arbitrary))]
    |            ^^^^^^^^^^^^^^^^^^^^^
    |
    = note: expected values for `feature` are: `alloc`, 
`default`, `nohash-hasher`, `serde`, `std`, `uci`, and 
`variant`
    = help: consider adding `arbitrary` as a feature in 
`Cargo.toml`
    = note: see <https://doc.rust-lang.org/nightly/rustc/check-
cfg/cargo-specifics.html> for more information about checking 
conditional configuration

warning: unexpected `cfg` condition value: `bincode`
   --> 
crates\shakmaty-host-vendored\src\castling_side.rs:104:12
    |
104 | #[cfg_attr(feature = "bincode", derive(bincode::Encode, 
bincode::Decode))]
    |            ^^^^^^^^^^^^^^^^^^^
    |
    = note: expected values for `feature` are: `alloc`, 
`default`, `nohash-hasher`, `serde`, `std`, `uci`, and 
`variant`
    = help: consider adding `bincode` as a feature in 
`Cargo.toml`
    = note: see <https://doc.rust-lang.org/nightly/rustc/check-
cfg/cargo-specifics.html> for more information about checking 
conditional configuration

warning: unexpected `cfg` condition value: `arbitrary`
 --> crates\shakmaty-host-vendored\src\color.rs:9:12
  |
9 | #[cfg_attr(feature = "arbitrary", 
derive(arbitrary::Arbitrary))]
  |            ^^^^^^^^^^^^^^^^^^^^^
  |
  = note: expected values for `feature` are: `alloc`, 
`default`, `nohash-hasher`, `serde`, `std`, `uci`, and 
`variant`
  = help: consider adding `arbitrary` as a feature in 
`Cargo.toml`
  = note: see <https://doc.rust-lang.org/nightly/rustc/check-cf
g/cargo-specifics.html> for more information about checking 
conditional configuration

warning: unexpected `cfg` condition value: `bincode`
  --> crates\shakmaty-host-vendored\src\color.rs:10:12
   |
10 | #[cfg_attr(feature = "bincode", derive(bincode::Encode, 
bincode::Decode))]
   |            ^^^^^^^^^^^^^^^^^^^
   |
   = note: expected values for `feature` are: `alloc`, 
`default`, `nohash-hasher`, `serde`, `std`, `uci`, and 
`variant`
   = help: consider adding `bincode` as a feature in 
`Cargo.toml`
   = note: see <https://doc.rust-lang.org/nightly/rustc/check-c
fg/cargo-specifics.html> for more information about checking 
conditional configuration

warning: unexpected `cfg` condition value: `arbitrary`
   --> crates\shakmaty-host-vendored\src\color.rs:203:12
    |
203 | #[cfg_attr(feature = "arbitrary", 
derive(arbitrary::Arbitrary))]
    |            ^^^^^^^^^^^^^^^^^^^^^
    |
    = note: expected values for `feature` are: `alloc`, 
`default`, `nohash-hasher`, `serde`, `std`, `uci`, and 
`variant`
    = help: consider adding `arbitrary` as a feature in 
`Cargo.toml`
    = note: see <https://doc.rust-lang.org/nightly/rustc/check-
cfg/cargo-specifics.html> for more information about checking 
conditional configuration

warning: unexpected `cfg` condition value: `bincode`
   --> crates\shakmaty-host-vendored\src\color.rs:204:12
    |
204 | #[cfg_attr(feature = "bincode", derive(bincode::Encode, 
bincode::Decode))]
    |            ^^^^^^^^^^^^^^^^^^^
    |
    = note: expected values for `feature` are: `alloc`, 
`default`, `nohash-hasher`, `serde`, `std`, `uci`, and 
`variant`
    = help: consider adding `bincode` as a feature in 
`Cargo.toml`
    = note: see <https://doc.rust-lang.org/nightly/rustc/check-
cfg/cargo-specifics.html> for more information about checking 
conditional configuration

warning: unexpected `cfg` condition value: `arbitrary`
  --> crates\shakmaty-host-vendored\src\m.rs:17:12
   |
17 | #[cfg_attr(feature = "arbitrary", 
derive(arbitrary::Arbitrary))]
   |            ^^^^^^^^^^^^^^^^^^^^^
   |
   = note: expected values for `feature` are: `alloc`, 
`default`, `nohash-hasher`, `serde`, `std`, `uci`, and 
`variant`
   = help: consider adding `arbitrary` as a feature in 
`Cargo.toml`
   = note: see <https://doc.rust-lang.org/nightly/rustc/check-c
fg/cargo-specifics.html> for more information about checking 
conditional configuration

warning: unexpected `cfg` condition value: `arbitrary`
  --> crates\shakmaty-host-vendored\src\position.rs:22:12
   |
22 | #[cfg_attr(feature = "arbitrary", 
derive(arbitrary::Arbitrary))]
   |            ^^^^^^^^^^^^^^^^^^^^^
   |
   = note: expected values for `feature` are: `alloc`, 
`default`, `nohash-hasher`, `serde`, `std`, `uci`, and 
`variant`
   = help: consider adding `arbitrary` as a feature in 
`Cargo.toml`
   = note: see <https://doc.rust-lang.org/nightly/rustc/check-c
fg/cargo-specifics.html> for more information about checking 
conditional configuration

warning: unexpected `cfg` condition value: `bincode`
  --> crates\shakmaty-host-vendored\src\position.rs:76:7
   |
76 | #[cfg(feature = "bincode")]
   |       ^^^^^^^^^^^^^^^^^^^
   |
   = note: expected values for `feature` are: `alloc`, 
`default`, `nohash-hasher`, `serde`, `std`, `uci`, and 
`variant`
   = help: consider adding `bincode` as a feature in 
`Cargo.toml`
   = note: see <https://doc.rust-lang.org/nightly/rustc/check-c
fg/cargo-specifics.html> for more information about checking 
conditional configuration

warning: unexpected `cfg` condition value: `bincode`
  --> crates\shakmaty-host-vendored\src\position.rs:86:7
   |
86 | #[cfg(feature = "bincode")]
   |       ^^^^^^^^^^^^^^^^^^^
   |
   = note: expected values for `feature` are: `alloc`, 
`default`, `nohash-hasher`, `serde`, `std`, `uci`, and 
`variant`
   = help: consider adding `bincode` as a feature in 
`Cargo.toml`
   = note: see <https://doc.rust-lang.org/nightly/rustc/check-c
fg/cargo-specifics.html> for more information about checking 
conditional configuration

warning: unexpected `cfg` condition value: `bincode`
  --> crates\shakmaty-host-vendored\src\position.rs:99:7
   |
99 | #[cfg(feature = "bincode")]
   |       ^^^^^^^^^^^^^^^^^^^
   |
   = note: expected values for `feature` are: `alloc`, 
`default`, `nohash-hasher`, `serde`, `std`, `uci`, and 
`variant`
   = help: consider adding `bincode` as a feature in 
`Cargo.toml`
   = note: see <https://doc.rust-lang.org/nightly/rustc/check-c
fg/cargo-specifics.html> for more information about checking 
conditional configuration

warning: unexpected `cfg` condition value: `arbitrary`
   --> crates\shakmaty-host-vendored\src\position.rs:103:12
    |
103 | #[cfg_attr(feature = "arbitrary", 
derive(arbitrary::Arbitrary))]
    |            ^^^^^^^^^^^^^^^^^^^^^
    |
    = note: expected values for `feature` are: `alloc`, 
`default`, `nohash-hasher`, `serde`, `std`, `uci`, and 
`variant`
    = help: consider adding `arbitrary` as a feature in 
`Cargo.toml`
    = note: see <https://doc.rust-lang.org/nightly/rustc/check-
cfg/cargo-specifics.html> for more information about checking 
conditional configuration

warning: unexpected `cfg` condition value: `bincode`
   --> crates\shakmaty-host-vendored\src\position.rs:190:7
    |
190 | #[cfg(feature = "bincode")]
    |       ^^^^^^^^^^^^^^^^^^^
    |
    = note: expected values for `feature` are: `alloc`, 
`default`, `nohash-hasher`, `serde`, `std`, `uci`, and 
`variant`
    = help: consider adding `bincode` as a feature in 
`Cargo.toml`
    = note: see <https://doc.rust-lang.org/nightly/rustc/check-
cfg/cargo-specifics.html> for more information about checking 
conditional configuration

warning: unexpected `cfg` condition value: `bincode`
   --> crates\shakmaty-host-vendored\src\position.rs:212:7
    |
212 | #[cfg(feature = "bincode")]
    |       ^^^^^^^^^^^^^^^^^^^
    |
    = note: expected values for `feature` are: `alloc`, 
`default`, `nohash-hasher`, `serde`, `std`, `uci`, and 
`variant`
    = help: consider adding `bincode` as a feature in 
`Cargo.toml`
    = note: see <https://doc.rust-lang.org/nightly/rustc/check-
cfg/cargo-specifics.html> for more information about checking 
conditional configuration

warning: unexpected `cfg` condition value: `bincode`
   --> crates\shakmaty-host-vendored\src\position.rs:231:7
    |
231 | #[cfg(feature = "bincode")]
    |       ^^^^^^^^^^^^^^^^^^^
    |
    = note: expected values for `feature` are: `alloc`, 
`default`, `nohash-hasher`, `serde`, `std`, `uci`, and 
`variant`
    = help: consider adding `bincode` as a feature in 
`Cargo.toml`
    = note: see <https://doc.rust-lang.org/nightly/rustc/check-
cfg/cargo-specifics.html> for more information about checking 
conditional configuration

warning: unexpected `cfg` condition value: `arbitrary`
   --> crates\shakmaty-host-vendored\src\position.rs:867:7
    |
867 | #[cfg(feature = "arbitrary")]
    |       ^^^^^^^^^^^^^^^^^^^^^
    |
    = note: expected values for `feature` are: `alloc`, 
`default`, `nohash-hasher`, `serde`, `std`, `uci`, and 
`variant`
    = help: consider adding `arbitrary` as a feature in 
`Cargo.toml`
    = note: see <https://doc.rust-lang.org/nightly/rustc/check-
cfg/cargo-specifics.html> for more information about checking 
conditional configuration

warning: unexpected `cfg` condition value: `arbitrary`
   --> crates\shakmaty-host-vendored\src\position.rs:876:7
    |
876 | #[cfg(feature = "arbitrary")]
    |       ^^^^^^^^^^^^^^^^^^^^^
    |
    = note: expected values for `feature` are: `alloc`, 
`default`, `nohash-hasher`, `serde`, `std`, `uci`, and 
`variant`
    = help: consider adding `arbitrary` as a feature in 
`Cargo.toml`
    = note: see <https://doc.rust-lang.org/nightly/rustc/check-
cfg/cargo-specifics.html> for more information about checking 
conditional configuration

warning: unexpected `cfg` condition value: `arbitrary`
    --> crates\shakmaty-host-vendored\src\position.rs:1066:7
     |
1066 | #[cfg(feature = "arbitrary")]
     |       ^^^^^^^^^^^^^^^^^^^^^
     |
     = note: expected values for `feature` are: `alloc`, 
`default`, `nohash-hasher`, `serde`, `std`, `uci`, and 
`variant`
     = help: consider adding `arbitrary` as a feature in 
`Cargo.toml`
     = note: see <https://doc.rust-lang.org/nightly/rustc/check
-cfg/cargo-specifics.html> for more information about checking 
conditional configuration

warning: unexpected `cfg` condition value: `arbitrary`
  --> crates\shakmaty-host-vendored\src\role.rs:17:12
   |
17 | #[cfg_attr(feature = "arbitrary", 
derive(arbitrary::Arbitrary))]
   |            ^^^^^^^^^^^^^^^^^^^^^
   |
   = note: expected values for `feature` are: `alloc`, 
`default`, `nohash-hasher`, `serde`, `std`, `uci`, and 
`variant`
   = help: consider adding `arbitrary` as a feature in 
`Cargo.toml`
   = note: see <https://doc.rust-lang.org/nightly/rustc/check-c
fg/cargo-specifics.html> for more information about checking 
conditional configuration

warning: unexpected `cfg` condition value: `bincode`
  --> crates\shakmaty-host-vendored\src\role.rs:18:12
   |
18 | #[cfg_attr(feature = "bincode", derive(bincode::Encode, 
bincode::Decode))]
   |            ^^^^^^^^^^^^^^^^^^^
   |
   = note: expected values for `feature` are: `alloc`, 
`default`, `nohash-hasher`, `serde`, `std`, `uci`, and 
`variant`
   = help: consider adding `bincode` as a feature in 
`Cargo.toml`
   = note: see <https://doc.rust-lang.org/nightly/rustc/check-c
fg/cargo-specifics.html> for more information about checking 
conditional configuration

warning: unexpected `cfg` condition value: `arbitrary`
   --> crates\shakmaty-host-vendored\src\role.rs:165:12
    |
165 | #[cfg_attr(feature = "arbitrary", 
derive(arbitrary::Arbitrary))]
    |            ^^^^^^^^^^^^^^^^^^^^^
    |
    = note: expected values for `feature` are: `alloc`, 
`default`, `nohash-hasher`, `serde`, `std`, `uci`, and 
`variant`
    = help: consider adding `arbitrary` as a feature in 
`Cargo.toml`
    = note: see <https://doc.rust-lang.org/nightly/rustc/check-
cfg/cargo-specifics.html> for more information about checking 
conditional configuration

warning: unexpected `cfg` condition value: `bincode`
   --> crates\shakmaty-host-vendored\src\role.rs:166:12
    |
166 | #[cfg_attr(feature = "bincode", derive(bincode::Encode, 
bincode::Decode))]
    |            ^^^^^^^^^^^^^^^^^^^
    |
    = note: expected values for `feature` are: `alloc`, 
`default`, `nohash-hasher`, `serde`, `std`, `uci`, and 
`variant`
    = help: consider adding `bincode` as a feature in 
`Cargo.toml`
    = note: see <https://doc.rust-lang.org/nightly/rustc/check-
cfg/cargo-specifics.html> for more information about checking 
conditional configuration

warning: unexpected `cfg` condition value: `arbitrary`
  --> crates\shakmaty-host-vendored\src\setup.rs:14:12
   |
14 | #[cfg_attr(feature = "arbitrary", 
derive(arbitrary::Arbitrary))]
   |            ^^^^^^^^^^^^^^^^^^^^^
   |
   = note: expected values for `feature` are: `alloc`, 
`default`, `nohash-hasher`, `serde`, `std`, `uci`, and 
`variant`
   = help: consider adding `arbitrary` as a feature in 
`Cargo.toml`
   = note: see <https://doc.rust-lang.org/nightly/rustc/check-c
fg/cargo-specifics.html> for more information about checking 
conditional configuration

warning: unexpected `cfg` condition value: `arbitrary`
  --> crates\shakmaty-host-vendored\src\square.rs:32:12
   |
32 | #[cfg_attr(feature = "arbitrary", 
derive(arbitrary::Arbitrary))]
   |            ^^^^^^^^^^^^^^^^^^^^^
   |
   = note: expected values for `feature` are: `alloc`, 
`default`, `nohash-hasher`, `serde`, `std`, `uci`, and 
`variant`
   = help: consider adding `arbitrary` as a feature in 
`Cargo.toml`
   = note: see <https://doc.rust-lang.org/nightly/rustc/check-c
fg/cargo-specifics.html> for more information about checking 
conditional configuration

warning: unexpected `cfg` condition value: `bincode`
  --> crates\shakmaty-host-vendored\src\square.rs:33:12
   |
33 | #[cfg_attr(feature = "bincode", derive(bincode::Encode, 
bincode::Decode))]
   |            ^^^^^^^^^^^^^^^^^^^
   |
   = note: expected values for `feature` are: `alloc`, 
`default`, `nohash-hasher`, `serde`, `std`, `uci`, and 
`variant`
   = help: consider adding `bincode` as a feature in 
`Cargo.toml`
   = note: see <https://doc.rust-lang.org/nightly/rustc/check-c
fg/cargo-specifics.html> for more information about checking 
conditional configuration

warning: unexpected `cfg` condition value: `arbitrary`
   --> crates\shakmaty-host-vendored\src\square.rs:191:12
    |
191 | #[cfg_attr(feature = "arbitrary", 
derive(arbitrary::Arbitrary))]
    |            ^^^^^^^^^^^^^^^^^^^^^
    |
    = note: expected values for `feature` are: `alloc`, 
`default`, `nohash-hasher`, `serde`, `std`, `uci`, and 
`variant`
    = help: consider adding `arbitrary` as a feature in 
`Cargo.toml`
    = note: see <https://doc.rust-lang.org/nightly/rustc/check-
cfg/cargo-specifics.html> for more information about checking 
conditional configuration

warning: unexpected `cfg` condition value: `bincode`
   --> crates\shakmaty-host-vendored\src\square.rs:192:12
    |
192 | #[cfg_attr(feature = "bincode", derive(bincode::Encode, 
bincode::Decode))]
    |            ^^^^^^^^^^^^^^^^^^^
    |
    = note: expected values for `feature` are: `alloc`, 
`default`, `nohash-hasher`, `serde`, `std`, `uci`, and 
`variant`
    = help: consider adding `bincode` as a feature in 
`Cargo.toml`
    = note: see <https://doc.rust-lang.org/nightly/rustc/check-
cfg/cargo-specifics.html> for more information about checking 
conditional configuration

warning: unexpected `cfg` condition value: `arbitrary`
   --> crates\shakmaty-host-vendored\src\square.rs:349:12
    |
349 | #[cfg_attr(feature = "arbitrary", 
derive(arbitrary::Arbitrary))]
    |            ^^^^^^^^^^^^^^^^^^^^^
    |
    = note: expected values for `feature` are: `alloc`, 
`default`, `nohash-hasher`, `serde`, `std`, `uci`, and 
`variant`
    = help: consider adding `arbitrary` as a feature in 
`Cargo.toml`
    = note: see <https://doc.rust-lang.org/nightly/rustc/check-
cfg/cargo-specifics.html> for more information about checking 
conditional configuration

warning: unexpected `cfg` condition value: `bincode`
   --> crates\shakmaty-host-vendored\src\square.rs:350:12
    |
350 | #[cfg_attr(feature = "bincode", derive(bincode::Encode, 
bincode::Decode))]
    |            ^^^^^^^^^^^^^^^^^^^
    |
    = note: expected values for `feature` are: `alloc`, 
`default`, `nohash-hasher`, `serde`, `std`, `uci`, and 
`variant`
    = help: consider adding `bincode` as a feature in 
`Cargo.toml`
    = note: see <https://doc.rust-lang.org/nightly/rustc/check-
cfg/cargo-specifics.html> for more information about checking 
conditional configuration

warning: unexpected `cfg` condition value: `arbitrary`
  --> crates\shakmaty-host-vendored\src\types.rs:13:12
   |
13 | #[cfg_attr(feature = "arbitrary", 
derive(arbitrary::Arbitrary))]
   |            ^^^^^^^^^^^^^^^^^^^^^
   |
   = note: expected values for `feature` are: `alloc`, 
`default`, `nohash-hasher`, `serde`, `std`, `uci`, and 
`variant`
   = help: consider adding `arbitrary` as a feature in 
`Cargo.toml`
   = note: see <https://doc.rust-lang.org/nightly/rustc/check-c
fg/cargo-specifics.html> for more information about checking 
conditional configuration

warning: unexpected `cfg` condition value: `bincode`
  --> crates\shakmaty-host-vendored\src\types.rs:36:7
   |
36 | #[cfg(feature = "bincode")]
   |       ^^^^^^^^^^^^^^^^^^^
   |
   = note: expected values for `feature` are: `alloc`, 
`default`, `nohash-hasher`, `serde`, `std`, `uci`, and 
`variant`
   = help: consider adding `bincode` as a feature in 
`Cargo.toml`
   = note: see <https://doc.rust-lang.org/nightly/rustc/check-c
fg/cargo-specifics.html> for more information about checking 
conditional configuration

warning: unexpected `cfg` condition value: `bincode`
  --> crates\shakmaty-host-vendored\src\types.rs:63:7
   |
63 | #[cfg(feature = "bincode")]
   |       ^^^^^^^^^^^^^^^^^^^
   |
   = note: expected values for `feature` are: `alloc`, 
`default`, `nohash-hasher`, `serde`, `std`, `uci`, and 
`variant`
   = help: consider adding `bincode` as a feature in 
`Cargo.toml`
   = note: see <https://doc.rust-lang.org/nightly/rustc/check-c
fg/cargo-specifics.html> for more information about checking 
conditional configuration

warning: unexpected `cfg` condition value: `bincode`
  --> crates\shakmaty-host-vendored\src\types.rs:85:7
   |
85 | #[cfg(feature = "bincode")]
   |       ^^^^^^^^^^^^^^^^^^^
   |
   = note: expected values for `feature` are: `alloc`, 
`default`, `nohash-hasher`, `serde`, `std`, `uci`, and 
`variant`
   = help: consider adding `bincode` as a feature in 
`Cargo.toml`
   = note: see <https://doc.rust-lang.org/nightly/rustc/check-c
fg/cargo-specifics.html> for more information about checking 
conditional configuration

warning: unexpected `cfg` condition value: `arbitrary`
  --> crates\shakmaty-host-vendored\src\types.rs:90:12
   |
90 | #[cfg_attr(feature = "arbitrary", 
derive(arbitrary::Arbitrary))]
   |            ^^^^^^^^^^^^^^^^^^^^^
   |
   = note: expected values for `feature` are: `alloc`, 
`default`, `nohash-hasher`, `serde`, `std`, `uci`, and 
`variant`
   = help: consider adding `arbitrary` as a feature in 
`Cargo.toml`
   = note: see <https://doc.rust-lang.org/nightly/rustc/check-c
fg/cargo-specifics.html> for more information about checking 
conditional configuration

warning: unexpected `cfg` condition value: `arbitrary`
   --> crates\shakmaty-host-vendored\src\types.rs:143:12
    |
143 | #[cfg_attr(feature = "arbitrary", 
derive(arbitrary::Arbitrary))]
    |            ^^^^^^^^^^^^^^^^^^^^^
    |
    = note: expected values for `feature` are: `alloc`, 
`default`, `nohash-hasher`, `serde`, `std`, `uci`, and 
`variant`
    = help: consider adding `arbitrary` as a feature in 
`Cargo.toml`
    = note: see <https://doc.rust-lang.org/nightly/rustc/check-
cfg/cargo-specifics.html> for more information about checking 
conditional configuration

warning: unexpected `cfg` condition value: `arbitrary`
   --> crates\shakmaty-host-vendored\src\types.rs:221:7
    |
221 | #[cfg(feature = "arbitrary")]
    |       ^^^^^^^^^^^^^^^^^^^^^
    |
    = note: expected values for `feature` are: `alloc`, 
`default`, `nohash-hasher`, `serde`, `std`, `uci`, and 
`variant`
    = help: consider adding `arbitrary` as a feature in 
`Cargo.toml`
    = note: see <https://doc.rust-lang.org/nightly/rustc/check-
cfg/cargo-specifics.html> for more information about checking 
conditional configuration

warning: unexpected `cfg` condition value: `bincode`
   --> crates\shakmaty-host-vendored\src\types.rs:281:7
    |
281 | #[cfg(feature = "bincode")]
    |       ^^^^^^^^^^^^^^^^^^^
    |
    = note: expected values for `feature` are: `alloc`, 
`default`, `nohash-hasher`, `serde`, `std`, `uci`, and 
`variant`
    = help: consider adding `bincode` as a feature in 
`Cargo.toml`
    = note: see <https://doc.rust-lang.org/nightly/rustc/check-
cfg/cargo-specifics.html> for more information about checking 
conditional configuration

warning: unexpected `cfg` condition value: `bincode`
   --> crates\shakmaty-host-vendored\src\types.rs:291:7
    |
291 | #[cfg(feature = "bincode")]
    |       ^^^^^^^^^^^^^^^^^^^
    |
    = note: expected values for `feature` are: `alloc`, 
`default`, `nohash-hasher`, `serde`, `std`, `uci`, and 
`variant`
    = help: consider adding `bincode` as a feature in 
`Cargo.toml`
    = note: see <https://doc.rust-lang.org/nightly/rustc/check-
cfg/cargo-specifics.html> for more information about checking 
conditional configuration

warning: unexpected `cfg` condition value: `bincode`
   --> crates\shakmaty-host-vendored\src\types.rs:301:7
    |
301 | #[cfg(feature = "bincode")]
    |       ^^^^^^^^^^^^^^^^^^^
    |
    = note: expected values for `feature` are: `alloc`, 
`default`, `nohash-hasher`, `serde`, `std`, `uci`, and 
`variant`
    = help: consider adding `bincode` as a feature in 
`Cargo.toml`
    = note: see <https://doc.rust-lang.org/nightly/rustc/check-
cfg/cargo-specifics.html> for more information about checking 
conditional configuration

warning: unexpected `cfg` condition value: `arbitrary`
  --> crates\shakmaty-host-vendored\src\bitboard.rs:25:12
   |
25 | #[cfg_attr(feature = "arbitrary", 
derive(arbitrary::Arbitrary))]
   |            ^^^^^^^^^^^^^^^^^^^^^
   |
   = note: expected values for `feature` are: `alloc`, 
`default`, `nohash-hasher`, `serde`, `std`, `uci`, and 
`variant`
   = help: consider adding `arbitrary` as a feature in 
`Cargo.toml`
   = note: see <https://doc.rust-lang.org/nightly/rustc/check-c
fg/cargo-specifics.html> for more information about checking 
conditional configuration

warning: unexpected `cfg` condition value: `bincode`
    --> crates\shakmaty-host-vendored\src\bitboard.rs:1189:7
     |
1189 | #[cfg(feature = "bincode")]
     |       ^^^^^^^^^^^^^^^^^^^
     |
     = note: expected values for `feature` are: `alloc`, 
`default`, `nohash-hasher`, `serde`, `std`, `uci`, and 
`variant`
     = help: consider adding `bincode` as a feature in 
`Cargo.toml`
     = note: see <https://doc.rust-lang.org/nightly/rustc/check
-cfg/cargo-specifics.html> for more information about checking 
conditional configuration

warning: unexpected `cfg` condition value: `bincode`
    --> crates\shakmaty-host-vendored\src\bitboard.rs:1199:7
     |
1199 | #[cfg(feature = "bincode")]
     |       ^^^^^^^^^^^^^^^^^^^
     |
     = note: expected values for `feature` are: `alloc`, 
`default`, `nohash-hasher`, `serde`, `std`, `uci`, and 
`variant`
     = help: consider adding `bincode` as a feature in 
`Cargo.toml`
     = note: see <https://doc.rust-lang.org/nightly/rustc/check
-cfg/cargo-specifics.html> for more information about checking 
conditional configuration

warning: unexpected `cfg` condition value: `bincode`
    --> crates\shakmaty-host-vendored\src\bitboard.rs:1209:7
     |
1209 | #[cfg(feature = "bincode")]
     |       ^^^^^^^^^^^^^^^^^^^
     |
     = note: expected values for `feature` are: `alloc`, 
`default`, `nohash-hasher`, `serde`, `std`, `uci`, and 
`variant`
     = help: consider adding `bincode` as a feature in 
`Cargo.toml`
     = note: see <https://doc.rust-lang.org/nightly/rustc/check
-cfg/cargo-specifics.html> for more information about checking 
conditional configuration

warning: unexpected `cfg` condition value: `bincode`
   --> crates\shakmaty-host-vendored\src\board.rs:548:7
    |
548 | #[cfg(feature = "bincode")]
    |       ^^^^^^^^^^^^^^^^^^^
    |
    = note: expected values for `feature` are: `alloc`, 
`default`, `nohash-hasher`, `serde`, `std`, `uci`, and 
`variant`
    = help: consider adding `bincode` as a feature in 
`Cargo.toml`
    = note: see <https://doc.rust-lang.org/nightly/rustc/check-
cfg/cargo-specifics.html> for more information about checking 
conditional configuration

warning: unexpected `cfg` condition value: `bincode`
   --> crates\shakmaty-host-vendored\src\board.rs:563:7
    |
563 | #[cfg(feature = "bincode")]
    |       ^^^^^^^^^^^^^^^^^^^
    |
    = note: expected values for `feature` are: `alloc`, 
`default`, `nohash-hasher`, `serde`, `std`, `uci`, and 
`variant`
    = help: consider adding `bincode` as a feature in 
`Cargo.toml`
    = note: see <https://doc.rust-lang.org/nightly/rustc/check-
cfg/cargo-specifics.html> for more information about checking 
conditional configuration

warning: unexpected `cfg` condition value: `bincode`
   --> crates\shakmaty-host-vendored\src\board.rs:584:7
    |
584 | #[cfg(feature = "bincode")]
    |       ^^^^^^^^^^^^^^^^^^^
    |
    = note: expected values for `feature` are: `alloc`, 
`default`, `nohash-hasher`, `serde`, `std`, `uci`, and 
`variant`
    = help: consider adding `bincode` as a feature in 
`Cargo.toml`
    = note: see <https://doc.rust-lang.org/nightly/rustc/check-
cfg/cargo-specifics.html> for more information about checking 
conditional configuration

warning: unexpected `cfg` condition value: `arbitrary`
   --> crates\shakmaty-host-vendored\src\board.rs:710:7
    |
710 | #[cfg(feature = "arbitrary")]
    |       ^^^^^^^^^^^^^^^^^^^^^
    |
    = note: expected values for `feature` are: `alloc`, 
`default`, `nohash-hasher`, `serde`, `std`, `uci`, and 
`variant`
    = help: consider adding `arbitrary` as a feature in 
`Cargo.toml`
    = note: see <https://doc.rust-lang.org/nightly/rustc/check-
cfg/cargo-specifics.html> for more information about checking 
conditional configuration

warning: unexpected `cfg` condition value: `bincode`
   --> crates\shakmaty-host-vendored\src\packed.rs:556:7
    |
556 | #[cfg(feature = "bincode")]
    |       ^^^^^^^^^^^^^^^^^^^
    |
    = note: expected values for `feature` are: `alloc`, 
`default`, `nohash-hasher`, `serde`, `std`, `uci`, and 
`variant`
    = help: consider adding `bincode` as a feature in 
`Cargo.toml`
    = note: see <https://doc.rust-lang.org/nightly/rustc/check-
cfg/cargo-specifics.html> for more information about checking 
conditional configuration

warning: unexpected `cfg` condition value: `bincode`
   --> crates\shakmaty-host-vendored\src\packed.rs:570:7
    |
570 | #[cfg(feature = "bincode")]
    |       ^^^^^^^^^^^^^^^^^^^
    |
    = note: expected values for `feature` are: `alloc`, 
`default`, `nohash-hasher`, `serde`, `std`, `uci`, and 
`variant`
    = help: consider adding `bincode` as a feature in 
`Cargo.toml`
    = note: see <https://doc.rust-lang.org/nightly/rustc/check-
cfg/cargo-specifics.html> for more information about checking 
conditional configuration

warning: unexpected `cfg` condition value: `bincode`
   --> crates\shakmaty-host-vendored\src\packed.rs:591:7
    |
591 | #[cfg(feature = "bincode")]
    |       ^^^^^^^^^^^^^^^^^^^
    |
    = note: expected values for `feature` are: `alloc`, 
`default`, `nohash-hasher`, `serde`, `std`, `uci`, and 
`variant`
    = help: consider adding `bincode` as a feature in 
`Cargo.toml`
    = note: see <https://doc.rust-lang.org/nightly/rustc/check-
cfg/cargo-specifics.html> for more information about checking 
conditional configuration

warning: unexpected `cfg` condition value: `bincode`
   --> crates\shakmaty-host-vendored\src\packed.rs:628:12
    |
628 | #[cfg_attr(feature = "bincode", derive(bincode::Encode, 
bincode::Decode))]
    |            ^^^^^^^^^^^^^^^^^^^
    |
    = note: expected values for `feature` are: `alloc`, 
`default`, `nohash-hasher`, `serde`, `std`, `uci`, and 
`variant`
    = help: consider adding `bincode` as a feature in 
`Cargo.toml`
    = note: see <https://doc.rust-lang.org/nightly/rustc/check-
cfg/cargo-specifics.html> for more information about checking 
conditional configuration

warning: unexpected `cfg` condition value: `arbitrary`
   --> crates\shakmaty-host-vendored\src\packed.rs:761:7
    |
761 | #[cfg(feature = "arbitrary")]
    |       ^^^^^^^^^^^^^^^^^^^^^
    |
    = note: expected values for `feature` are: `alloc`, 
`default`, `nohash-hasher`, `serde`, `std`, `uci`, and 
`variant`
    = help: consider adding `arbitrary` as a feature in 
`Cargo.toml`
    = note: see <https://doc.rust-lang.org/nightly/rustc/check-
cfg/cargo-specifics.html> for more information about checking 
conditional configuration

warning: unexpected `cfg` condition value: `arbitrary`
  --> crates\shakmaty-host-vendored\src\san.rs:95:12
   |
95 | #[cfg_attr(feature = "arbitrary", 
derive(arbitrary::Arbitrary))]
   |            ^^^^^^^^^^^^^^^^^^^^^
   |
   = note: expected values for `feature` are: `alloc`, 
`default`, `nohash-hasher`, `serde`, `std`, `uci`, and 
`variant`
   = help: consider adding `arbitrary` as a feature in 
`Cargo.toml`
   = note: see <https://doc.rust-lang.org/nightly/rustc/check-c
fg/cargo-specifics.html> for more information about checking 
conditional configuration

warning: unexpected `cfg` condition value: `arbitrary`
   --> crates\shakmaty-host-vendored\src\san.rs:513:12
    |
513 | #[cfg_attr(feature = "arbitrary", 
derive(arbitrary::Arbitrary))]
    |            ^^^^^^^^^^^^^^^^^^^^^
    |
    = note: expected values for `feature` are: `alloc`, 
`default`, `nohash-hasher`, `serde`, `std`, `uci`, and 
`variant`
    = help: consider adding `arbitrary` as a feature in 
`Cargo.toml`
    = note: see <https://doc.rust-lang.org/nightly/rustc/check-
cfg/cargo-specifics.html> for more information about checking 
conditional configuration

warning: unexpected `cfg` condition value: `bincode`
   --> crates\shakmaty-host-vendored\src\san.rs:514:12
    |
514 | #[cfg_attr(feature = "bincode", derive(bincode::Encode, 
bincode::Decode))]
    |            ^^^^^^^^^^^^^^^^^^^
    |
    = note: expected values for `feature` are: `alloc`, 
`default`, `nohash-hasher`, `serde`, `std`, `uci`, and 
`variant`
    = help: consider adding `bincode` as a feature in 
`Cargo.toml`
    = note: see <https://doc.rust-lang.org/nightly/rustc/check-
cfg/cargo-specifics.html> for more information about checking 
conditional configuration

warning: unexpected `cfg` condition value: `arbitrary`
   --> crates\shakmaty-host-vendored\src\san.rs:555:12
    |
555 | #[cfg_attr(feature = "arbitrary", 
derive(arbitrary::Arbitrary))]
    |            ^^^^^^^^^^^^^^^^^^^^^
    |
    = note: expected values for `feature` are: `alloc`, 
`default`, `nohash-hasher`, `serde`, `std`, `uci`, and 
`variant`
    = help: consider adding `arbitrary` as a feature in 
`Cargo.toml`
    = note: see <https://doc.rust-lang.org/nightly/rustc/check-
cfg/cargo-specifics.html> for more information about checking 
conditional configuration

warning: unexpected `cfg` condition value: `arbitrary`
  --> crates\shakmaty-host-vendored\src\uci.rs:96:12
   |
96 | #[cfg_attr(feature = "arbitrary", 
derive(arbitrary::Arbitrary))]
   |            ^^^^^^^^^^^^^^^^^^^^^
   |
   = note: expected values for `feature` are: `alloc`, 
`default`, `nohash-hasher`, `serde`, `std`, `uci`, and 
`variant`
   = help: consider adding `arbitrary` as a feature in 
`Cargo.toml`
   = note: see <https://doc.rust-lang.org/nightly/rustc/check-c
fg/cargo-specifics.html> for more information about checking 
conditional configuration

warning: unexpected `cfg` condition value: `bincode`
   --> crates\shakmaty-host-vendored\src\uci.rs:487:7
    |
487 | #[cfg(feature = "bincode")]
    |       ^^^^^^^^^^^^^^^^^^^
    |
    = note: expected values for `feature` are: `alloc`, 
`default`, `nohash-hasher`, `serde`, `std`, `uci`, and 
`variant`
    = help: consider adding `bincode` as a feature in 
`Cargo.toml`
    = note: see <https://doc.rust-lang.org/nightly/rustc/check-
cfg/cargo-specifics.html> for more information about checking 
conditional configuration

warning: unexpected `cfg` condition value: `bincode`
   --> crates\shakmaty-host-vendored\src\uci.rs:497:7
    |
497 | #[cfg(feature = "bincode")]
    |       ^^^^^^^^^^^^^^^^^^^
    |
    = note: expected values for `feature` are: `alloc`, 
`default`, `nohash-hasher`, `serde`, `std`, `uci`, and 
`variant`
    = help: consider adding `bincode` as a feature in 
`Cargo.toml`
    = note: see <https://doc.rust-lang.org/nightly/rustc/check-
cfg/cargo-specifics.html> for more information about checking 
conditional configuration

warning: unexpected `cfg` condition value: `bincode`
   --> crates\shakmaty-host-vendored\src\uci.rs:507:7
    |
507 | #[cfg(feature = "bincode")]
    |       ^^^^^^^^^^^^^^^^^^^
    |
    = note: expected values for `feature` are: `alloc`, 
`default`, `nohash-hasher`, `serde`, `std`, `uci`, and 
`variant`
    = help: consider adding `bincode` as a feature in 
`Cargo.toml`
    = note: see <https://doc.rust-lang.org/nightly/rustc/check-
cfg/cargo-specifics.html> for more information about checking 
conditional configuration

warning: unexpected `cfg` condition value: `arbitrary`
    --> crates\shakmaty-host-vendored\src\zobrist.rs:51:20
     |
51   |         #[cfg_attr(feature = "arbitrary", 
derive(arbitrary::Arbitrary))]
     |                    ^^^^^^^^^^^^^^^^^^^^^
...
1209 | zobrist_value_impl! { Zobrist8, u8, 8 }
     | --------------------------------------- in this macro 
invocation
     |
     = note: expected values for `feature` are: `alloc`, 
`default`, `nohash-hasher`, `serde`, `std`, `uci`, and 
`variant`
     = help: consider adding `arbitrary` as a feature in 
`Cargo.toml`
     = note: see <https://doc.rust-lang.org/nightly/rustc/check
-cfg/cargo-specifics.html> for more information about checking 
conditional configuration
     = note: this warning originates in the macro 
`zobrist_value_impl` (in Nightly builds, run with -Z 
macro-backtrace for more info)

warning: unexpected `cfg` condition value: `arbitrary`
    --> crates\shakmaty-host-vendored\src\zobrist.rs:51:20
     |
51   |         #[cfg_attr(feature = "arbitrary", 
derive(arbitrary::Arbitrary))]
     |                    ^^^^^^^^^^^^^^^^^^^^^
...
1210 | zobrist_value_impl! { Zobrist16, u16, 16 }
     | ------------------------------------------ in this 
macro invocation
     |
     = note: expected values for `feature` are: `alloc`, 
`default`, `nohash-hasher`, `serde`, `std`, `uci`, and 
`variant`
     = help: consider adding `arbitrary` as a feature in 
`Cargo.toml`
     = note: see <https://doc.rust-lang.org/nightly/rustc/check
-cfg/cargo-specifics.html> for more information about checking 
conditional configuration
     = note: this warning originates in the macro 
`zobrist_value_impl` (in Nightly builds, run with -Z 
macro-backtrace for more info)

warning: unexpected `cfg` condition value: `arbitrary`
    --> crates\shakmaty-host-vendored\src\zobrist.rs:51:20
     |
51   |         #[cfg_attr(feature = "arbitrary", 
derive(arbitrary::Arbitrary))]
     |                    ^^^^^^^^^^^^^^^^^^^^^
...
1211 | zobrist_value_impl! { Zobrist32, u32, 32 }
     | ------------------------------------------ in this 
macro invocation
     |
     = note: expected values for `feature` are: `alloc`, 
`default`, `nohash-hasher`, `serde`, `std`, `uci`, and 
`variant`
     = help: consider adding `arbitrary` as a feature in 
`Cargo.toml`
     = note: see <https://doc.rust-lang.org/nightly/rustc/check
-cfg/cargo-specifics.html> for more information about checking 
conditional configuration
     = note: this warning originates in the macro 
`zobrist_value_impl` (in Nightly builds, run with -Z 
macro-backtrace for more info)

warning: unexpected `cfg` condition value: `arbitrary`
    --> crates\shakmaty-host-vendored\src\zobrist.rs:51:20
     |
51   |         #[cfg_attr(feature = "arbitrary", 
derive(arbitrary::Arbitrary))]
     |                    ^^^^^^^^^^^^^^^^^^^^^
...
1212 | zobrist_value_impl! { Zobrist64, u64, 64 }
     | ------------------------------------------ in this 
macro invocation
     |
     = note: expected values for `feature` are: `alloc`, 
`default`, `nohash-hasher`, `serde`, `std`, `uci`, and 
`variant`
     = help: consider adding `arbitrary` as a feature in 
`Cargo.toml`
     = note: see <https://doc.rust-lang.org/nightly/rustc/check
-cfg/cargo-specifics.html> for more information about checking 
conditional configuration
     = note: this warning originates in the macro 
`zobrist_value_impl` (in Nightly builds, run with -Z 
macro-backtrace for more info)

warning: unexpected `cfg` condition value: `arbitrary`
    --> crates\shakmaty-host-vendored\src\zobrist.rs:51:20
     |
51   |         #[cfg_attr(feature = "arbitrary", 
derive(arbitrary::Arbitrary))]
     |                    ^^^^^^^^^^^^^^^^^^^^^
...
1213 | zobrist_value_impl! { Zobrist128, u128, 128 }
     | --------------------------------------------- in this 
macro invocation
     |
     = note: expected values for `feature` are: `alloc`, 
`default`, `nohash-hasher`, `serde`, `std`, `uci`, and 
`variant`
     = help: consider adding `arbitrary` as a feature in 
`Cargo.toml`
     = note: see <https://doc.rust-lang.org/nightly/rustc/check
-cfg/cargo-specifics.html> for more information about checking 
conditional configuration
     = note: this warning originates in the macro 
`zobrist_value_impl` (in Nightly builds, run with -Z 
macro-backtrace for more info)

warning: unexpected `cfg` condition value: `no-entrypoint`
   --> programs\xfchess-game\src\lib.rs:107:1
    |
107 | #[program]
    | ^^^^^^^^^^
    |
    = note: expected values for `feature` are: 
`chess-logic-on-chain`, `default`, `idl-build`, and 
`move-validation`
    = note: using a cfg inside a attribute macro will use the 
cfgs from the destination crate and not the ones from the 
defining crate
    = help: try referring to `program` crate for guidance on 
how handle this unexpected cfg
    = help: the attribute macro `program` may come from an old 
version of the `anchor_attribute_program` crate, try updating 
your dependency with `cargo update -p anchor_attribute_program`
    = note: see <https://doc.rust-lang.org/nightly/rustc/check-
cfg/cargo-specifics.html> for more information about checking 
conditional configuration
    = note: `#[warn(unexpected_cfgs)]` on by default
    = note: this warning originates in the attribute macro 
`program` (in Nightly builds, run with -Z macro-backtrace for 
more info)

warning: unexpected `cfg` condition value: `cpi`
   --> programs\xfchess-game\src\lib.rs:107:1
    |
107 | #[program]
    | ^^^^^^^^^^
    |
    = note: expected values for `feature` are: 
`chess-logic-on-chain`, `default`, `idl-build`, and 
`move-validation`
    = note: using a cfg inside a attribute macro will use the 
cfgs from the destination crate and not the ones from the 
defining crate
    = help: try referring to `program` crate for guidance on 
how handle this unexpected cfg
    = help: the attribute macro `program` may come from an old 
version of the `anchor_attribute_program` crate, try updating 
your dependency with `cargo update -p anchor_attribute_program`
    = note: see <https://doc.rust-lang.org/nightly/rustc/check-
cfg/cargo-specifics.html> for more information about checking 
conditional configuration
    = note: this warning originates in the attribute macro 
`program` (in Nightly builds, run with -Z macro-backtrace for 
more info)

warning: unexpected `cfg` condition value: `custom-heap`
   --> programs\xfchess-game\src\lib.rs:107:1
    |
107 | #[program]
    | ^^^^^^^^^^
    |
    = note: expected values for `feature` are: 
`chess-logic-on-chain`, `default`, `idl-build`, and 
`move-validation`
    = note: using a cfg inside a macro will use the cfgs from 
the destination crate and not the ones from the defining crate
    = help: try referring to `$crate::custom_heap_default` 
crate for guidance on how handle this unexpected cfg
    = help: the macro `$crate::custom_heap_default` may come 
from an old version of the `solana_program_entrypoint` crate, 
try updating your dependency with `cargo update -p 
solana_program_entrypoint`
    = note: see <https://doc.rust-lang.org/nightly/rustc/check-
cfg/cargo-specifics.html> for more information about checking 
conditional configuration
    = note: this warning originates in the macro 
`$crate::custom_heap_default` which comes from the expansion 
of the attribute macro `program` (in Nightly builds, run with 
-Z macro-backtrace for more info)

warning: unexpected `cfg` condition value: `custom-panic`
   --> programs\xfchess-game\src\lib.rs:107:1
    |
107 | #[program]
    | ^^^^^^^^^^
    |
    = note: expected values for `feature` are: 
`chess-logic-on-chain`, `default`, `idl-build`, and 
`move-validation`
    = note: using a cfg inside a macro will use the cfgs from 
the destination crate and not the ones from the defining crate
    = help: try referring to `$crate::custom_panic_default` 
crate for guidance on how handle this unexpected cfg
    = help: the macro `$crate::custom_panic_default` may come 
from an old version of the `solana_program_entrypoint` crate, 
try updating your dependency with `cargo update -p 
solana_program_entrypoint`
    = note: see <https://doc.rust-lang.org/nightly/rustc/check-
cfg/cargo-specifics.html> for more information about checking 
conditional configuration
    = note: this warning originates in the macro 
`$crate::custom_panic_default` which comes from the expansion 
of the attribute macro `program` (in Nightly builds, run with 
-Z macro-backtrace for more info)

warning: unexpected `cfg` condition value: `anchor-debug`
 --> programs\xfchess-game\src\account_ix\profile.rs:5:10
  |
5 | #[derive(Accounts)]
  |          ^^^^^^^^
  |
  = note: expected values for `feature` are: 
`chess-logic-on-chain`, `default`, `idl-build`, and 
`move-validation`
  = note: using a cfg inside a derive macro will use the cfgs 
from the destination crate and not the ones from the defining 
crate
  = help: try referring to `Accounts` crate for guidance on 
how handle this unexpected cfg
  = help: the derive macro `Accounts` may come from an old 
version of the `anchor_derive_accounts` crate, try updating 
your dependency with `cargo update -p anchor_derive_accounts`
  = note: see <https://doc.rust-lang.org/nightly/rustc/check-cf
g/cargo-specifics.html> for more information about checking 
conditional configuration
  = note: this warning originates in the derive macro 
`Accounts` (in Nightly builds, run with -Z macro-backtrace for 
more info)

warning: unexpected `cfg` condition value: `anchor-debug`
 --> programs\xfchess-game\src\account_ix\set_username.rs:5:10
  |
5 | #[derive(Accounts)]
  |          ^^^^^^^^
  |
  = note: expected values for `feature` are: 
`chess-logic-on-chain`, `default`, `idl-build`, and 
`move-validation`
  = note: using a cfg inside a derive macro will use the cfgs 
from the destination crate and not the ones from the defining 
crate
  = help: try referring to `Accounts` crate for guidance on 
how handle this unexpected cfg
  = help: the derive macro `Accounts` may come from an old 
version of the `anchor_derive_accounts` crate, try updating 
your dependency with `cargo update -p anchor_derive_accounts`
  = note: see <https://doc.rust-lang.org/nightly/rustc/check-cf
g/cargo-specifics.html> for more information about checking 
conditional configuration
  = note: this warning originates in the derive macro 
`Accounts` (in Nightly builds, run with -Z macro-backtrace for 
more info)

warning: unexpected `cfg` condition value: `anchor-debug`
 --> programs\xfchess-game\src\account_ix\withdraw.rs:7:10
  |
7 | #[derive(Accounts)]
  |          ^^^^^^^^
  |
  = note: expected values for `feature` are: 
`chess-logic-on-chain`, `default`, `idl-build`, and 
`move-validation`
  = note: using a cfg inside a derive macro will use the cfgs 
from the destination crate and not the ones from the defining 
crate
  = help: try referring to `Accounts` crate for guidance on 
how handle this unexpected cfg
  = help: the derive macro `Accounts` may come from an old 
version of the `anchor_derive_accounts` crate, try updating 
your dependency with `cargo update -p anchor_derive_accounts`
  = note: see <https://doc.rust-lang.org/nightly/rustc/check-cf
g/cargo-specifics.html> for more information about checking 
conditional configuration
  = note: this warning originates in the derive macro 
`Accounts` (in Nightly builds, run with -Z macro-backtrace for 
more info)

warning: unused import: 
`ephemeral_rollups_sdk::consts::DELEGATION_PROGRAM_ID`
 --> programs\xfchess-game\src\delegation_ix\delegate.rs:8:9
  |
8 |     use 
ephemeral_rollups_sdk::consts::DELEGATION_PROGRAM_ID;
  |         
^^^^^^^^^^^^^^^^^^^^^^^^^^^^^^^^^^^^^^^^^^^^^^^^^^^^
  |
  = note: `#[warn(unused_imports)]` on by default

warning: unexpected `cfg` condition value: `anchor-debug`
  --> programs\xfchess-game\src\delegation_ix\delegate.rs:84:14
   |
84 |     #[derive(Accounts)]
   |              ^^^^^^^^
   |
   = note: expected values for `feature` are: 
`chess-logic-on-chain`, `default`, `idl-build`, and 
`move-validation`
   = note: using a cfg inside a derive macro will use the cfgs 
from the destination crate and not the ones from the defining 
crate
   = help: try referring to `Accounts` crate for guidance on 
how handle this unexpected cfg
   = help: the derive macro `Accounts` may come from an old 
version of the `anchor_derive_accounts` crate, try updating 
your dependency with `cargo update -p anchor_derive_accounts`
   = note: see <https://doc.rust-lang.org/nightly/rustc/check-c
fg/cargo-specifics.html> for more information about checking 
conditional configuration
   = note: this warning originates in the derive macro 
`Accounts` (in Nightly builds, run with -Z macro-backtrace for 
more info)

warning: unexpected `cfg` condition value: `anchor-debug`
   --> 
programs\xfchess-game\src\delegation_ix\delegate.rs:138:14
    |
138 |     #[derive(Accounts)]
    |              ^^^^^^^^
    |
    = note: expected values for `feature` are: 
`chess-logic-on-chain`, `default`, `idl-build`, and 
`move-validation`
    = note: using a cfg inside a derive macro will use the 
cfgs from the destination crate and not the ones from the 
defining crate
    = help: try referring to `Accounts` crate for guidance on 
how handle this unexpected cfg
    = help: the derive macro `Accounts` may come from an old 
version of the `anchor_derive_accounts` crate, try updating 
your dependency with `cargo update -p anchor_derive_accounts`
    = note: see <https://doc.rust-lang.org/nightly/rustc/check-
cfg/cargo-specifics.html> for more information about checking 
conditional configuration
    = note: this warning originates in the derive macro 
`Accounts` (in Nightly builds, run with -Z macro-backtrace for 
more info)

warning: unused import: `GameStatus`
 --> programs\xfchess-game\src\delegation_ix\session.rs:2:26
  |
2 | use crate::state::{Game, GameStatus, SessionDelegation};
  |                          ^^^^^^^^^^

warning: unexpected `cfg` condition value: `anchor-debug`
  --> programs\xfchess-game\src\delegation_ix\session.rs:49:10
   |
49 | #[derive(Accounts)]
   |          ^^^^^^^^
   |
   = note: expected values for `feature` are: 
`chess-logic-on-chain`, `default`, `idl-build`, and 
`move-validation`
   = note: using a cfg inside a derive macro will use the cfgs 
from the destination crate and not the ones from the defining 
crate
   = help: try referring to `Accounts` crate for guidance on 
how handle this unexpected cfg
   = help: the derive macro `Accounts` may come from an old 
version of the `anchor_derive_accounts` crate, try updating 
your dependency with `cargo update -p anchor_derive_accounts`
   = note: see <https://doc.rust-lang.org/nightly/rustc/check-c
fg/cargo-specifics.html> for more information about checking 
conditional configuration
   = note: this warning originates in the derive macro 
`Accounts` (in Nightly builds, run with -Z macro-backtrace for 
more info)

warning: unexpected `cfg` condition value: `anchor-debug`
  --> programs\xfchess-game\src\delegation_ix\session.rs:74:10
   |
74 | #[derive(Accounts)]
   |          ^^^^^^^^
   |
   = note: expected values for `feature` are: 
`chess-logic-on-chain`, `default`, `idl-build`, and 
`move-validation`
   = note: using a cfg inside a derive macro will use the cfgs 
from the destination crate and not the ones from the defining 
crate
   = help: try referring to `Accounts` crate for guidance on 
how handle this unexpected cfg
   = help: the derive macro `Accounts` may come from an old 
version of the `anchor_derive_accounts` crate, try updating 
your dependency with `cargo update -p anchor_derive_accounts`
   = note: see <https://doc.rust-lang.org/nightly/rustc/check-c
fg/cargo-specifics.html> for more information about checking 
conditional configuration
   = note: this warning originates in the derive macro 
`Accounts` (in Nightly builds, run with -Z macro-backtrace for 
more info)

warning: unexpected `cfg` condition value: `anchor-debug`
 --> 
programs\xfchess-game\src\delegation_ix\undelegation.rs:3:10
  |
3 | #[derive(Accounts)]
  |          ^^^^^^^^
  |
  = note: expected values for `feature` are: 
`chess-logic-on-chain`, `default`, `idl-build`, and 
`move-validation`
  = note: using a cfg inside a derive macro will use the cfgs 
from the destination crate and not the ones from the defining 
crate
  = help: try referring to `Accounts` crate for guidance on 
how handle this unexpected cfg
  = help: the derive macro `Accounts` may come from an old 
version of the `anchor_derive_accounts` crate, try updating 
your dependency with `cargo update -p anchor_derive_accounts`
  = note: see <https://doc.rust-lang.org/nightly/rustc/check-cf
g/cargo-specifics.html> for more information about checking 
conditional configuration
  = note: this warning originates in the derive macro 
`Accounts` (in Nightly builds, run with -Z macro-backtrace for 
more info)

warning: unexpected `cfg` condition value: `anchor-debug`
 --> programs\xfchess-game\src\game_ix\cancel.rs:6:10
  |
6 | #[derive(Accounts)]
  |          ^^^^^^^^
  |
  = note: expected values for `feature` are: 
`chess-logic-on-chain`, `default`, `idl-build`, and 
`move-validation`
  = note: using a cfg inside a derive macro will use the cfgs 
from the destination crate and not the ones from the defining 
crate
  = help: try referring to `Accounts` crate for guidance on 
how handle this unexpected cfg
  = help: the derive macro `Accounts` may come from an old 
version of the `anchor_derive_accounts` crate, try updating 
your dependency with `cargo update -p anchor_derive_accounts`
  = note: see <https://doc.rust-lang.org/nightly/rustc/check-cf
g/cargo-specifics.html> for more information about checking 
conditional configuration
  = note: this warning originates in the derive macro 
`Accounts` (in Nightly builds, run with -Z macro-backtrace for 
more info)

warning: unexpected `cfg` condition value: `anchor-debug`
 --> programs\xfchess-game\src\game_ix\create.rs:7:10
  |
7 | #[derive(Accounts)]
  |          ^^^^^^^^
  |
  = note: expected values for `feature` are: 
`chess-logic-on-chain`, `default`, `idl-build`, and 
`move-validation`
  = note: using a cfg inside a derive macro will use the cfgs 
from the destination crate and not the ones from the defining 
crate
  = help: try referring to `Accounts` crate for guidance on 
how handle this unexpected cfg
  = help: the derive macro `Accounts` may come from an old 
version of the `anchor_derive_accounts` crate, try updating 
your dependency with `cargo update -p anchor_derive_accounts`
  = note: see <https://doc.rust-lang.org/nightly/rustc/check-cf
g/cargo-specifics.html> for more information about checking 
conditional configuration
  = note: this warning originates in the derive macro 
`Accounts` (in Nightly builds, run with -Z macro-backtrace for 
more info)

warning: unexpected `cfg` condition value: `anchor-debug`
 --> programs\xfchess-game\src\game_ix\finalize.rs:6:10
  |
6 | #[derive(Accounts)]
  |          ^^^^^^^^
  |
  = note: expected values for `feature` are: 
`chess-logic-on-chain`, `default`, `idl-build`, and 
`move-validation`
  = note: using a cfg inside a derive macro will use the cfgs 
from the destination crate and not the ones from the defining 
crate
  = help: try referring to `Accounts` crate for guidance on 
how handle this unexpected cfg
  = help: the derive macro `Accounts` may come from an old 
version of the `anchor_derive_accounts` crate, try updating 
your dependency with `cargo update -p anchor_derive_accounts`
  = note: see <https://doc.rust-lang.org/nightly/rustc/check-cf
g/cargo-specifics.html> for more information about checking 
conditional configuration
  = note: this warning originates in the derive macro 
`Accounts` (in Nightly builds, run with -Z macro-backtrace for 
more info)

warning: unexpected `cfg` condition value: `anchor-debug`
 --> programs\xfchess-game\src\game_ix\join.rs:7:10
  |
7 | #[derive(Accounts)]
  |          ^^^^^^^^
  |
  = note: expected values for `feature` are: 
`chess-logic-on-chain`, `default`, `idl-build`, and 
`move-validation`
  = note: using a cfg inside a derive macro will use the cfgs 
from the destination crate and not the ones from the defining 
crate
  = help: try referring to `Accounts` crate for guidance on 
how handle this unexpected cfg
  = help: the derive macro `Accounts` may come from an old 
version of the `anchor_derive_accounts` crate, try updating 
your dependency with `cargo update -p anchor_derive_accounts`
  = note: see <https://doc.rust-lang.org/nightly/rustc/check-cf
g/cargo-specifics.html> for more information about checking 
conditional configuration
  = note: this warning originates in the derive macro 
`Accounts` (in Nightly builds, run with -Z macro-backtrace for 
more info)

warning: unexpected `cfg` condition value: `anchor-debug`
 --> programs\xfchess-game\src\governance_ix\dispute.rs:6:10
  |
6 | #[derive(Accounts)]
  |          ^^^^^^^^
  |
  = note: expected values for `feature` are: 
`chess-logic-on-chain`, `default`, `idl-build`, and 
`move-validation`
  = note: using a cfg inside a derive macro will use the cfgs 
from the destination crate and not the ones from the defining 
crate
  = help: try referring to `Accounts` crate for guidance on 
how handle this unexpected cfg
  = help: the derive macro `Accounts` may come from an old 
version of the `anchor_derive_accounts` crate, try updating 
your dependency with `cargo update -p anchor_derive_accounts`
  = note: see <https://doc.rust-lang.org/nightly/rustc/check-cf
g/cargo-specifics.html> for more information about checking 
conditional configuration
  = note: this warning originates in the derive macro 
`Accounts` (in Nightly builds, run with -Z macro-backtrace for 
more info)

warning: unexpected `cfg` condition value: `anchor-debug`
 --> programs\xfchess-game\src\governance_ix\resolve.rs:6:10
  |
6 | #[derive(Accounts)]
  |          ^^^^^^^^
  |
  = note: expected values for `feature` are: 
`chess-logic-on-chain`, `default`, `idl-build`, and 
`move-validation`
  = note: using a cfg inside a derive macro will use the cfgs 
from the destination crate and not the ones from the defining 
crate
  = help: try referring to `Accounts` crate for guidance on 
how handle this unexpected cfg
  = help: the derive macro `Accounts` may come from an old 
version of the `anchor_derive_accounts` crate, try updating 
your dependency with `cargo update -p anchor_derive_accounts`
  = note: see <https://doc.rust-lang.org/nightly/rustc/check-cf
g/cargo-specifics.html> for more information about checking 
conditional configuration
  = note: this warning originates in the derive macro 
`Accounts` (in Nightly builds, run with -Z macro-backtrace for 
more info)

warning: unexpected `cfg` condition value: `anchor-debug`
 --> programs\xfchess-game\src\moves_ix\commit_batch.rs:9:10
  |
9 | #[derive(Accounts)]
  |          ^^^^^^^^
  |
  = note: expected values for `feature` are: 
`chess-logic-on-chain`, `default`, `idl-build`, and 
`move-validation`
  = note: using a cfg inside a derive macro will use the cfgs 
from the destination crate and not the ones from the defining 
crate
  = help: try referring to `Accounts` crate for guidance on 
how handle this unexpected cfg
  = help: the derive macro `Accounts` may come from an old 
version of the `anchor_derive_accounts` crate, try updating 
your dependency with `cargo update -p anchor_derive_accounts`
  = note: see <https://doc.rust-lang.org/nightly/rustc/check-cf
g/cargo-specifics.html> for more information about checking 
conditional configuration
  = note: this warning originates in the derive macro 
`Accounts` (in Nightly builds, run with -Z macro-backtrace for 
more info)

warning: unexpected `cfg` condition value: `anchor-debug`
 --> programs\xfchess-game\src\moves_ix\record.rs:9:10
  |
9 | #[derive(Accounts)]
  |          ^^^^^^^^
  |
  = note: expected values for `feature` are: 
`chess-logic-on-chain`, `default`, `idl-build`, and 
`move-validation`
  = note: using a cfg inside a derive macro will use the cfgs 
from the destination crate and not the ones from the defining 
crate
  = help: try referring to `Accounts` crate for guidance on 
how handle this unexpected cfg
  = help: the derive macro `Accounts` may come from an old 
version of the `anchor_derive_accounts` crate, try updating 
your dependency with `cargo update -p anchor_derive_accounts`
  = note: see <https://doc.rust-lang.org/nightly/rustc/check-cf
g/cargo-specifics.html> for more information about checking 
conditional configuration
  = note: this warning originates in the derive macro 
`Accounts` (in Nightly builds, run with -Z macro-backtrace for 
more info)

warning: unexpected `cfg` condition value: `anchor-debug`
 --> programs\xfchess-game\src\tournament_ix\initialize.rs:6:10
  |
6 | #[derive(Accounts)]
  |          ^^^^^^^^
  |
  = note: expected values for `feature` are: 
`chess-logic-on-chain`, `default`, `idl-build`, and 
`move-validation`
  = note: using a cfg inside a derive macro will use the cfgs 
from the destination crate and not the ones from the defining 
crate
  = help: try referring to `Accounts` crate for guidance on 
how handle this unexpected cfg
  = help: the derive macro `Accounts` may come from an old 
version of the `anchor_derive_accounts` crate, try updating 
your dependency with `cargo update -p anchor_derive_accounts`
  = note: see <https://doc.rust-lang.org/nightly/rustc/check-cf
g/cargo-specifics.html> for more information about checking 
conditional configuration
  = note: this warning originates in the derive macro 
`Accounts` (in Nightly builds, run with -Z macro-backtrace for 
more info)

warning: unexpected `cfg` condition value: `anchor-debug`
 --> programs\xfchess-game\src\tournament_ix\register.rs:6:10
  |
6 | #[derive(Accounts)]
  |          ^^^^^^^^
  |
  = note: expected values for `feature` are: 
`chess-logic-on-chain`, `default`, `idl-build`, and 
`move-validation`
  = note: using a cfg inside a derive macro will use the cfgs 
from the destination crate and not the ones from the defining 
crate
  = help: try referring to `Accounts` crate for guidance on 
how handle this unexpected cfg
  = help: the derive macro `Accounts` may come from an old 
version of the `anchor_derive_accounts` crate, try updating 
your dependency with `cargo update -p anchor_derive_accounts`
  = note: see <https://doc.rust-lang.org/nightly/rustc/check-cf
g/cargo-specifics.html> for more information about checking 
conditional configuration
  = note: this warning originates in the derive macro 
`Accounts` (in Nightly builds, run with -Z macro-backtrace for 
more info)

warning: unexpected `cfg` condition value: `anchor-debug`
 --> programs\xfchess-game\src\tournament_ix\start.rs:6:10
  |
6 | #[derive(Accounts)]
  |          ^^^^^^^^
  |
  = note: expected values for `feature` are: 
`chess-logic-on-chain`, `default`, `idl-build`, and 
`move-validation`
  = note: using a cfg inside a derive macro will use the cfgs 
from the destination crate and not the ones from the defining 
crate
  = help: try referring to `Accounts` crate for guidance on 
how handle this unexpected cfg
  = help: the derive macro `Accounts` may come from an old 
version of the `anchor_derive_accounts` crate, try updating 
your dependency with `cargo update -p anchor_derive_accounts`
  = note: see <https://doc.rust-lang.org/nightly/rustc/check-cf
g/cargo-specifics.html> for more information about checking 
conditional configuration
  = note: this warning originates in the derive macro 
`Accounts` (in Nightly builds, run with -Z macro-backtrace for 
more info)

warning: unexpected `cfg` condition value: `anchor-debug`
 --> 
programs\xfchess-game\src\tournament_ix\record_result.rs:6:10
  |
6 | #[derive(Accounts)]
  |          ^^^^^^^^
  |
  = note: expected values for `feature` are: 
`chess-logic-on-chain`, `default`, `idl-build`, and 
`move-validation`
  = note: using a cfg inside a derive macro will use the cfgs 
from the destination crate and not the ones from the defining 
crate
  = help: try referring to `Accounts` crate for guidance on 
how handle this unexpected cfg
  = help: the derive macro `Accounts` may come from an old 
version of the `anchor_derive_accounts` crate, try updating 
your dependency with `cargo update -p anchor_derive_accounts`
  = note: see <https://doc.rust-lang.org/nightly/rustc/check-cf
g/cargo-specifics.html> for more information about checking 
conditional configuration
  = note: this warning originates in the derive macro 
`Accounts` (in Nightly builds, run with -Z macro-backtrace for 
more info)

warning: unexpected `cfg` condition value: `anchor-debug`
  --> 
programs\xfchess-game\src\tournament_ix\record_result.rs:72:10
   |
72 | #[derive(Accounts)]
   |          ^^^^^^^^
   |
   = note: expected values for `feature` are: 
`chess-logic-on-chain`, `default`, `idl-build`, and 
`move-validation`
   = note: using a cfg inside a derive macro will use the cfgs 
from the destination crate and not the ones from the defining 
crate
   = help: try referring to `Accounts` crate for guidance on 
how handle this unexpected cfg
   = help: the derive macro `Accounts` may come from an old 
version of the `anchor_derive_accounts` crate, try updating 
your dependency with `cargo update -p anchor_derive_accounts`
   = note: see <https://doc.rust-lang.org/nightly/rustc/check-c
fg/cargo-specifics.html> for more information about checking 
conditional configuration
   = note: this warning originates in the derive macro 
`Accounts` (in Nightly builds, run with -Z macro-backtrace for 
more info)

warning: unexpected `cfg` condition value: `anchor-debug`
 --> 
programs\xfchess-game\src\tournament_ix\claim_prize.rs:6:10
  |
6 | #[derive(Accounts)]
  |          ^^^^^^^^
  |
  = note: expected values for `feature` are: 
`chess-logic-on-chain`, `default`, `idl-build`, and 
`move-validation`
  = note: using a cfg inside a derive macro will use the cfgs 
from the destination crate and not the ones from the defining 
crate
  = help: try referring to `Accounts` crate for guidance on 
how handle this unexpected cfg
  = help: the derive macro `Accounts` may come from an old 
version of the `anchor_derive_accounts` crate, try updating 
your dependency with `cargo update -p anchor_derive_accounts`
  = note: see <https://doc.rust-lang.org/nightly/rustc/check-cf
g/cargo-specifics.html> for more information about checking 
conditional configuration
  = note: this warning originates in the derive macro 
`Accounts` (in Nightly builds, run with -Z macro-backtrace for 
more info)

warning: unexpected `cfg` condition value: `anchor-debug`
 --> programs\xfchess-game\src\tournament_ix\cancel.rs:6:10
  |
6 | #[derive(Accounts)]
  |          ^^^^^^^^
  |
  = note: expected values for `feature` are: 
`chess-logic-on-chain`, `default`, `idl-build`, and 
`move-validation`
  = note: using a cfg inside a derive macro will use the cfgs 
from the destination crate and not the ones from the defining 
crate
  = help: try referring to `Accounts` crate for guidance on 
how handle this unexpected cfg
  = help: the derive macro `Accounts` may come from an old 
version of the `anchor_derive_accounts` crate, try updating 
your dependency with `cargo update -p anchor_derive_accounts`
  = note: see <https://doc.rust-lang.org/nightly/rustc/check-cf
g/cargo-specifics.html> for more information about checking 
conditional configuration
  = note: this warning originates in the derive macro 
`Accounts` (in Nightly builds, run with -Z macro-backtrace for 
more info)

warning: unexpected `cfg` condition value: `anchor-debug`
   --> programs\xfchess-game\src\lib.rs:107:1
    |
107 | #[program]
    | ^^^^^^^^^^
    |
    = note: expected values for `feature` are: 
`chess-logic-on-chain`, `default`, `idl-build`, and 
`move-validation`
    = note: using a cfg inside a attribute macro will use the 
cfgs from the destination crate and not the ones from the 
defining crate
    = help: try referring to `program` crate for guidance on 
how handle this unexpected cfg
    = help: the attribute macro `program` may come from an old 
version of the `anchor_attribute_program` crate, try updating 
your dependency with `cargo update -p anchor_attribute_program`
    = note: see <https://doc.rust-lang.org/nightly/rustc/check-
cfg/cargo-specifics.html> for more information about checking 
conditional configuration
    = note: this warning originates in the attribute macro 
`program` (in Nightly builds, run with -Z macro-backtrace for 
more info)

warning: unexpected `cfg` condition value: `no-idl`
   --> programs\xfchess-game\src\lib.rs:107:1
    |
107 | #[program]
    | ^^^^^^^^^^
    |
    = note: expected values for `feature` are: 
`chess-logic-on-chain`, `default`, `idl-build`, and 
`move-validation`
    = note: using a cfg inside a attribute macro will use the 
cfgs from the destination crate and not the ones from the 
defining crate
    = help: try referring to `program` crate for guidance on 
how handle this unexpected cfg
    = help: the attribute macro `program` may come from an old 
version of the `anchor_attribute_program` crate, try updating 
your dependency with `cargo update -p anchor_attribute_program`
    = note: see <https://doc.rust-lang.org/nightly/rustc/check-
cfg/cargo-specifics.html> for more information about checking 
conditional configuration
    = note: this warning originates in the attribute macro 
`program` (in Nightly builds, run with -Z macro-backtrace for 
more info)

warning: unexpected `cfg` condition value: `anchor-debug`
   --> programs\xfchess-game\src\lib.rs:107:1
    |
107 | #[program]
    | ^^^^^^^^^^
    |
    = note: expected values for `feature` are: 
`chess-logic-on-chain`, `default`, `idl-build`, and 
`move-validation`
    = note: using a cfg inside a derive macro will use the 
cfgs from the destination crate and not the ones from the 
defining crate
    = help: try referring to `Accounts` crate for guidance on 
how handle this unexpected cfg
    = help: the derive macro `Accounts` may come from an old 
version of the `anchor_derive_accounts` crate, try updating 
your dependency with `cargo update -p anchor_derive_accounts`
    = note: see <https://doc.rust-lang.org/nightly/rustc/check-
cfg/cargo-specifics.html> for more information about checking 
conditional configuration
    = note: this warning originates in the derive macro 
`Accounts` (in Nightly builds, run with -Z macro-backtrace for 
more info)

warning: unexpected `cfg` condition value: `no-log-ix-name`
   --> programs\xfchess-game\src\lib.rs:107:1
    |
107 | #[program]
    | ^^^^^^^^^^
    |
    = note: expected values for `feature` are: 
`chess-logic-on-chain`, `default`, `idl-build`, and 
`move-validation`
    = note: using a cfg inside a attribute macro will use the 
cfgs from the destination crate and not the ones from the 
defining crate
    = help: try referring to `program` crate for guidance on 
how handle this unexpected cfg
    = help: the attribute macro `program` may come from an old 
version of the `anchor_attribute_program` crate, try updating 
your dependency with `cargo update -p anchor_attribute_program`
    = note: see <https://doc.rust-lang.org/nightly/rustc/check-
cfg/cargo-specifics.html> for more information about checking 
conditional configuration
    = note: this warning originates in the attribute macro 
`program` (in Nightly builds, run with -Z macro-backtrace for 
more info)

warning: unused variable: `pot`
  --> programs\xfchess-game\src\game_ix\cancel.rs:53:13
   |
53 |         let pot = if game.status == GameStatus::Cancelled 
&& game.black != Pubkey::default() && game.move_count > 0 {
   |             ^^^ help: if this is intentional, prefix it 
with an underscore: `_pot`
   |
   = note: `#[warn(unused_variables)]` on by default

warning: `shakmaty-host-vendored` (lib) generated 68 warnings
warning: `xfchess-game` (lib) generated 39 warnings (5 
duplicates) (run `cargo fix --lib -p xfchess-game` to apply 2 
suggestions)
warning: unused import: `alloc::string::String`
  --> crates\chess-logic-shared\src\lib.rs:18:9
   |
18 |     use alloc::string::String;
   |         ^^^^^^^^^^^^^^^^^^^^^
   |
   = note: `#[warn(unused_imports)]` on by default

warning: `chess-logic-shared` (lib) generated 1 warning (run 
`cargo fix --lib -p chess-logic-shared` to apply 1 suggestion)
warning: use of deprecated module 
`solana_sdk::system_instruction`: Use 
`solana_system_interface` crate instead
  --> backend\src\signing\solana.rs:12:5
   |
12 |     system_instruction,
   |     ^^^^^^^^^^^^^^^^^^
   |
   = note: `#[warn(deprecated)]` on by default

warning: use of deprecated function `base64::decode`: Use 
Engine::decode
  --> references\ephemeral-rollups-sdk\rust\resolver\src\accoun
t.rs:74:33
   |
74 |             "base64" => base64::decode(encoded).ok(),
   |                                 ^^^^^^
   |
   = note: `#[warn(deprecated)]` on by default

warning: use of deprecated function `base64::decode`: Use 
Engine::decode
  --> references\ephemeral-rollups-sdk\rust\resolver\src\accoun
t.rs:76:39
   |
76 |                 let decoded = 
base64::decode(encoded).ok()?;
   |                                       ^^^^^^

warning: `backend` (lib) generated 1 warning
warning: `magic-resolver` (lib) generated 2 warnings
warning: unused import: `std::collections::HashMap`
  --> src\game\sync\board_state.rs:11:5
   |
11 | use std::collections::HashMap;
   |     ^^^^^^^^^^^^^^^^^^^^^^^^^
   |
   = note: `#[warn(unused_imports)]` on by default

warning: unused import: `BoardStateSync`
  --> src\game\sync.rs:14:74
   |
14 | ...eive_state_system, BoardStateSync,
   |                       ^^^^^^^^^^^^^^

warning: unused import: 
`crate::engine::board_state::ChessEngine`
  --> src\multiplayer\mod.rs:12:5
   |
12 | use crate::engine::board_state::ChessEngine;
   |     ^^^^^^^^^^^^^^^^^^^^^^^^^^^^^^^^^^^^^^^

warning: unused import: 
`crate::solana::instructions::PROFILE_SEED`
  --> src\multiplayer\solana\integration\profile_check.rs:12:5
   |
12 | use crate::solana::instructions::PROFILE_SEED;
   |     ^^^^^^^^^^^^^^^^^^^^^^^^^^^^^^^^^^^^^^^^^

warning: unused import: `WAGER_ESCROW_SEED`
  --> src\multiplayer\solana\lobby.rs:13:38
   |
13 |     PROGRAM_ID as SOLANA_PROGRAM_ID, WAGER_ESCROW_SEED,
   |                                      ^^^^^^^^^^^^^^^^^

warning: ambiguous glob re-exports
  --> src\multiplayer\mod.rs:31:9
   |
31 | pub use solana::*;
   |         ^^^^^^^^^ the name `state` in the type namespace 
is first re-exported here
...
36 | pub use wager_state::*;
   |         -------------- but the name `state` in the type 
namespace is also re-exported here
   |
   = note: `#[warn(ambiguous_glob_reexports)]` on by default

warning: ambiguous glob re-exports
  --> src\multiplayer\mod.rs:31:9
   |
31 | pub use solana::*;
   |         ^^^^^^^^^ the name `plugin` in the type namespace 
is first re-exported here
...
36 | pub use wager_state::*;
   |         -------------- but the name `plugin` in the type 
namespace is also re-exported here

warning: unused import: `SquareMaterials`
 --> src\rendering\board\board.rs:9:39
  |
9 | use crate::rendering::utils::{Square, SquareMaterials};
  |                                       ^^^^^^^^^^^^^^^

warning: unused imports: `pubkey::Pubkey`, 
`signature::Keypair`, `signer::Signer`, and 
`transaction::Transaction`
 --> src\solana\core\constants.rs:2:18
  |
2 | ...::{pubkey::Pubkey, signature::Keypair, signer::Signer, 
transaction::Transaction};
  |       ^^^^^^^^^^^^^^  ^^^^^^^^^^^^^^^^^^  ^^^^^^^^^^^^^^  
^^^^^^^^^^^^^^^^^^^^^^^^

warning: unused import: `signer::Signer`
  --> src\solana\session\session.rs:10:54
   |
10 | ...ignature::Keypair, signer::Signer};
   |                       ^^^^^^^^^^^^^^

warning: unused import: `std::path::PathBuf`
  --> src\solana\session\session.rs:11:5
   |
11 | use std::path::PathBuf;
   |     ^^^^^^^^^^^^^^^^^^

warning: unexpected `cfg` condition value: `bevy`
  --> src\solana\multiplayer\mod.rs:21:12
   |
21 | #[cfg_attr(feature = "bevy", derive(bevy::prelude::Comp...
   |            ^^^^^^^^^^^^^^^^
   |
   = note: expected values for `feature` are: `anchor-lang`, 
`default`, `ephemeral-rollups-sdk`, `magic-resolver`, 
`solana`, `solana-chess-client`, `solana-client`, 
`solana-program`, `solana-sdk`, `solana-secp256k1-program`, 
and `xfchess-game`
   = help: consider adding `bevy` as a feature in `Cargo.toml`
   = note: see <https://doc.rust-lang.org/nightly/rustc/check-c
fg/cargo-specifics.html> for more information about checking 
conditional configuration
   = note: `#[warn(unexpected_cfgs)]` on by default

warning: unexpected `cfg` condition value: `bevy`
  --> src\solana\multiplayer\mod.rs:28:12
   |
28 | #[cfg_attr(feature = "bevy", derive(Reflect))]
   |            ^^^^^^^^^^^^^^^^
   |
   = note: expected values for `feature` are: `anchor-lang`, 
`default`, `ephemeral-rollups-sdk`, `magic-resolver`, 
`solana`, `solana-chess-client`, `solana-client`, 
`solana-program`, `solana-sdk`, `solana-secp256k1-program`, 
and `xfchess-game`
   = help: consider adding `bevy` as a feature in `Cargo.toml`
   = note: see <https://doc.rust-lang.org/nightly/rustc/check-c
fg/cargo-specifics.html> for more information about checking 
conditional configuration

warning: unexpected `cfg` condition value: `bevy`
  --> src\solana\multiplayer\mod.rs:39:12
   |
39 | #[cfg_attr(feature = "bevy", derive(bevy::prelude::Comp...
   |            ^^^^^^^^^^^^^^^^
   |
   = note: expected values for `feature` are: `anchor-lang`, 
`default`, `ephemeral-rollups-sdk`, `magic-resolver`, 
`solana`, `solana-chess-client`, `solana-client`, 
`solana-program`, `solana-sdk`, `solana-secp256k1-program`, 
and `xfchess-game`
   = help: consider adding `bevy` as a feature in `Cargo.toml`
   = note: see <https://doc.rust-lang.org/nightly/rustc/check-c
fg/cargo-specifics.html> for more information about checking 
conditional configuration

warning: ambiguous glob re-exports
  --> src\solana\mod.rs:11:9
   |
11 | pub use core::constants::*;
   |         ^^^^^^^^^^^^^^^^^^ the name `GAME_SEED` in the 
value namespace is first re-exported here
...
18 | pub use program_interface::instructions::*;
   |         ---------------------------------- but the name 
`GAME_SEED` in the value namespace is also re-exported here

warning: unused imports: `CompetitiveMatchState`, 
`SolanaGameSync`, and `SolanaWallet`
  --> src\states\main_menu.rs:19:41
   |
19 | ...::{CompetitiveMatchState, SolanaGameSync, 
SolanaWallet};
   |       ^^^^^^^^^^^^^^^^^^^^^  ^^^^^^^^^^^^^^  ^^^^^^^^^^^^

warning: use of deprecated module 
`solana_sdk::system_program`: Use 
`solana_system_interface::program` instead
 --> src\multiplayer\solana\integration\rpc.rs:7:5
  |
7 |     system_program,
  |     ^^^^^^^^^^^^^^
  |
  = note: `#[warn(deprecated)]` on by default

warning: use of deprecated function `rand::thread_rng`: 
Renamed to `rng`
  --> src\multiplayer\solana\integration\rpc.rs:21:25
   |
21 |     let mut rng = rand::thread_rng();
   |                         ^^^^^^^^^^

warning: use of deprecated module 
`solana_sdk::system_program`: Use 
`solana_system_interface::program` instead
  --> src\solana\program_interface\instructions.rs:13:5
   |
13 |     system_program,
   |     ^^^^^^^^^^^^^^

warning: use of deprecated module 
`solana_program::system_instruction`: Use 
`solana_system_interface` crate instead
 --> src\solana\multiplayer\mod.rs:2:21
  |
2 | use solana_program::system_instruction;
  |                     ^^^^^^^^^^^^^^^^^^

warning: use of deprecated method 
`bevy_egui::egui::Context::screen_rect`: screen_rect has been 
split into viewport_rect() and content_rect(). You likely 
should use content_rect()
  --> src\ui\profile_creation.rs:43:27
   |
43 |     let screen_size = ctx.screen_rect().size();
   |                           ^^^^^^^^^^^

warning: use of deprecated method 
`bevy_egui::egui::Ui::allocate_new_ui`: Use `scope_builder` 
instead
  --> src\ui\profile_creation.rs:75:16
   |
75 | ...   ui.allocate_new_ui(egui::UiBuilder::new().max_rec...
   |          ^^^^^^^^^^^^^^^

warning: unused variable: `current_turn`
   --> src\engine\board_state.rs:178:9
    |
178 |         current_turn: &CurrentTurn,
    |         ^^^^^^^^^^^^ help: if this is intentional, 
prefix it with an underscore: `_current_turn`
    |
    = note: `#[warn(unused_variables)]` on by default

warning: unused variable: `promotion_char`
   --> src\game\ai\systems.rs:277:17
    |
277 |             let promotion_char = best_move.chars().nth...
    |                 ^^^^^^^^^^^^^^ help: if this is 
intentional, prefix it with an underscore: `_promotion_char`

warning: unused variable: `board_sync`
   --> src\game\sync\board_state.rs:353:9
    |
353 |     mut board_sync: ResMut<BoardStateSync>,
    |         ^^^^^^^^^^ help: if this is intentional, prefix 
it with an underscore: `_board_sync`

warning: unused variable: `engine`
   --> src\game\sync\board_state.rs:354:9
    |
354 |     mut engine: ResMut<ChessEngine>,
    |         ^^^^^^ help: if this is intentional, prefix it 
with an underscore: `_engine`

warning: variable does not need to be mutable
   --> src\game\sync\board_state.rs:353:5
    |
353 |     mut board_sync: ResMut<BoardStateSync>,
    |     ----^^^^^^^^^^
    |     |
    |     help: remove this `mut`
    |
    = note: `#[warn(unused_mut)]` on by default

warning: variable does not need to be mutable
   --> src\game\sync\board_state.rs:354:5
    |
354 |     mut engine: ResMut<ChessEngine>,
    |     ----^^^^^^
    |     |
    |     help: remove this `mut`

warning: unused variable: `entity`
  --> src\game\systems\visual.rs:40:10
   |
40 |     for (entity, square, mut material) in squares_query...
   |          ^^^^^^ help: if this is intentional, prefix it 
with an underscore: `_entity`

warning: variable does not need to be mutable
   --> src\multiplayer\solana\integration\systems.rs:158:17
    |
158 |     if let Some(mut task) = solana_state.pending_task....
    |                 ----^^^^
    |                 |
    |                 help: remove this `mut`

warning: unused variable: `program_id`
  --> src\multiplayer\solana\integration\profile_check.rs:45:9
   |
45 |     let program_id = solana_state.program_id;
   |         ^^^^^^^^^^ help: if this is intentional, prefix 
it with an underscore: `_program_id`

warning: variable does not need to be mutable
  --> src\multiplayer\solana\integration\profile_check.rs:80:17
   |
80 |     if let Some(mut task) = solana_state.pending_profil...
   |                 ----^^^^
   |                 |
   |                 help: remove this `mut`

warning: unused variable: `menu_state`
   --> 
src\multiplayer\solana\integration\profile_check.rs:120:9
    |
120 |     mut menu_state: ResMut<NextState<MenuState>>,
    |         ^^^^^^^^^^ help: if this is intentional, prefix 
it with an underscore: `_menu_state`

warning: variable does not need to be mutable
   --> 
src\multiplayer\solana\integration\profile_check.rs:119:5
    |
119 |     mut solana_state: ResMut<SolanaIntegrationState>,
    |     ----^^^^^^^^^^^^
    |     |
    |     help: remove this `mut`

warning: variable does not need to be mutable
   --> 
src\multiplayer\solana\integration\profile_check.rs:120:5
    |
120 |     mut menu_state: ResMut<NextState<MenuState>>,
    |     ----^^^^^^^^^^
    |     |
    |     help: remove this `mut`

warning: variable does not need to be mutable
   --> src\multiplayer\rollup\bridge.rs:572:5
    |
572 |     mut magicblock_events: MessageWriter<MagicBlockEve...
    |     ----^^^^^^^^^^^^^^^^^
    |     |
    |     help: remove this `mut`

warning: variable `last_error` is assigned to, but never used
   --> src\multiplayer\rollup\magicblock.rs:219:17
    |
219 |         let mut last_error = None;
    |                 ^^^^^^^^^^
    |
    = note: consider using `_last_error` instead

warning: value assigned to `last_error` is never read
   --> src\multiplayer\rollup\magicblock.rs:229:21
    |
229 |                     last_error = Some(e);
    |                     ^^^^^^^^^^
    |
    = help: maybe it is overwritten before being read?
    = note: `#[warn(unused_assignments)]` on by default

warning: variable `last_error` is assigned to, but never used
   --> src\multiplayer\rollup\magicblock.rs:543:17
    |
543 |         let mut last_error = None;
    |                 ^^^^^^^^^^
    |
    = note: consider using `_last_error` instead

warning: value assigned to `last_error` is never read
   --> src\multiplayer\rollup\magicblock.rs:553:21
    |
553 |                     last_error = Some(e);
    |                     ^^^^^^^^^^
    |
    = help: maybe it is overwritten before being read?

warning: unused variable: `view_mode`
  --> src\rendering\pieces\pieces.rs:60:5
   |
60 |     view_mode: Res<crate::game::view_mode::ViewMode>,
   |     ^^^^^^^^^ help: if this is intentional, prefix it 
with an underscore: `_view_mode`

warning: unused variable: `payer`
   --> src\solana\program_interface\instructions.rs:262:5
    |
262 |     payer: Pubkey,
    |     ^^^^^ help: if this is intentional, prefix it with 
an underscore: `_payer`

warning: unused variable: `board_state`
  --> src\solana\multiplayer\mod.rs:80:28
   |
80 | ...idate_chess_move(board_state: &BoardState, move_data...
   |                     ^^^^^^^^^^^ help: if this is 
intentional, prefix it with an underscore: `_board_state`

warning: unused variable: `board_state`
  --> src\solana\multiplayer\mod.rs:92:19
   |
92 |     fn apply_move(board_state: &mut BoardState, move_da...
   |                   ^^^^^^^^^^^ help: if this is 
intentional, prefix it with an underscore: `_board_state`

warning: unused variable: `program_id`
   --> src\solana\multiplayer\mod.rs:184:9
    |
184 |         program_id: &Pubkey,
    |         ^^^^^^^^^^ help: if this is intentional, prefix 
it with an underscore: `_program_id`

warning: unused variable: `program_id`
   --> src\solana\multiplayer\mod.rs:248:9
    |
248 |         program_id: &Pubkey,
    |         ^^^^^^^^^^ help: if this is intentional, prefix 
it with an underscore: `_program_id`

warning: unused variable: `program_id`
   --> src\solana\multiplayer\mod.rs:299:9
    |
299 |         program_id: &Pubkey,
    |         ^^^^^^^^^^ help: if this is intentional, prefix 
it with an underscore: `_program_id`

warning: unused variable: `commands`
   --> src\solana\multiplayer\ui.rs:120:9
    |
120 |     mut commands: Commands,
    |         ^^^^^^^^ help: if this is intentional, prefix it 
with an underscore: `_commands`

warning: unused variable: `asset_server`
   --> src\solana\multiplayer\ui.rs:121:5
    |
121 |     asset_server: Res<AssetServer>,
    |     ^^^^^^^^^^^^ help: if this is intentional, prefix it 
with an underscore: `_asset_server`

warning: unused variable: `wallet`
   --> src\solana\multiplayer\ui.rs:122:5
    |
122 |     wallet: Res<SolanaWallet>,
    |     ^^^^^^ help: if this is intentional, prefix it with 
an underscore: `_wallet`

warning: unused variable: `ui_state`
   --> src\solana\multiplayer\ui.rs:123:5
    |
123 |     ui_state: Res<SolanaUiState>,
    |     ^^^^^^^^ help: if this is intentional, prefix it 
with an underscore: `_ui_state`

warning: variable does not need to be mutable
   --> src\solana\multiplayer\ui.rs:120:5
    |
120 |     mut commands: Commands,
    |     ----^^^^^^^^
    |     |
    |     help: remove this `mut`

warning: unused variable: `input_response`
   --> src\ui\profile_creation.rs:103:25
    |
103 |                     let input_response = ui.add(
    |                         ^^^^^^^^^^^^^^ help: if this is 
intentional, prefix it with an underscore: `_input_response`

warning: unused variable: `players`
  --> src\ui\solana_panel.rs:20:5
   |
20 |     players: &Players,
   |     ^^^^^^^ help: if this is intentional, prefix it with 
an underscore: `_players`

warning: function `board_to_fen` is never used
   --> src\engine\board_state.rs:482:4
    |
482 | fn board_to_fen(board: &[i8; 64], current_turn: &Curre...
    |    ^^^^^^^^^^^^
    |
    = note: `#[warn(dead_code)]` on by default

warning: function `test_event_system` is never used
  --> src\game\plugin.rs:43:4
   |
43 | fn test_event_system(mut reader: MessageReader<crate::g...
   |    ^^^^^^^^^^^^^^^^^

warning: function `create_move_patch` is never used
   --> src\game\sync.rs:135:4
    |
135 | fn create_move_patch(move_data: &NetworkMove) -> Patch {
    |    ^^^^^^^^^^^^^^^^^

warning: function `handle_pending_finalize` is never used
   --> src\multiplayer\mod.rs:749:4
    |
749 | fn handle_pending_finalize(
    |    ^^^^^^^^^^^^^^^^^^^^^^^

warning: constant `PLAYER_SEED` is never used
  --> src\solana\multiplayer\mod.rs:17:7
   |
17 | const PLAYER_SEED: &[u8] = b"player";
   |       ^^^^^^^^^^^

warning: struct `FogFallback` is never constructed
  --> src\states\main_menu.rs:54:8
   |
54 | struct FogFallback;
   |        ^^^^^^^^^^^

warning: struct `LoginRequest` is never constructed
  --> src\ui\auth.rs:34:8
   |
34 | struct LoginRequest<'a> {
   |        ^^^^^^^^^^^^

warning: struct `RegisterRequest` is never constructed
  --> src\ui\auth.rs:40:8
   |
40 | struct RegisterRequest<'a> {
   |        ^^^^^^^^^^^^^^^

warning: `xfchess` (lib) generated 62 warnings (run `cargo fix 
--lib -p xfchess` to apply 18 suggestions)
    Checking xfchess v0.1.0 (C:\Users\isich\XFChess)
warning: use of deprecated module 
`solana_sdk::system_program`: Use 
`solana_system_interface::program` instead
  --> src\bin\admin_tournament.rs:18:5
   |
18 |     system_program,
   |     ^^^^^^^^^^^^^^
   |
   = note: `#[warn(deprecated)]` on by default

warning: unused variable: `admin`
   --> src\bin\admin_tournament.rs:221:35
    |
221 | ...l(rpc: &RpcClient, admin: &Keypair, program_id: Pub...
    |                       ^^^^^ help: if this is 
intentional, prefix it with an underscore: `_admin`
    |
    = note: `#[warn(unused_variables)]` on by default

warning: variable does not need to be mutable
   --> src\bin\admin_tournament.rs:253:13
    |
253 | ...   let mut init_data = discriminator("init_profile"...
    |           ----^^^^^^^^^
    |           |
    |           help: remove this `mut`
    |
    = note: `#[warn(unused_mut)]` on by default

warning: unused import: `AIDifficulty`
  --> src\game\ai\mod.rs:27:20
   |
27 | pub use resource::{AIDifficulty, ChessAIResource, GameM...
   |                    ^^^^^^^^^^^^
   |
   = note: `#[warn(unused_imports)]` on by default

warning: unused import: `std::collections::HashMap`
  --> src\game\sync\board_state.rs:11:5
   |
11 | use std::collections::HashMap;
   |     ^^^^^^^^^^^^^^^^^^^^^^^^^

warning: unused import: `board_coords::BoardPos`
  --> src\game\mod.rs:13:9
   |
13 | pub use board_coords::BoardPos;
   |         ^^^^^^^^^^^^^^^^^^^^^^

warning: unused import: `pointer::*`
 --> src\input\mod.rs:4:9
  |
4 | pub use pointer::*;
  |         ^^^^^^^^^^

warning: unused import: `game_id_store::*`
 --> src\multiplayer\network\mod.rs:9:9
  |
9 | pub use game_id_store::*;
  |         ^^^^^^^^^^^^^^^^

warning: unused imports: `BalanceRefreshTimer`, 
`MAGICBLOCK_EU_DEVNET`, and `ProfileStatus`
 --> src\multiplayer\solana\integration\mod.rs:7:41
  |
7 | ...e, ProfileStatus, BalanceRefreshTimer, DEVNET_RPC_URL, 
MAGICBLOCK_EU_DEVNET};
  |       ^^^^^^^^^^^^^  ^^^^^^^^^^^^^^^^^^^                  
^^^^^^^^^^^^^^^^^^^^

warning: unused imports: `auto_init_profile`, 
`check_profile_on_connect`, and `handle_profile_check_tasks`
 --> src\multiplayer\solana\integration\mod.rs:9:25
  |
9 | ...::{check_profile_on_connect, 
handle_profile_check_tasks, auto_init_profile};
  |       ^^^^^^^^^^^^^^^^^^^^^^^^  ^^^^^^^^^^^^^^^^^^^^^^^^^^ 
 ^^^^^^^^^^^^^^^^^

warning: unused imports: `initiate_game_on_chain`, 
`join_game_on_chain`, and `prepare_final_game_state`
  --> src\multiplayer\solana\integration\mod.rs:10:15
   |
10 | ...::{initiate_game_on_chain, join_game_on_chain, 
prepare_final_game_state};
   |       ^^^^^^^^^^^^^^^^^^^^^^  ^^^^^^^^^^^^^^^^^^  
^^^^^^^^^^^^^^^^^^^^^^^^

warning: unused import: `integration::*`
 --> src\multiplayer\solana\mod.rs:6:9
  |
6 | pub use integration::*;
  |         ^^^^^^^^^^^^^^

warning: unused import: `lobby::*`
 --> src\multiplayer\solana\mod.rs:7:9
  |
7 | pub use lobby::*;
  |         ^^^^^^^^

warning: unused import: `tauri_signer::*`
 --> src\multiplayer\solana\mod.rs:9:9
  |
9 | pub use tauri_signer::*;
  |         ^^^^^^^^^^^^^^^

warning: unused import: `bridge::*`
 --> src\multiplayer\rollup\mod.rs:9:9
  |
9 | pub use bridge::*;
  |         ^^^^^^^^^

warning: unused import: `vps_client::*`
  --> src\multiplayer\rollup\mod.rs:11:9
   |
11 | pub use vps_client::*;
   |         ^^^^^^^^^^^^^

warning: unused import: `mvp_plugin::*`
  --> src\multiplayer\rollup\mod.rs:13:9
   |
13 | pub use mvp_plugin::*;
   |         ^^^^^^^^^^^^^

warning: unused import: `tx_debugger::*`
 --> src\multiplayer\ui\mod.rs:3:9
  |
3 | pub use tx_debugger::*;
  |         ^^^^^^^^^^^^^^

warning: unused import: `state::WagerState`
  --> src\multiplayer\wager_state\mod.rs:11:9
   |
11 | pub use state::WagerState;
   |         ^^^^^^^^^^^^^^^^^

warning: unused import: `ui::*`
  --> src\multiplayer\mod.rs:34:9
   |
34 | pub use ui::*;
   |         ^^^^^

warning: unused import: `wager_state::*`
  --> src\multiplayer\mod.rs:36:9
   |
36 | pub use wager_state::*;
   |         ^^^^^^^^^^^^^^

warning: unused import: `board::*`
  --> src\rendering\mod.rs:12:9
   |
12 | pub use board::*;
   |         ^^^^^^^^

warning: unused import: `pieces::*`
  --> src\rendering\mod.rs:15:9
   |
15 | pub use pieces::*;
   |         ^^^^^^^^^

warning: unused import: `core::constants::*`
  --> src\solana\mod.rs:11:9
   |
11 | pub use core::constants::*;
   |         ^^^^^^^^^^^^^^^^^^

warning: unused import: `core::errors::XfChessError`
  --> src\solana\mod.rs:12:9
   |
12 | pub use core::errors::XfChessError;
   |         ^^^^^^^^^^^^^^^^^^^^^^^^^^

warning: unused imports: `GameRole`, `GameSession`, 
`SessionError`, `SessionPlugin`, `SessionState`, and 
`check_session_validity`
  --> src\solana\mod.rs:15:28
   |
15 | ...::{GameRole, GameSession, SessionError, SessionPlugin, 
SessionState, check_session_validity};
   |       ^^^^^^^^  ^^^^^^^^^^^  ^^^^^^^^^^^^  ^^^^^^^^^^^^^  
^^^^^^^^^^^^  ^^^^^^^^^^^^^^^^^^^^^^

warning: unused import: `program_interface::instructions::*`
  --> src\solana\mod.rs:18:9
   |
18 | pub use program_interface::instructions::*;
   |         ^^^^^^^^^^^^^^^^^^^^^^^^^^^^^^^^^^

warning: unused imports: `GameResult` and `GameStatus`
  --> src\solana\mod.rs:19:36
   |
19 | ...rface::state::{GameResult, GameStatus};
   |                   ^^^^^^^^^^  ^^^^^^^^^^

warning: unused imports: `is_wallet_mode` and `phantom_sign`
  --> src\solana\mod.rs:27:32
   |
27 | ...ntom_sign::{is_wallet_mode, phantom_sign};
   |                ^^^^^^^^^^^^^^  ^^^^^^^^^^^^

warning: unused imports: `GameResult as OnChainGameResult`, 
`GameStatus as OnChainGameStatus`, `GameType`, `Game`, and 
`SessionDelegation`
  --> src\solana\mod.rs:31:37
   |
31 | ...::{Game, GameResult as OnChainGameResult, GameStatus 
as OnChainGameStatus, GameType, SessionDelegation};
   |       ^^^^  ^^^^^^^^^^^^^^^^^^^^^^^^^^^^^^^  
^^^^^^^^^^^^^^^^^^^^^^^^^^^^^^^  ^^^^^^^^  ^^^^^^^^^^^^^^^^^

warning: unused import: 
`xfchess_game::state::move_log::MoveLog`
  --> src\solana\mod.rs:32:9
   |
32 | pub use xfchess_game::state::move_log::MoveLog;
   |         ^^^^^^^^^^^^^^^^^^^^^^^^^^^^^^^^^^^^^^

warning: unused import: 
`xfchess_game::state::player_profile::PlayerProfile`
  --> src\solana\mod.rs:33:9
   |
33 | ...se xfchess_game::state::player_profile::PlayerProfile;
   |       ^^^^^^^^^^^^^^^^^^^^^^^^^^^^^^^^^^^^^^^^^^^^^^^^^^

warning: unused import: 
`multiplayer_menu::MultiplayerMenuPlugin`
 --> src\states\mod.rs:9:9
  |
9 | pub use multiplayer_menu::MultiplayerMenuPlugin;
  |         ^^^^^^^^^^^^^^^^^^^^^^^^^^^^^^^^^^^^^^^

warning: unused import: `game_over::GameOverPlugin`
  --> src\states\mod.rs:11:9
   |
11 | pub use game_over::GameOverPlugin;
   |         ^^^^^^^^^^^^^^^^^^^^^^^^^

warning: unused import: `main_menu::MainMenuPlugin`
  --> src\states\mod.rs:12:9
   |
12 | pub use main_menu::MainMenuPlugin;
   |         ^^^^^^^^^^^^^^^^^^^^^^^^^

warning: unused import: `pause::PausePlugin`
  --> src\states\mod.rs:13:9
   |
13 | pub use pause::PausePlugin;
   |         ^^^^^^^^^^^^^^^^^^

warning: unused import: `piece_viewer::PieceViewerPlugin`
  --> src\states\mod.rs:14:9
   |
14 | pub use piece_viewer::PieceViewerPlugin;
   |         ^^^^^^^^^^^^^^^^^^^^^^^^^^^^^^^

warning: field `piece_meshes` is never read
  --> src\assets\mod.rs:25:9
   |
20 | pub struct GameAssets {
   |            ---------- field in this struct
...
25 |     pub piece_meshes: PieceMeshes,
   |         ^^^^^^^^^^^^
   |
   = note: `#[warn(dead_code)]` on by default

warning: fields `king`, `queen`, `rook`, `bishop`, `knight`, 
and `pawn` are never read
  --> src\assets\mod.rs:43:9
   |
42 | pub struct PieceMeshes {
   |            ----------- fields in this struct
43 |     pub king: Option<Handle<Mesh>>,
   |         ^^^^
44 |     pub queen: Option<Handle<Mesh>>,
   |         ^^^^^
45 |     pub rook: Option<Handle<Mesh>>,
   |         ^^^^
46 |     pub bishop: Option<Handle<Mesh>>,
   |         ^^^^^^
47 |     pub knight: Option<Handle<Mesh>>,
   |         ^^^^^^
48 |     pub pawn: Option<Handle<Mesh>>,
   |         ^^^^

warning: method `percentage` is never used
  --> src\assets\mod.rs:97:12
   |
73 | impl LoadingProgress {
   | -------------------- method in this implementation
...
97 |     pub fn percentage(&self) -> u32 {
   |            ^^^^^^^^^^

warning: field `start_elapsed_secs` is never read
   --> src\assets\mod.rs:135:5
    |
133 | pub struct AssetLoadingTimer {
    |            ----------------- field in this struct
134 |     /// Start time in Bevy elapse...
135 |     start_elapsed_secs: Option<f32>,
    |     ^^^^^^^^^^^^^^^^^^

warning: methods `start_with_time` and 
`elapsed_secs_with_time` are never used
   --> src\assets\mod.rs:139:12
    |
138 | impl AssetLoadingTimer {
    | ---------------------- methods in this implementation
139 |     pub fn start_with_time(&mut self, elapsed_secs: f3...
    |            ^^^^^^^^^^^^^^^
...
143 |     pub fn elapsed_secs_with_time(&self, current_elaps...
    |            ^^^^^^^^^^^^^^^^^^^^^^

warning: fields `node_id` and `opponent_pubkey` are never read
   --> src\cli.rs:157:9
    |
152 | pub struct SessionConfig {
    |            ------------- fields in this struct
...
157 |     pub node_id: String,
    |         ^^^^^^^
...
161 |     pub opponent_pubkey: Option<String>,
    |         ^^^^^^^^^^^^^^^
    |
    = note: `SessionConfig` has derived impls for the traits 
`Clone` and `Debug`, but these are intentionally ignored 
during dead code analysis

warning: function `safe_parse_hex_color` is never used
  --> src\core\error_handling.rs:40:8
   |
40 | pub fn safe_parse_hex_color(
   |        ^^^^^^^^^^^^^^^^^^^^

warning: function `save_settings_system` is never used
   --> src\core\settings_persistence.rs:126:8
    |
126 | pub fn save_settings_system(settings: ResMut<GameSetti...
    |        ^^^^^^^^^^^^^^^^^^^^

warning: variant `BraidLobby` is never constructed
  --> src\core\states.rs:65:5
   |
57 | pub enum MenuState {
   |          --------- variant in this enum
...
65 |     BraidLobby,
   |     ^^^^^^^^^^
   |
   = note: `MenuState` has derived impls for the traits 
`Debug` and `Clone`, but these are intentionally ignored 
during dead code analysis

warning: method `to_window` is never used
  --> src\core\window_config.rs:45:12
   |
43 | impl WindowConfig {
   | ----------------- method in this implementation
44 |     /// Create a Bevy Window from this configuration
45 |     pub fn to_window(&self) -> Window {
   |            ^^^^^^^^^

warning: associated items `index_to_square`, 
`piece_color_to_engine`, `apply_fen`, and `from_fen` are never 
used
   --> src\engine\board_state.rs:104:12
    |
62  | impl ChessEngine {
    | ---------------- associated items in this implementation
...
104 |     pub fn index_to_square(index: i8) -> (u8, u8) {
    |            ^^^^^^^^^^^^^^^
...
111 |     pub fn piece_color_to_engine(color: PieceColor) ->...
    |            ^^^^^^^^^^^^^^^^^^^^^
...
252 |     pub fn apply_fen(&mut self, new_fen: &str) {
    |            ^^^^^^^^^
...
349 |     pub fn from_fen(&mut self, fen: &str) -> Result<()...
    |            ^^^^^^^^

warning: function `board_to_fen` is never used
   --> src\engine\board_state.rs:482:4
    |
482 | fn board_to_fen(board: &[i8; 64], current_turn: &Curre...
    |    ^^^^^^^^^^^^

warning: method `seconds_per_move` is never used
   --> src\game\ai\resource.rs:265:12
    |
245 | impl AIDifficulty {
    | ----------------- method in this implementation
...
265 |     pub fn seconds_per_move(self) -> f32 {
    |            ^^^^^^^^^^^^^^^^

warning: field `fen_after` is never read
  --> src\game\ai\systems.rs:30:9
   |
22 | pub struct AIMove {
   |            ------ field in this struct
...
30 |     pub fen_after: String,
   |         ^^^^^^^^^
   |
   = note: `AIMove` has derived impls for the traits `Clone` 
and `Debug`, but these are intentionally ignored during dead 
code analysis

warning: field `ai_config` is never read
  --> src\game\ai\systems.rs:95:9
   |
80 | pub struct AiPollParams<'w, 's> {
   |            ------------ field in this struct
...
95 |     pub ai_config: Res<'w, ChessAIResource>,
   |         ^^^^^^^^^

warning: methods `file`, `rank`, and `to_world` are never used
   --> src\game\components\piece_types.rs:104:12
    |
91  | impl Piece {
    | ---------- methods in this implementation
...
104 |     pub fn file(&self) -> u8 {
    |            ^^^^
...
110 |     pub fn rank(&self) -> u8 {
    |            ^^^^
...
117 |     pub fn to_world(&self) -> (f32, f32) {
    |            ^^^^^^^^

warning: fields `white_player` and `black_player` are never 
read
  --> src\game\events.rs:30:9
   |
28 | pub struct GameStartedEvent {
   |            ---------------- fields in this struct
29 |     pub game_id: u64,
30 |     pub white_player: String,
   |         ^^^^^^^^^^^^
31 |     pub black_player: String,
   |         ^^^^^^^^^^^^
   |
   = note: `GameStartedEvent` has derived impls for the traits 
`Clone` and `Debug`, but these are intentionally ignored 
during dead code analysis

warning: struct `PlayerJoinedEvent` is never constructed
  --> src\game\events.rs:42:12
   |
42 | pub struct PlayerJoinedEvent {
   |            ^^^^^^^^^^^^^^^^^

warning: field `color` is never read
  --> src\game\resources\player\promotion.rs:55:9
   |
52 | pub struct PromotionSelected {
   |            ----------------- field in this struct
...
55 |     pub color: PieceColor,
   |         ^^^^^
   |
   = note: `PromotionSelected` has derived impls for the 
traits `Clone` and `Debug`, but these are intentionally 
ignored during dead code analysis

warning: fields `temple_os` and `king_theme` are never read
  --> src\game\resources\sounds.rs:19:9
   |
13 | pub struct GameSounds {
   |            ---------- fields in this struct
...
19 |     pub temple_os: Handle<AudioSource>,
   |         ^^^^^^^^^
20 |     /// Background music for the game
21 |     pub king_theme: Handle<AudioSource>,
   |         ^^^^^^^^^^

warning: associated function `new` is never used
  --> src\game\resources\sounds.rs:39:12
   |
36 | impl GameSounds {
   | --------------- associated function in this implementation
...
39 |     pub fn new(asset_server: &AssetServer) -> Self {
   |            ^^^

warning: field `peer_id` is never read
  --> src\game\sync\board_state.rs:22:9
   |
16 | pub struct BoardStateSync {
   |            -------------- field in this struct
...
22 |     pub peer_id: String,
   |         ^^^^^^^

warning: variants `PendingRemote`, `Resolving`, and `Error` 
are never constructed
  --> src\game\sync\board_state.rs:39:5
   |
31 | pub enum SyncStatus {
   |          ---------- variants in this enum
...
39 |     PendingRemote,
   |     ^^^^^^^^^^^^^
40 |     /// Conflict detected, resolving
41 |     Resolving,
   |     ^^^^^^^^^
42 |     /// Error state
43 |     Error(String),
   |     ^^^^^
   |
   = note: `SyncStatus` has derived impls for the traits 
`Clone` and `Debug`, but these are intentionally ignored 
during dead code analysis

warning: struct `SerializedBoardState` is never constructed
  --> src\game\sync\board_state.rs:63:12
   |
63 | pub struct SerializedBoardState {
   |            ^^^^^^^^^^^^^^^^^^^^

warning: associated items `deserialize_state` and 
`apply_remote_state` are never used
   --> src\game\sync\board_state.rs:136:12
    |
73  | impl BoardStateSync {
    | ------------------- associated items in this 
implementation
...
136 |     pub fn deserialize_state(state_str: &str) -> Resul...
    |            ^^^^^^^^^^^^^^^^^
...
205 |     pub fn apply_remote_state(
    |            ^^^^^^^^^^^^^^^^^^

warning: enum `StateDiff` is never used
   --> src\game\sync\board_state.rs:255:10
    |
255 | pub enum StateDiff {
    |          ^^^^^^^^^

warning: enum `SyncError` is never used
   --> src\game\sync\board_state.rs:266:10
    |
266 | pub enum SyncError {
    |          ^^^^^^^^^

warning: function `char_to_piece_type` is never used
   --> src\game\sync\board_state.rs:295:4
    |
295 | fn char_to_piece_type(c: char) -> Option<PieceType> {
    |    ^^^^^^^^^^^^^^^^^^

warning: field `last_turn_color` is never read
   --> src\game\systems\camera.rs:436:9
    |
422 | pub struct CameraRotationState {
    |            ------------------- field in this struct
...
436 |     pub last_turn_color: Option<crate::rendering::piec...
    |         ^^^^^^^^^^^^^^^
    |
    = note: `CameraRotationState` has a derived impl for the 
trait `Debug`, but this is intentionally ignored during dead 
code analysis

warning: associated constant `DEFAULT_ROTATION_SPEED` is never 
used
   --> src\game\systems\camera.rs:444:15
    |
439 | impl CameraRotationState {
    | ------------------------ associated constant in this 
implementation
...
444 |     pub const DEFAULT_ROTATION_SPEED: f32 = 2.0;
    |               ^^^^^^^^^^^^^^^^^^^^^^

warning: function `spawn_debug_markers` is never used
 --> src\game\systems\debug_visuals.rs:4:8
  |
4 | pub fn spawn_debug_markers(
  |        ^^^^^^^^^^^^^^^^^^^

warning: function `play_templeos_sound` is never used
   --> src\game\systems\game_init.rs:135:8
    |
135 | pub fn play_templeos_sound(
    |        ^^^^^^^^^^^^^^^^^^^

warning: struct `TempleOSSoundPlayed` is never constructed
   --> src\game\systems\game_init.rs:179:12
    |
179 | pub struct TempleOSSoundPlayed {
    |            ^^^^^^^^^^^^^^^^^^^

warning: function `check_and_play_templeos_sound` is never used
   --> src\game\systems\game_init.rs:189:8
    |
189 | pub fn check_and_play_templeos_sound(
    |        ^^^^^^^^^^^^^^^^^^^^^^^^^^^^^

warning: function `on_piece_hover` is never used
   --> src\game\systems\input.rs:561:8
    |
561 | pub fn on_piece_hover(_: On<Pointer<DragStart>>) {
    |        ^^^^^^^^^^^^^^

warning: function `on_piece_unhover` is never used
   --> src\game\systems\input.rs:566:8
    |
566 | pub fn on_piece_unhover(_: On<Pointer<DragStart>>) {
    |        ^^^^^^^^^^^^^^^^

warning: function `animate_capture_fade` is never used
   --> src\game\systems\visual.rs:152:8
    |
152 | pub fn animate_capture_fade(
    |        ^^^^^^^^^^^^^^^^^^^^

warning: function `cursor_tracking_system` is never used
  --> src\input\pointer.rs:86:8
   |
86 | pub fn cursor_tracking_system(
   |        ^^^^^^^^^^^^^^^^^^^^^^

warning: function `cursor_style_system` is never used
   --> src\input\pointer.rs:309:8
    |
309 | pub fn cursor_style_system(
    |        ^^^^^^^^^^^^^^^^^^^

warning: struct `PointerDebugTimer` is never constructed
   --> src\input\pointer.rs:327:12
    |
327 | pub struct PointerDebugTimer {
    |            ^^^^^^^^^^^^^^^^^

warning: variants `GameInviteReceived`, `GameInviteAccepted`, 
`WagerHandshake`, and `GameEnded` are never constructed
   --> src\multiplayer\mod.rs:98:5
    |
92  | pub enum NetworkEvent {
    |          ------------ variants in this enum
...
98  |     GameInviteReceived(String, GamePreferences),
    |     ^^^^^^^^^^^^^^^^^^
99  |     GameInviteAccepted(String),
    |     ^^^^^^^^^^^^^^^^^^
100 |     WagerHandshake {
    |     ^^^^^^^^^^^^^^
...
105 |     GameEnded(String),
    |     ^^^^^^^^^
    |
    = note: `NetworkEvent` has derived impls for the traits 
`Clone` and `Debug`, but these are intentionally ignored 
during dead code analysis

warning: fields `game_preferences` and `last_seen` are never 
read
   --> src\multiplayer\mod.rs:144:9
    |
141 | pub struct PeerInfo {
    |            -------- fields in this struct
...
144 |     pub game_preferences: GamePreferences,
    |         ^^^^^^^^^^^^^^^^
145 |     pub last_seen: Instant,
    |         ^^^^^^^^^
    |
    = note: `PeerInfo` has derived impls for the traits 
`Clone` and `Debug`, but these are intentionally ignored 
during dead code analysis

warning: fields `session_id`, `opponent`, and `stake_amount` 
are never read
   --> src\multiplayer\mod.rs:176:9
    |
175 | pub struct GameSession {
    |            ----------- fields in this struct
176 |     pub session_id: String,
    |         ^^^^^^^^^^
177 |     pub opponent: PeerInfo,
    |         ^^^^^^^^
178 |     pub stake_amount: f64,
    |         ^^^^^^^^^^^^
    |
    = note: `GameSession` has derived impls for the traits 
`Clone` and `Debug`, but these are intentionally ignored 
during dead code analysis

warning: fields `game_id`, `initial_fen`, and `last_active` 
are never read
   --> src\multiplayer\mod.rs:186:9
    |
185 | pub struct MultiplayerGameState {
    |            -------------------- fields in this struct
186 |     pub game_id: u64,
    |         ^^^^^^^
187 |     pub my_color: PlayerColor,
188 |     pub initial_fen: String,
    |         ^^^^^^^^^^^
189 |     pub last_active: Instant,
    |         ^^^^^^^^^^^
    |
    = note: `MultiplayerGameState` has derived impls for the 
traits `Clone` and `Debug`, but these are intentionally 
ignored during dead code analysis

warning: struct `NetworkGameStateUpdated` is never constructed
  --> src\multiplayer\network\braid.rs:45:12
   |
45 | pub struct NetworkGameStateUpdated(pub BraidGameState);
   |            ^^^^^^^^^^^^^^^^^^^^^^^

warning: fields `connection_status`, `incoming_chess_rx`, and 
`outgoing_tx` are never read
  --> src\multiplayer\network\braid.rs:50:9
   |
49 | pub struct BraidNodeManager {
   |            ---------------- fields in this struct
50 |     pub connection_status: BraidConnectionStatus,
   |         ^^^^^^^^^^^^^^^^^
51 |     /// Crossbeam channel for Bevy to poll incoming Che...
52 |     pub incoming_chess_rx: Option<Receiver<ChessMessage>>,
   |         ^^^^^^^^^^^^^^^^^
53 |     /// Sender to push local moves/events to the backgr...
54 |     pub outgoing_tx: Option<tokio::sync::mpsc::Sender<C...
   |         ^^^^^^^^^^^

warning: method `initialize_braid_session` is never used
  --> src\multiplayer\network\braid.rs:62:12
   |
61 | impl BraidNodeManager {
   | --------------------- method in this implementation
62 |     pub fn initialize_braid_session(
   |            ^^^^^^^^^^^^^^^^^^^^^^^^

warning: constant `MAGICBLOCK_EU_DEVNET` is never used
  --> src\multiplayer\solana\integration\state.rs:17:11
   |
17 | pub const MAGICBLOCK_EU_DEVNET: &str = "https://devnet-...
   |           ^^^^^^^^^^^^^^^^^^^^

warning: associated items `get_game_pda`, `get_escrow_pda`, 
`get_move_log_pda`, `get_session_delegation_pda`, and 
`create_rpc_client` are never used
   --> src\multiplayer\solana\integration\state.rs:91:12
    |
84  | impl SolanaIntegrationState {
    | --------------------------- associated items in this 
implementation
...
91  |     pub fn get_game_pda(&self, game_id: u64) -> Pubkey {
    |            ^^^^^^^^^^^^
...
96  |     pub fn get_escrow_pda(&self, game_id: u64) -> Pubk...
    |            ^^^^^^^^^^^^^^
...
106 |     pub fn get_move_log_pda(&self, game_id: u64) -> Pu...
    |            ^^^^^^^^^^^^^^^^
...
111 |     pub fn get_session_delegation_pda(&self, game_id: ...
    |            ^^^^^^^^^^^^^^^^^^^^^^^^^^
...
120 |     pub fn create_rpc_client(rpc_url: &str) -> RpcClie...
    |            ^^^^^^^^^^^^^^^^^

warning: function `auto_init_profile` is never used
   --> 
src\multiplayer\solana\integration\profile_check.rs:118:8
    |
118 | pub fn auto_init_profile(
    |        ^^^^^^^^^^^^^^^^^

warning: function `initiate_game_on_chain` is never used
  --> src\multiplayer\solana\integration\rpc.rs:13:14
   |
13 | pub async fn initiate_game_on_chain(
   |              ^^^^^^^^^^^^^^^^^^^^^^

warning: function `join_game_on_chain` is never used
  --> src\multiplayer\solana\integration\rpc.rs:67:14
   |
67 | pub async fn join_game_on_chain(
   |              ^^^^^^^^^^^^^^^^^^

warning: function `prepare_final_game_state` is never used
   --> src\multiplayer\solana\integration\rpc.rs:111:8
    |
111 | pub fn prepare_final_game_state(
    |        ^^^^^^^^^^^^^^^^^^^^^^^^

warning: variants `Success` and `Error` are never constructed
  --> src\multiplayer\solana\addon.rs:13:5
   |
12 | pub enum SolanaResult<T> {
   |          ------------ variants in this enum
13 |     Success(T),
   |     ^^^^^^^
14 |     Error(String),
   |     ^^^^^
   |
   = note: `SolanaResult` has derived impls for the traits 
`Clone` and `Debug`, but these are intentionally ignored 
during dead code analysis

warning: method `is_connected` is never used
  --> src\multiplayer\solana\addon.rs:27:12
   |
26 | impl SolanaWallet {
   | ----------------- method in this implementation
27 |     pub fn is_connected(&self) -> bool {
   |            ^^^^^^^^^^^^

warning: fields `pending_confirmation`, `last_signature`, 
`rpc_url`, and `result_tx` are never read
  --> src\multiplayer\solana\addon.rs:38:9
   |
34 | pub struct SolanaGameSync {
   |            -------------- fields in this struct
...
38 |     pub pending_confirmation: bool,
   |         ^^^^^^^^^^^^^^^^^^^^
39 |     pub last_signature: Option<Signature>,
   |         ^^^^^^^^^^^^^^
40 |     pub rpc_url: String,
   |         ^^^^^^^
41 |     pub result_tx: Option<tokio::sync::mpsc::Sender<Sol...
   |         ^^^^^^^^^
   |
   = note: `SolanaGameSync` has derived impls for the traits 
`Clone` and `Debug`, but these are intentionally ignored 
during dead code analysis

warning: fields `match_id`, `opponent_pubkey`, `stake_amount`, 
`is_ranked`, `elo_rating`, and `opponent_elo` are never read
  --> src\multiplayer\solana\addon.rs:61:9
   |
60 | pub struct CompetitiveMatchState {
   |            --------------------- fields in this struct
61 |     pub match_id: Option<u64>,
   |         ^^^^^^^^
62 |     pub opponent_pubkey: Option<Pubkey>,
   |         ^^^^^^^^^^^^^^^
63 |     pub stake_amount: u64,
   |         ^^^^^^^^^^^^
64 |     pub is_ranked: bool,
   |         ^^^^^^^^^
65 |     pub elo_rating: u32,
   |         ^^^^^^^^^^
66 |     pub opponent_elo: u32,
   |         ^^^^^^^^^^^^
   |
   = note: `CompetitiveMatchState` has derived impls for the 
traits `Clone` and `Debug`, but these are intentionally 
ignored during dead code analysis

warning: fields `username` and `total_wagered` are never read
  --> src\multiplayer\solana\addon.rs:78:9
   |
77 | pub struct SolanaProfile {
   |            ------------- fields in this struct
78 |     pub username: String,
   |         ^^^^^^^^
79 |     pub elo: u32,
80 |     pub total_wagered: u64,
   |         ^^^^^^^^^^^^^
   |
   = note: `SolanaProfile` has derived impls for the traits 
`Clone` and `Debug`, but these are intentionally ignored 
during dead code analysis

warning: field `start_turn` is never read
  --> src\multiplayer\rollup\manager.rs:19:9
   |
16 | pub struct PendingBatch {
   |            ------------ field in this struct
...
19 |     pub start_turn: u16,
   |         ^^^^^^^^^^
   |
   = note: `PendingBatch` has derived impls for the traits 
`Clone` and `Debug`, but these are intentionally ignored 
during dead code analysis

warning: associated items `default_for_game`, 
`add_remote_move`, and `batch_commit_success` are never used
   --> src\multiplayer\rollup\manager.rs:68:12
    |
53  | impl EphemeralRollupManager {
    | --------------------------- associated items in this 
implementation
...
68  |     pub fn default_for_game(game_id: u64) -> Self {
    |            ^^^^^^^^^^^^^^^^
...
108 |     pub fn add_remote_move(&mut self, move_uci: String...
    |            ^^^^^^^^^^^^^^^
...
137 |     pub fn batch_commit_success(&mut self, final_fen: ...
    |            ^^^^^^^^^^^^^^^^^^^^

warning: variant `NeedResync` is never constructed
   --> src\multiplayer\rollup\manager.rs:201:5
    |
178 | pub enum RollupEvent {
    |          ----------- variant in this enum
...
201 |     NeedResync {
    |     ^^^^^^^^^^
    |
    = note: `RollupEvent` has derived impls for the traits 
`Clone` and `Debug`, but these are intentionally ignored 
during dead code analysis

warning: variant `Serialization` is never constructed
  --> src\multiplayer\rollup\session_keys.rs:25:5
   |
14 | pub enum SessionKeyError {
   |          --------------- variant in this enum
...
25 |     Serialization(String),
   |     ^^^^^^^^^^^^^
   |
   = note: `SessionKeyError` has a derived impl for the trait 
`Debug`, but this is intentionally ignored during dead code 
analysis

warning: multiple associated items are never used
   --> src\multiplayer\rollup\session_keys.rs:44:12
    |
43  | impl SessionKeyManager {
    | ---------------------- associated items in this 
implementation
44  |     pub fn new(game_id: u64) -> Self {
    |            ^^^
...
58  |     pub fn load_or_create_keypair(&mut self) -> Result...
    |            ^^^^^^^^^^^^^^^^^^^^^^
...
77  |     pub fn load_or_create_session_keypair_sync(
    |            ^^^^^^^^^^^^^^^^^^^^^^^^^^^^^^^^^^^
...
84  |     fn save_keypair_to_disk(&self, keypair: &Keypair) ...
    |        ^^^^^^^^^^^^^^^^^^^^
...
144 |     pub fn get_session_keypair(&self) -> Option<&Keypa...
    |            ^^^^^^^^^^^^^^^^^^^
...
148 |     pub fn clear_session_keypair(&mut self) {
    |            ^^^^^^^^^^^^^^^^^^^^^
...
170 |     pub fn game_id(&self) -> u64 {
    |            ^^^^^^^
...
175 |     pub fn has_keypair(&self) -> bool {
    |            ^^^^^^^^^^^

warning: struct `SignReq` is never constructed
  --> src\multiplayer\rollup\vps_client.rs:52:8
   |
52 | struct SignReq<'a> {
   |        ^^^^^^^

warning: function `sign_and_submit` is never used
   --> src\multiplayer\rollup\vps_client.rs:138:8
    |
138 | pub fn sign_and_submit(game_id: u64, tx_bytes: &[u8]) ...
    |        ^^^^^^^^^^^^^^^

warning: constant `MAGIC_BLOCK_EXPLORER` is never used
  --> src\multiplayer\rollup\magicblock.rs:35:11
   |
35 | pub const MAGIC_BLOCK_EXPLORER: &str = "https://explore...
   |           ^^^^^^^^^^^^^^^^^^^^

warning: constant `ER_TIMEOUT_MS` is never used
  --> src\multiplayer\rollup\magicblock.rs:38:11
   |
38 | pub const ER_TIMEOUT_MS: u64 = 5000;
   |           ^^^^^^^^^^^^^

warning: constant `MAGIC_CONTEXT_PUBKEY` is never used
  --> src\multiplayer\rollup\magicblock.rs:47:11
   |
47 | pub const MAGIC_CONTEXT_PUBKEY: &str = "MagicContext111...
   |           ^^^^^^^^^^^^^^^^^^^^

warning: constant `MAGIC_PROGRAM_PUBKEY` is never used
  --> src\multiplayer\rollup\magicblock.rs:50:11
   |
50 | pub const MAGIC_PROGRAM_PUBKEY: &str = "Magic1111111111...
   |           ^^^^^^^^^^^^^^^^^^^^

warning: variants `UndelegationFailed`, 
`TransactionRoutingFailed`, `NotDelegated`, and 
`RetryExhausted` are never constructed
  --> src\multiplayer\rollup\magicblock.rs:69:5
   |
64 | pub enum MagicBlockError {
   |          --------------- variants in this enum
...
69 |     UndelegationFailed(String),
   |     ^^^^^^^^^^^^^^^^^^
...
72 |     TransactionRoutingFailed(String),
   |     ^^^^^^^^^^^^^^^^^^^^^^^^
...
75 |     NotDelegated,
   |     ^^^^^^^^^^^^
...
78 |     RetryExhausted,
   |     ^^^^^^^^^^^^^^
   |
   = note: `MagicBlockError` has derived impls for the traits 
`Clone` and `Debug`, but these are intentionally ignored 
during dead code analysis

warning: variants `Delegating`, `Undelegating`, and `Failed` 
are never constructed
  --> src\multiplayer\rollup\magicblock.rs:86:5
   |
83 | pub enum DelegationStatus {
   |          ---------------- variants in this enum
...
86 |     Delegating,
   |     ^^^^^^^^^^
87 |     Delegated,
88 |     Undelegating,
   |     ^^^^^^^^^^^^
89 |     Failed,
   |     ^^^^^^
   |
   = note: `DelegationStatus` has derived impls for the traits 
`Clone` and `Debug`, but these are intentionally ignored 
during dead code analysis

warning: fields `er_endpoint`, `max_retries`, and 
`fallback_to_solana` are never read
   --> src\multiplayer\rollup\magicblock.rs:96:9
    |
94  | pub struct MagicBlockConfig {
    |            ---------------- fields in this struct
95  |     /// The ER validator endpoint URL
96  |     pub er_endpoint: String,
    |         ^^^^^^^^^^^
...
100 |     pub max_retries: u32,
    |         ^^^^^^^^^^^
101 |     /// Whether to fall back to Solana on ER failure
102 |     pub fallback_to_solana: bool,
    |         ^^^^^^^^^^^^^^^^^^
    |
    = note: `MagicBlockConfig` has derived impls for the 
traits `Debug` and `Clone`, but these are intentionally 
ignored during dead code analysis

warning: multiple associated items are never used
   --> src\multiplayer\rollup\magicblock.rs:170:12
    |
137 | impl MagicBlockResolver {
    | ----------------------- associated items in this 
implementation
...
170 |     pub fn er_explorer_url(&self, signature: &str) -> ...
    |            ^^^^^^^^^^^^^^^
...
182 |     pub fn delegate_game(
    |            ^^^^^^^^^^^^^
...
214 |     fn attempt_delegation(
    |        ^^^^^^^^^^^^^^^^^^
...
244 |     fn execute_delegation(
    |        ^^^^^^^^^^^^^^^^^^
...
342 |     fn poll_for_confirmation(
    |        ^^^^^^^^^^^^^^^^^^^^^
...
386 |     fn check_signature_landed(
    |        ^^^^^^^^^^^^^^^^^^^^^^
...
506 |     pub fn undelegate_game(&mut self, payer: &Keypair)...
    |            ^^^^^^^^^^^^^^^
...
538 |     fn attempt_undelegation(
    |        ^^^^^^^^^^^^^^^^^^^^
...
571 |     fn execute_undelegation(
    |        ^^^^^^^^^^^^^^^^^^^^
...
596 |     fn create_undelegation_instruction(
    |        ^^^^^^^^^^^^^^^^^^^^^^^^^^^^^^^
...
637 |     pub fn route_transaction(
    |            ^^^^^^^^^^^^^^^^^
...
650 |     fn route_to_er(
    |        ^^^^^^^^^^^
...
693 |     fn send_to_er(&self, instructions: &[Instruction],...
    |        ^^^^^^^^^^
...
742 |     fn route_to_solana(
    |        ^^^^^^^^^^^^^^^

warning: variant `GameUndelegated` is never constructed
   --> src\multiplayer\rollup\magicblock.rs:790:5
    |
786 | pub enum MagicBlockEvent {
    |          --------------- variant in this enum
...
790 |     GameUndelegated { game_pda: Pubkey },
    |     ^^^^^^^^^^^^^^^
    |
    = note: `MagicBlockEvent` has derived impls for the traits 
`Clone` and `Debug`, but these are intentionally ignored 
during dead code analysis

warning: methods `start_game`, `finalize_game`, and 
`is_game_active` are never used
  --> src\multiplayer\rollup\mvp_plugin.rs:19:12
   |
18 | impl EphemeralMvpState {
   | ---------------------- methods in this implementation
19 |     pub fn start_game(&mut self, _game_id: u64, _initia...
   |            ^^^^^^^^^^
...
24 |     pub fn finalize_game(&mut self) {
   |            ^^^^^^^^^^^^^
...
28 |     pub fn is_game_active(&self) -> bool {
   |            ^^^^^^^^^^^^^^

warning: fields `transactions`, `log_file`, `pretty_print`, 
and `game_id` are never read
  --> src\multiplayer\ui\tx_debugger.rs:75:9
   |
74 | pub struct TransactionDebugger {
   |            ------------------- fields in this struct
75 |     pub transactions: Vec<RollupTransaction>,
   |         ^^^^^^^^^^^^
76 |     pub log_file: Option<File>,
   |         ^^^^^^^^
77 |     pub pretty_print: bool,
   |         ^^^^^^^^^^^^
78 |     pub game_id: Option<u64>,
   |         ^^^^^^^

warning: multiple methods are never used
   --> src\multiplayer\ui\tx_debugger.rs:108:12
    |
81  | impl TransactionDebugger {
    | ------------------------ methods in this implementation
...
108 |     pub fn log_event(&mut self, tx: RollupTransaction) {
    |            ^^^^^^^^^
...
133 |     pub fn log_rollup_event(&mut self, event: &RollupE...
    |            ^^^^^^^^^^^^^^^^
...
226 |     pub fn log_p2p_message(&mut self, game_id: u64, me...
    |            ^^^^^^^^^^^^^^^
...
247 |     pub fn log_solana_submission(&mut self, game_id: u...
    |            ^^^^^^^^^^^^^^^^^^^^^
...
272 |     fn format_colored(&self, tx: &RollupTransaction) -...
    |        ^^^^^^^^^^^^^^
...
326 |     pub fn export_to_json(&self, path: &PathBuf) -> io...
    |            ^^^^^^^^^^^^^^
...
342 |     pub fn transaction_count(&self) -> usize {
    |            ^^^^^^^^^^^^^^^^^
...
347 |     pub fn confirmed_count(&self) -> usize {
    |            ^^^^^^^^^^^^^^^
...
355 |     pub fn print_summary(&self) {
    |            ^^^^^^^^^^^^^

warning: function `calculate_batch_hash` is never used
   --> src\multiplayer\ui\tx_debugger.rs:431:4
    |
431 | fn calculate_batch_hash(game_id: u64, moves: &[String]...
    |    ^^^^^^^^^^^^^^^^^^^^

warning: function `current_timestamp` is never used
   --> src\multiplayer\ui\tx_debugger.rs:444:4
    |
444 | fn current_timestamp() -> u64 {
    |    ^^^^^^^^^^^^^^^^^

warning: field `game_pda` is never read
  --> src\multiplayer\wager_state\state.rs:16:9
   |
6  | pub struct WagerState {
   |            ---------- field in this struct
...
16 |     pub game_pda: Option<String>,
   |         ^^^^^^^^
   |
   = note: `WagerState` has derived impls for the traits 
`Clone` and `Debug`, but these are intentionally ignored 
during dead code analysis

warning: constant `KING_OFFSET` is never used
   --> src\rendering\pieces\pieces.rs:276:11
    |
276 | pub const KING_OFFSET: Vec3 = Vec3::new(0.0, 0.0, 1.83);
    |           ^^^^^^^^^^^

warning: constant `QUEEN_OFFSET` is never used
   --> src\rendering\pieces\pieces.rs:277:11
    |
277 | pub const QUEEN_OFFSET: Vec3 = Vec3::new(0.0, 0.0, 0.92);
    |           ^^^^^^^^^^^^

warning: constant `BISHOP_OFFSET` is never used
   --> src\rendering\pieces\pieces.rs:278:11
    |
278 | pub const BISHOP_OFFSET: Vec3 = Vec3::new(0.0, 0.0, 0.0);
    |           ^^^^^^^^^^^^^

warning: constant `KNIGHT_OFFSET` is never used
   --> src\rendering\pieces\pieces.rs:279:11
    |
279 | pub const KNIGHT_OFFSET: Vec3 = Vec3::new(0.0, 0.0, -0...
    |           ^^^^^^^^^^^^^

warning: constant `ROOK_OFFSET` is never used
   --> src\rendering\pieces\pieces.rs:280:11
    |
280 | pub const ROOK_OFFSET: Vec3 = Vec3::new(0.0, 0.0, -1.82);
    |           ^^^^^^^^^^^

warning: constant `PAWN_OFFSET` is never used
   --> src\rendering\pieces\pieces.rs:281:11
    |
281 | pub const PAWN_OFFSET: Vec3 = Vec3::new(0.0, 0.0, -2.63);
    |           ^^^^^^^^^^^

warning: function `calculate_capture_position` is never used
   --> src\rendering\pieces\pieces.rs:627:8
    |
627 | pub fn calculate_capture_position(
    |        ^^^^^^^^^^^^^^^^^^^^^^^^^^

warning: method `to_world` is never used
  --> src\rendering\utils.rs:60:12
   |
49 | impl Square {
   | ----------- method in this implementation
...
60 |     pub fn to_world(&self) -> (f32, f32) {
   |            ^^^^^^^^

warning: fields `grey_color` and `templeos_white` are never 
read
  --> src\rendering\utils.rs:79:9
   |
71 | pub struct SquareMaterials {
   |            --------------- fields in this struct
...
79 |     pub grey_color: Handle<StandardMaterial>,
   |         ^^^^^^^^^^
80 |     /// White material for TempleOS view (dark...
81 |     pub templeos_white: Handle<StandardMaterial>,
   |         ^^^^^^^^^^^^^^

warning: constant `SOLANA_PROGRAM_ID` is never used
 --> src\solana\core\constants.rs:5:11
  |
5 | pub const SOLANA_PROGRAM_ID: &str = "3D2EnKUfbev1HqU5rML...
  |           ^^^^^^^^^^^^^^^^^

warning: constant `GAME_SEED` is never used
 --> src\solana\core\constants.rs:8:11
  |
8 | pub const GAME_SEED: &[u8] = b"game";
  |           ^^^^^^^^^

warning: constant `PLAYER_SEED` is never used
 --> src\solana\core\constants.rs:9:11
  |
9 | pub const PLAYER_SEED: &[u8] = b"player";
  |           ^^^^^^^^^^^

warning: constant `RENT_EXEMPTION_LAMPORTS` is never used
  --> src\solana\core\constants.rs:12:11
   |
12 | pub const RENT_EXEMPTION_LAMPORTS: u64 = 890880; // Amo...
   |           ^^^^^^^^^^^^^^^^^^^^^^^

warning: constant `MAX_MOVES` is never used
  --> src\solana\core\constants.rs:15:11
   |
15 | pub const MAX_MOVES: usize = 200;
   |           ^^^^^^^^^

warning: constant `GAME_TIMEOUT_SECONDS` is never used
  --> src\solana\core\constants.rs:18:11
   |
18 | pub const GAME_TIMEOUT_SECONDS: i64 = 600; // 10 minutes
   |           ^^^^^^^^^^^^^^^^^^^^

warning: constant `USERNAME_SEED` is never used
  --> src\solana\program_interface\instructions.rs:25:11
   |
25 | pub const USERNAME_SEED: &[u8] = b"username";
   |           ^^^^^^^^^^^^^

warning: constant `TOURNAMENT_SEED` is never used
  --> src\solana\program_interface\instructions.rs:28:11
   |
28 | pub const TOURNAMENT_SEED: &[u8] = b"tournament";
   |           ^^^^^^^^^^^^^^^

warning: constant `TOURNAMENT_ESCROW_SEED` is never used
  --> src\solana\program_interface\instructions.rs:29:11
   |
29 | pub const TOURNAMENT_ESCROW_SEED: &[u8] = b"t_escrow";
   |           ^^^^^^^^^^^^^^^^^^^^^^

warning: constant `TOURNAMENT_MATCH_SEED` is never used
  --> src\solana\program_interface\instructions.rs:30:11
   |
30 | pub const TOURNAMENT_MATCH_SEED: &[u8] = b"t_match";
   |           ^^^^^^^^^^^^^^^^^^^^^

warning: function `record_move_ix` is never used
   --> src\solana\program_interface\instructions.rs:186:8
    |
186 | pub fn record_move_ix(
    |        ^^^^^^^^^^^^^^

warning: function `finalize_game_ix` is never used
   --> src\solana\program_interface\instructions.rs:260:8
    |
260 | pub fn finalize_game_ix(
    |        ^^^^^^^^^^^^^^^^

warning: function `set_username_ix` is never used
   --> src\solana\program_interface\instructions.rs:454:8
    |
454 | pub fn set_username_ix(
    |        ^^^^^^^^^^^^^^^

warning: function `initialize_tournament_ix` is never used
   --> src\solana\program_interface\instructions.rs:488:8
    |
488 | pub fn initialize_tournament_ix(
    |        ^^^^^^^^^^^^^^^^^^^^^^^^

warning: function `register_player_ix` is never used
   --> src\solana\program_interface\instructions.rs:524:8
    |
524 | pub fn register_player_ix(
    |        ^^^^^^^^^^^^^^^^^^

warning: function `start_tournament_ix` is never used
   --> src\solana\program_interface\instructions.rs:562:8
    |
562 | pub fn start_tournament_ix(
    |        ^^^^^^^^^^^^^^^^^^^

warning: function `record_match_result_ix` is never used
   --> src\solana\program_interface\instructions.rs:588:8
    |
588 | pub fn record_match_result_ix(
    |        ^^^^^^^^^^^^^^^^^^^^^^

warning: function `advance_final_ix` is never used
   --> src\solana\program_interface\instructions.rs:619:8
    |
619 | pub fn advance_final_ix(
    |        ^^^^^^^^^^^^^^^^

warning: function `get_program_id` is never used
   --> src\solana\program_interface\instructions.rs:645:8
    |
645 | pub fn get_program_id() -> Result<Pubkey> {
    |        ^^^^^^^^^^^^^^

warning: variant `InvalidData` is never constructed
  --> src\solana\session\session.rs:65:5
   |
57 | pub enum SessionError {
   |          ------------ variant in this enum
...
65 |     InvalidData(String),
   |     ^^^^^^^^^^^
   |
   = note: `SessionError` has a derived impl for the trait 
`Debug`, but this is intentionally ignored during dead code 
analysis

warning: methods `keypair` and `is_valid` are never used
   --> src\solana\session\session.rs:129:12
    |
74  | impl GameSession {
    | ---------------- methods in this implementation
...
129 |     pub fn keypair(&self) -> Result<Keypair, SessionEr...
    |            ^^^^^^^
...
141 |     pub fn is_valid(&self) -> bool {
    |            ^^^^^^^^

warning: function `check_session_validity` is never used
   --> src\solana\session\session.rs:205:8
    |
205 | pub fn check_session_validity(mut session_state: ResMu...
    |        ^^^^^^^^^^^^^^^^^^^^^^

warning: constant `SIGN_SERVER_ADDR` is never used
  --> src\solana\wallet\phantom_sign.rs:20:7
   |
20 | const SIGN_SERVER_ADDR: &str = "127.0.0.1:7443";
   |       ^^^^^^^^^^^^^^^^

warning: constant `CONNECT_TIMEOUT` is never used
  --> src\solana\wallet\phantom_sign.rs:21:7
   |
21 | const CONNECT_TIMEOUT: Duration = Duration::from_secs(2);
   |       ^^^^^^^^^^^^^^^

warning: constant `READ_TIMEOUT` is never used
  --> src\solana\wallet\phantom_sign.rs:22:7
   |
22 | const READ_TIMEOUT: Duration = Duration::from_secs(65);
   |       ^^^^^^^^^^^^

warning: function `is_wallet_mode` is never used
  --> src\solana\wallet\phantom_sign.rs:26:8
   |
26 | pub fn is_wallet_mode() -> bool {
   |        ^^^^^^^^^^^^^^

warning: function `phantom_sign` is never used
  --> src\solana\wallet\phantom_sign.rs:36:8
   |
36 | pub fn phantom_sign(tx_bytes: &[u8]) -> Option<Vec<u8>> {
   |        ^^^^^^^^^^^^

warning: constant `GAME_SEED` is never used
  --> src\solana\multiplayer\mod.rs:16:7
   |
16 | const GAME_SEED: &[u8] = b"game";
   |       ^^^^^^^^^

warning: struct `BoardState` is never constructed
  --> src\solana\multiplayer\mod.rs:22:12
   |
22 | pub struct BoardState {
   |            ^^^^^^^^^^

warning: enum `PieceType` is never used
  --> src\solana\multiplayer\mod.rs:29:10
   |
29 | pub enum PieceType {
   |          ^^^^^^^^^

warning: struct `GameSession` is never constructed
  --> src\solana\multiplayer\mod.rs:40:12
   |
40 | pub struct GameSession {
   |            ^^^^^^^^^^^

warning: struct `ProcessMoveSystem` is never constructed
  --> src\solana\multiplayer\mod.rs:53:12
   |
53 | pub struct ProcessMoveSystem;
   |            ^^^^^^^^^^^^^^^^^

warning: associated functions `execute`, 
`validate_chess_move`, and `apply_move` are never used
  --> src\solana\multiplayer\mod.rs:56:12
   |
55 | impl ProcessMoveSystem {
   | ---------------------- associated functions in this 
implementation
56 |     pub fn execute(
   |            ^^^^^^^
...
80 |     fn validate_chess_move(board_state: &BoardState, mo...
   |        ^^^^^^^^^^^^^^^^^^^
...
92 |     fn apply_move(board_state: &mut BoardState, move_da...
   |        ^^^^^^^^^^

warning: struct `MultiplayerGame` is never constructed
   --> src\solana\multiplayer\mod.rs:101:12
    |
101 | pub struct MultiplayerGame;
    |            ^^^^^^^^^^^^^^^

warning: multiple associated functions are never used
   --> src\solana\multiplayer\mod.rs:105:12
    |
103 | impl MultiplayerGame {
    | -------------------- associated functions in this 
implementation
104 |     /// Initialize a new multiplayer game using ECS pa...
105 |     pub fn initialize_game(
    |            ^^^^^^^^^^^^^^^
...
183 |     pub fn process_move(
    |            ^^^^^^^^^^^^
...
247 |     pub fn join_game(
    |            ^^^^^^^^^
...
298 |     pub fn complete_game(
    |            ^^^^^^^^^^^^^
...
355 |     fn is_players_turn(game_session: &GameSession, pla...
    |        ^^^^^^^^^^^^^^^
...
364 |     fn is_player_in_game(game_session: &GameSession, p...
    |        ^^^^^^^^^^^^^^^^^
...
369 |     fn initial_board_setup() -> Vec<(u8, u8, PieceType...
    |        ^^^^^^^^^^^^^^^^^^^

warning: struct `InitializeGameParams` is never constructed
   --> src\solana\multiplayer\mod.rs:402:12
    |
402 | pub struct InitializeGameParams {
    |            ^^^^^^^^^^^^^^^^^^^^

warning: struct `MoveParams` is never constructed
   --> src\solana\multiplayer\mod.rs:409:12
    |
409 | pub struct MoveParams {
    |            ^^^^^^^^^^

warning: struct `JoinGameParams` is never constructed
   --> src\solana\multiplayer\mod.rs:416:12
    |
416 | pub struct JoinGameParams {
    |            ^^^^^^^^^^^^^^

warning: enum `SolanaUiButton` is never used
  --> src\solana\multiplayer\ui.rs:11:10
   |
11 | pub enum SolanaUiButton {
   |          ^^^^^^^^^^^^^^

warning: enum `SolanaUiState` is never used
  --> src\solana\multiplayer\ui.rs:18:10
   |
18 | pub enum SolanaUiState {
   |          ^^^^^^^^^^^^^

warning: function `setup_solana_ui` is never used
  --> src\solana\multiplayer\ui.rs:25:8
   |
25 | pub fn setup_solana_ui(mut commands: Commands) {
   |        ^^^^^^^^^^^^^^^

warning: function `update_wallet_connection` is never used
  --> src\solana\multiplayer\ui.rs:29:8
   |
29 | pub fn update_wallet_connection(
   |        ^^^^^^^^^^^^^^^^^^^^^^^^

warning: function `handle_game_interactions` is never used
  --> src\solana\multiplayer\ui.rs:53:8
   |
53 | pub fn handle_game_interactions(
   |        ^^^^^^^^^^^^^^^^^^^^^^^^

warning: function `render_solana_ui` is never used
   --> src\solana\multiplayer\ui.rs:119:8
    |
119 | pub fn render_solana_ui(
    |        ^^^^^^^^^^^^^^^^

warning: struct `SolanaUiSystemSet` is never constructed
   --> src\solana\multiplayer\ui.rs:130:12
    |
130 | pub struct SolanaUiSystemSet;
    |            ^^^^^^^^^^^^^^^^^

warning: fields `wager_sol` and `game_id_input` are never read
   --> src\states\main_menu.rs:157:9
    |
156 | pub struct CompetitiveMenuState {
    |            -------------------- fields in this struct
157 |     pub wager_sol: f32,
    |         ^^^^^^^^^
158 |     pub game_id_input: String,
    |         ^^^^^^^^^^^^^

warning: function `on_piece_viewer_click` is never used
  --> src\states\piece_viewer.rs:60:8
   |
60 | pub fn on_piece_viewer_click(
   |        ^^^^^^^^^^^^^^^^^^^^^

warning: variant `Taken` is never constructed
  --> src\ui\profile_creation.rs:27:5
   |
22 | pub enum UsernameAvailability {
   |          -------------------- variant in this enum
...
27 |     Taken,
   |     ^^^^^
   |
   = note: `UsernameAvailability` has a derived impl for the 
trait `Clone`, but this is intentionally ignored during dead 
code analysis

warning: unused import: `transaction::Transaction`
  --> src\bin\tournament_test.rs:15:5
   |
15 |     transaction::Transaction,
   |     ^^^^^^^^^^^^^^^^^^^^^^^^
   |
   = note: `#[warn(unused_imports)]` on by default

warning: unused variable: `rpc`
   --> src\bin\tournament_test.rs:198:22
    |
198 | async fn airdrop_sol(rpc: &RpcClient, pubkey: &Pubkey)...
    |                      ^^^ help: if this is intentional, 
prefix it with an underscore: `_rpc`
    |
    = note: `#[warn(unused_variables)]` on by default

warning: unused variable: `rpc`
   --> src\bin\tournament_test.rs:207:5
    |
207 |     rpc: &RpcClient,
    |     ^^^ help: if this is intentional, prefix it with an 
underscore: `_rpc`

warning: unused variable: `admin`
   --> src\bin\tournament_test.rs:208:5
    |
208 |     admin: &Keypair,
    |     ^^^^^ help: if this is intentional, prefix it with 
an underscore: `_admin`

warning: unused variable: `rpc`
   --> src\bin\tournament_test.rs:218:5
    |
218 |     rpc: &RpcClient,
    |     ^^^ help: if this is intentional, prefix it with an 
underscore: `_rpc`

warning: unused variable: `admin`
   --> src\bin\tournament_test.rs:219:5
    |
219 |     admin: &Keypair,
    |     ^^^^^ help: if this is intentional, prefix it with 
an underscore: `_admin`

warning: unused variable: `rpc`
   --> src\bin\tournament_test.rs:228:5
    |
228 |     rpc: &RpcClient,
    |     ^^^ help: if this is intentional, prefix it with an 
underscore: `_rpc`

warning: unused variable: `player`
   --> src\bin\tournament_test.rs:229:5
    |
229 |     player: &Keypair,
    |     ^^^^^^ help: if this is intentional, prefix it with 
an underscore: `_player`

warning: unused variable: `rpc`
   --> src\bin\tournament_test.rs:238:5
    |
238 |     rpc: &RpcClient,
    |     ^^^ help: if this is intentional, prefix it with an 
underscore: `_rpc`

warning: unused variable: `admin`
   --> src\bin\tournament_test.rs:239:5
    |
239 |     admin: &Keypair,
    |     ^^^^^ help: if this is intentional, prefix it with 
an underscore: `_admin`

warning: unused variable: `rpc`
   --> src\bin\tournament_test.rs:248:5
    |
248 |     rpc: &RpcClient,
    |     ^^^ help: if this is intentional, prefix it with an 
underscore: `_rpc`

warning: unused variable: `rpc`
   --> src\bin\tournament_test.rs:276:21
    |
276 | async fn play_final(rpc: &RpcClient, semifinal_results...
    |                     ^^^ help: if this is intentional, 
prefix it with an underscore: `_rpc`

warning: use of deprecated associated function 
`solana_sdk::signature::Keypair::from_bytes`: Use 
Keypair::try_from(&[u8]) instead
   --> src\bin\tournament_test.rs:339:17
    |
339 |     Ok(Keypair::from_bytes(&data)?)
    |                 ^^^^^^^^^^
    |
    = note: `#[warn(deprecated)]` on by default

warning: constant `PROGRAM_ID` is never used
  --> src\bin\tournament_test.rs:22:7
   |
22 | const PROGRAM_ID: &str = "FVPp29xDtMrh3CrTJNnxDcbGRnMMK...
   |       ^^^^^^^^^^
   |
   = note: `#[warn(dead_code)]` on by default

warning: constant `ENTRY_FEE_LAMPORTS` is never used
  --> src\bin\tournament_test.rs:25:7
   |
25 | const ENTRY_FEE_LAMPORTS: u64 = 1_000_000; // 0.001 SOL
   |       ^^^^^^^^^^^^^^^^^^

warning: field `country` is never read
  --> src\bin\tournament_test.rs:42:5
   |
40 | struct Player {
   |        ------ field in this struct
41 |     name: String,
42 |     country: String,
   |     ^^^^^^^
   |
   = note: `Player` has a derived impl for the trait `Debug`, 
but this is intentionally ignored during dead code analysis

warning: fields `game_id` and `player_signatures` are never 
read
  --> src\bin\read_game.rs:14:9
   |
13 | struct MoveLog {
   |        ------- fields in this struct
14 |     pub game_id: u64,
   |         ^^^^^^^
...
17 |     pub player_signatures: Vec<Vec<u8>>,
   |         ^^^^^^^^^^^^^^^^^
   |
   = note: `MoveLog` has a derived impl for the trait `Debug`, 
but this is intentionally ignored during dead code analysis
   = note: `#[warn(dead_code)]` on by default

warning: fields `game_id`, `created_at`, `updated_at`, 
`wager_token`, `game_type`, and `bump` are never read
  --> src\bin\read_game.rs:23:9
   |
22 | struct Game {
   |        ---- fields in this struct
23 |     pub game_id: u64,
   |         ^^^^^^^
...
31 |     pub created_at: i64,
   |         ^^^^^^^^^^
32 |     pub updated_at: i64,
   |         ^^^^^^^^^^
33 |     pub wager_amount: u64,
34 |     pub wager_token: Option<Pubkey>,
   |         ^^^^^^^^^^^
35 |     pub game_type: u8,       // GameType enum variant i...
   |         ^^^^^^^^^
36 |     pub bump: u8,
   |         ^^^^
   |
   = note: `Game` has a derived impl for the trait `Debug`, 
but this is intentionally ignored during dead code analysis

warning: fields `timestamp`, `game_id`, `event_type`, and 
`message` are never read
  --> src\bin\debugger.rs:24:5
   |
23 | struct LogEntry {
   |        -------- fields in this struct
24 |     timestamp: u64,
   |     ^^^^^^^^^
25 |     game_id: u64,
   |     ^^^^^^^
26 |     event_type: String,
   |     ^^^^^^^^^^
27 |     message: String,
   |     ^^^^^^^
   |
   = note: `LogEntry` has derived impls for the traits `Clone` 
and `Debug`, but these are intentionally ignored during dead 
code analysis
   = note: `#[warn(dead_code)]` on by default

warning: unused import: 
`solana_client::rpc_config::RpcSendTransactionConfig`
  --> src\bin\tournament_data_gen.rs:12:5
   |
12 | use solana_client::rpc_config::RpcSendTransactionConfig;
   |     ^^^^^^^^^^^^^^^^^^^^^^^^^^^^^^^^^^^^^^^^^^^^^^^^^^^
   |
   = note: `#[warn(unused_imports)]` on by default

warning: unused import: `system_program`
  --> src\bin\tournament_data_gen.rs:19:5
   |
19 |     system_program,
   |     ^^^^^^^^^^^^^^

warning: unused import: `TOURNAMENT_SEED`
  --> src\bin\tournament_data_gen.rs:41:47
   |
41 | ...advance_final_ix, TOURNAMENT_SEED, PROGRAM_ID
   |                      ^^^^^^^^^^^^^^^

warning: use of deprecated module 
`solana_sdk::system_program`: Use 
`solana_system_interface::program` instead
  --> src\bin\tournament_data_gen.rs:19:5
   |
19 |     system_program,
   |     ^^^^^^^^^^^^^^
   |
   = note: `#[warn(deprecated)]` on by default

warning: use of deprecated module 
`solana_sdk::system_instruction`: Use 
`solana_system_interface` crate instead
  --> src\bin\tournament_data_gen.rs:20:5
   |
20 |     system_instruction,
   |     ^^^^^^^^^^^^^^^^^^

warning: unused variable: `sig`
   --> src\bin\tournament_data_gen.rs:494:16
    |
494 |             Ok(sig) => {
    |                ^^^ help: if this is intentional, prefix 
it with an underscore: `_sig`
    |
    = note: `#[warn(unused_variables)]` on by default

warning: unused variable: `move_data`
   --> src\bin\tournament_data_gen.rs:597:9
    |
597 |     let move_data = String::new(); // Simplified move ...
    |         ^^^^^^^^^ help: if this is intentional, prefix 
it with an underscore: `_move_data`

warning: use of deprecated associated function 
`solana_sdk::signature::Keypair::from_bytes`: Use 
Keypair::try_from(&[u8]) instead
   --> src\bin\tournament_data_gen.rs:700:28
    |
700 |         return Ok(Keypair::from_bytes(&bytes)?);
    |                            ^^^^^^^^^^

warning: use of deprecated associated function 
`solana_sdk::signature::Keypair::from_bytes`: Use 
Keypair::try_from(&[u8]) instead
   --> src\bin\tournament_data_gen.rs:710:28
    |
710 |         return Ok(Keypair::from_bytes(&expanded)?);
    |                            ^^^^^^^^^^

warning: use of deprecated associated function 
`solana_sdk::signature::Keypair::from_bytes`: Use 
Keypair::try_from(&[u8]) instead
   --> src\bin\tournament_data_gen.rs:715:17
    |
715 |     Ok(Keypair::from_bytes(&bytes)?)
    |                 ^^^^^^^^^^

warning: constant `TOURNAMENT_ID` is never used
  --> src\bin\tournament_data_gen.rs:46:7
   |
46 | const TOURNAMENT_ID: u64 = 1743360001; // Use timestamp...
   |       ^^^^^^^^^^^^^
   |
   = note: `#[warn(dead_code)]` on by default

warning: `xfchess` (bin "admin_tournament") generated 3 
warnings (run `cargo fix --bin "admin_tournament"` to apply 1 
suggestion)
warning: `xfchess` (bin "xfchess") generated 228 warnings (57 
duplicates) (run `cargo fix --bin "xfchess"` to apply 34 
suggestions)
warning: `xfchess` (bin "tournament_test") generated 16 
warnings (run `cargo fix --bin "tournament_test"` to apply 1 
suggestion)
warning: `xfchess` (bin "read_game") generated 2 warnings
warning: `xfchess` (bin "debugger") generated 1 warning
warning: `xfchess` (bin "tournament_data_gen") generated 11 
warnings (run `cargo fix --bin "tournament_data_gen"` to apply 
3 suggestions)
error: this file contains an unclosed delimiter
   --> src\bin\tournament_real_test.rs:631:3
    |
94  | async fn main() -> Result<(), Box<dyn 
std::error::Error>> {
    |                                                          
 - unclosed delimiter
...
163 |     for player in &players {
    |                            - unclosed delimiter
164 |         match create_player_profile(&rpc_client, 
&admin_keypair, &player.keypair.pubkey()).await {
    |                                                          
                                        - unclosed delimiter
...
174 |             Err(e) => {
    |                       - unclosed delimiter
175 |                 session_notes.push(SessionNote {
    |                                   -            - this 
delimiter might not be properly closed...
    |                                   |
    |                                   unclosed delimiter
...
276 | }
    | - ...as it matches this but it has different indentation
...
631 | }
    |  ^

error: could not compile `xfchess` (bin 
"tournament_real_test") due to 1 previous error
warning: build failed, waiting for other jobs to finish...
error: couldn't read `opera_test.rs`: The system cannot find 
the file specified. (os error 2)

error: could not compile `xfchess` (bin "opera_test") due to 1 
previous error
