cargo : warning: profiles for the non root package will be ignored, specify profiles at the workspace root:
At line:1 char:1
+ cargo test --lib game::ai::resource > test_output.txt 2>&1
+ ~~~~~~~~~~~~~~~~~~~~~~~~~~~~~~~~~~~~~~~~~~~~~~~~~~~~~~~~~~
    + CategoryInfo          : NotSpecified: (warning: profil...workspace root::String) [], RemoteException
    + FullyQualifiedErrorId : NativeCommandError
 
package:   C:\Users\isich\XFChess\crates\iroh-gossip\Cargo.toml
workspace: C:\Users\isich\XFChess\Cargo.toml
warning: unexpected `cfg` condition name: `docs_rs`
  --> crates\shakmaty-host-vendored\src\lib.rs:78:13
   |
78 | #![cfg_attr(docs_rs, feature(doc_cfg))]
   |             ^^^^^^^ help: there is a config with a similar name: `docsrs`
   |
   = help: consider using a Cargo feature instead
   = help: or consider adding in `Cargo.toml` the `check-cfg` lint config for the lint:
            [lints.rust]
            unexpected_cfgs = { level = "warn", check-cfg = ['cfg(docs_rs)'] }
   = help: or consider adding `println!("cargo::rustc-check-cfg=cfg(docs_rs)");` to the top of the `build.rs`
   = note: see <https://doc.rust-lang.org/nightly/rustc/check-cfg/cargo-specifics.html> for more information about 
checking conditional configuration
   = note: `#[warn(unexpected_cfgs)]` on by default

warning: unexpected `cfg` condition value: `arbitrary`
 --> crates\shakmaty-host-vendored\src\castling_side.rs:6:12
  |
6 | #[cfg_attr(feature = "arbitrary", derive(arbitrary::Arbitrary))]
  |            ^^^^^^^^^^^^^^^^^^^^^
  |
  = note: expected values for `feature` are: `alloc`, `default`, `nohash-hasher`, `serde`, `std`, `uci`, and `variant`
  = help: consider adding `arbitrary` as a feature in `Cargo.toml`
  = note: see <https://doc.rust-lang.org/nightly/rustc/check-cfg/cargo-specifics.html> for more information about 
checking conditional configuration

warning: unexpected `cfg` condition value: `bincode`
 --> crates\shakmaty-host-vendored\src\castling_side.rs:7:12
  |
7 | #[cfg_attr(feature = "bincode", derive(bincode::Encode, bincode::Decode))]
  |            ^^^^^^^^^^^^^^^^^^^
  |
  = note: expected values for `feature` are: `alloc`, `default`, `nohash-hasher`, `serde`, `std`, `uci`, and `variant`
  = help: consider adding `bincode` as a feature in `Cargo.toml`
  = note: see <https://doc.rust-lang.org/nightly/rustc/check-cfg/cargo-specifics.html> for more information about 
checking conditional configuration

warning: unexpected `cfg` condition value: `arbitrary`
   --> crates\shakmaty-host-vendored\src\castling_side.rs:103:12
    |
103 | #[cfg_attr(feature = "arbitrary", derive(arbitrary::Arbitrary))]
    |            ^^^^^^^^^^^^^^^^^^^^^
    |
    = note: expected values for `feature` are: `alloc`, `default`, `nohash-hasher`, `serde`, `std`, `uci`, and 
`variant`
    = help: consider adding `arbitrary` as a feature in `Cargo.toml`
    = note: see <https://doc.rust-lang.org/nightly/rustc/check-cfg/cargo-specifics.html> for more information about 
checking conditional configuration

warning: unexpected `cfg` condition value: `bincode`
   --> crates\shakmaty-host-vendored\src\castling_side.rs:104:12
    |
104 | #[cfg_attr(feature = "bincode", derive(bincode::Encode, bincode::Decode))]
    |            ^^^^^^^^^^^^^^^^^^^
    |
    = note: expected values for `feature` are: `alloc`, `default`, `nohash-hasher`, `serde`, `std`, `uci`, and 
`variant`
    = help: consider adding `bincode` as a feature in `Cargo.toml`
    = note: see <https://doc.rust-lang.org/nightly/rustc/check-cfg/cargo-specifics.html> for more information about 
checking conditional configuration

warning: unexpected `cfg` condition value: `arbitrary`
 --> crates\shakmaty-host-vendored\src\color.rs:9:12
  |
9 | #[cfg_attr(feature = "arbitrary", derive(arbitrary::Arbitrary))]
  |            ^^^^^^^^^^^^^^^^^^^^^
  |
  = note: expected values for `feature` are: `alloc`, `default`, `nohash-hasher`, `serde`, `std`, `uci`, and `variant`
  = help: consider adding `arbitrary` as a feature in `Cargo.toml`
  = note: see <https://doc.rust-lang.org/nightly/rustc/check-cfg/cargo-specifics.html> for more information about 
checking conditional configuration

warning: unexpected `cfg` condition value: `bincode`
  --> crates\shakmaty-host-vendored\src\color.rs:10:12
   |
10 | #[cfg_attr(feature = "bincode", derive(bincode::Encode, bincode::Decode))]
   |            ^^^^^^^^^^^^^^^^^^^
   |
   = note: expected values for `feature` are: `alloc`, `default`, `nohash-hasher`, `serde`, `std`, `uci`, and `variant`
   = help: consider adding `bincode` as a feature in `Cargo.toml`
   = note: see <https://doc.rust-lang.org/nightly/rustc/check-cfg/cargo-specifics.html> for more information about 
checking conditional configuration

warning: unexpected `cfg` condition value: `arbitrary`
   --> crates\shakmaty-host-vendored\src\color.rs:203:12
    |
203 | #[cfg_attr(feature = "arbitrary", derive(arbitrary::Arbitrary))]
    |            ^^^^^^^^^^^^^^^^^^^^^
    |
    = note: expected values for `feature` are: `alloc`, `default`, `nohash-hasher`, `serde`, `std`, `uci`, and 
`variant`
    = help: consider adding `arbitrary` as a feature in `Cargo.toml`
    = note: see <https://doc.rust-lang.org/nightly/rustc/check-cfg/cargo-specifics.html> for more information about 
checking conditional configuration

warning: unexpected `cfg` condition value: `bincode`
   --> crates\shakmaty-host-vendored\src\color.rs:204:12
    |
204 | #[cfg_attr(feature = "bincode", derive(bincode::Encode, bincode::Decode))]
    |            ^^^^^^^^^^^^^^^^^^^
    |
    = note: expected values for `feature` are: `alloc`, `default`, `nohash-hasher`, `serde`, `std`, `uci`, and 
`variant`
    = help: consider adding `bincode` as a feature in `Cargo.toml`
    = note: see <https://doc.rust-lang.org/nightly/rustc/check-cfg/cargo-specifics.html> for more information about 
checking conditional configuration

warning: unexpected `cfg` condition value: `arbitrary`
  --> crates\shakmaty-host-vendored\src\m.rs:17:12
   |
17 | #[cfg_attr(feature = "arbitrary", derive(arbitrary::Arbitrary))]
   |            ^^^^^^^^^^^^^^^^^^^^^
   |
   = note: expected values for `feature` are: `alloc`, `default`, `nohash-hasher`, `serde`, `std`, `uci`, and `variant`
   = help: consider adding `arbitrary` as a feature in `Cargo.toml`
   = note: see <https://doc.rust-lang.org/nightly/rustc/check-cfg/cargo-specifics.html> for more information about 
checking conditional configuration

warning: unexpected `cfg` condition value: `arbitrary`
  --> crates\shakmaty-host-vendored\src\position.rs:22:12
   |
22 | #[cfg_attr(feature = "arbitrary", derive(arbitrary::Arbitrary))]
   |            ^^^^^^^^^^^^^^^^^^^^^
   |
   = note: expected values for `feature` are: `alloc`, `default`, `nohash-hasher`, `serde`, `std`, `uci`, and `variant`
   = help: consider adding `arbitrary` as a feature in `Cargo.toml`
   = note: see <https://doc.rust-lang.org/nightly/rustc/check-cfg/cargo-specifics.html> for more information about 
checking conditional configuration

warning: unexpected `cfg` condition value: `bincode`
  --> crates\shakmaty-host-vendored\src\position.rs:76:7
   |
76 | #[cfg(feature = "bincode")]
   |       ^^^^^^^^^^^^^^^^^^^
   |
   = note: expected values for `feature` are: `alloc`, `default`, `nohash-hasher`, `serde`, `std`, `uci`, and `variant`
   = help: consider adding `bincode` as a feature in `Cargo.toml`
   = note: see <https://doc.rust-lang.org/nightly/rustc/check-cfg/cargo-specifics.html> for more information about 
checking conditional configuration

warning: unexpected `cfg` condition value: `bincode`
  --> crates\shakmaty-host-vendored\src\position.rs:86:7
   |
86 | #[cfg(feature = "bincode")]
   |       ^^^^^^^^^^^^^^^^^^^
   |
   = note: expected values for `feature` are: `alloc`, `default`, `nohash-hasher`, `serde`, `std`, `uci`, and `variant`
   = help: consider adding `bincode` as a feature in `Cargo.toml`
   = note: see <https://doc.rust-lang.org/nightly/rustc/check-cfg/cargo-specifics.html> for more information about 
checking conditional configuration

warning: unexpected `cfg` condition value: `bincode`
  --> crates\shakmaty-host-vendored\src\position.rs:99:7
   |
99 | #[cfg(feature = "bincode")]
   |       ^^^^^^^^^^^^^^^^^^^
   |
   = note: expected values for `feature` are: `alloc`, `default`, `nohash-hasher`, `serde`, `std`, `uci`, and `variant`
   = help: consider adding `bincode` as a feature in `Cargo.toml`
   = note: see <https://doc.rust-lang.org/nightly/rustc/check-cfg/cargo-specifics.html> for more information about 
checking conditional configuration

warning: unexpected `cfg` condition value: `arbitrary`
   --> crates\shakmaty-host-vendored\src\position.rs:103:12
    |
103 | #[cfg_attr(feature = "arbitrary", derive(arbitrary::Arbitrary))]
    |            ^^^^^^^^^^^^^^^^^^^^^
    |
    = note: expected values for `feature` are: `alloc`, `default`, `nohash-hasher`, `serde`, `std`, `uci`, and 
`variant`
    = help: consider adding `arbitrary` as a feature in `Cargo.toml`
    = note: see <https://doc.rust-lang.org/nightly/rustc/check-cfg/cargo-specifics.html> for more information about 
checking conditional configuration

warning: unexpected `cfg` condition value: `bincode`
   --> crates\shakmaty-host-vendored\src\position.rs:190:7
    |
190 | #[cfg(feature = "bincode")]
    |       ^^^^^^^^^^^^^^^^^^^
    |
    = note: expected values for `feature` are: `alloc`, `default`, `nohash-hasher`, `serde`, `std`, `uci`, and 
`variant`
    = help: consider adding `bincode` as a feature in `Cargo.toml`
    = note: see <https://doc.rust-lang.org/nightly/rustc/check-cfg/cargo-specifics.html> for more information about 
checking conditional configuration

warning: unexpected `cfg` condition value: `bincode`
   --> crates\shakmaty-host-vendored\src\position.rs:212:7
    |
212 | #[cfg(feature = "bincode")]
    |       ^^^^^^^^^^^^^^^^^^^
    |
    = note: expected values for `feature` are: `alloc`, `default`, `nohash-hasher`, `serde`, `std`, `uci`, and 
`variant`
    = help: consider adding `bincode` as a feature in `Cargo.toml`
    = note: see <https://doc.rust-lang.org/nightly/rustc/check-cfg/cargo-specifics.html> for more information about 
checking conditional configuration

warning: unexpected `cfg` condition value: `bincode`
   --> crates\shakmaty-host-vendored\src\position.rs:231:7
    |
231 | #[cfg(feature = "bincode")]
    |       ^^^^^^^^^^^^^^^^^^^
    |
    = note: expected values for `feature` are: `alloc`, `default`, `nohash-hasher`, `serde`, `std`, `uci`, and 
`variant`
    = help: consider adding `bincode` as a feature in `Cargo.toml`
    = note: see <https://doc.rust-lang.org/nightly/rustc/check-cfg/cargo-specifics.html> for more information about 
checking conditional configuration

warning: unexpected `cfg` condition value: `arbitrary`
   --> crates\shakmaty-host-vendored\src\position.rs:867:7
    |
867 | #[cfg(feature = "arbitrary")]
    |       ^^^^^^^^^^^^^^^^^^^^^
    |
    = note: expected values for `feature` are: `alloc`, `default`, `nohash-hasher`, `serde`, `std`, `uci`, and 
`variant`
    = help: consider adding `arbitrary` as a feature in `Cargo.toml`
    = note: see <https://doc.rust-lang.org/nightly/rustc/check-cfg/cargo-specifics.html> for more information about 
checking conditional configuration

warning: unexpected `cfg` condition value: `arbitrary`
   --> crates\shakmaty-host-vendored\src\position.rs:876:7
    |
876 | #[cfg(feature = "arbitrary")]
    |       ^^^^^^^^^^^^^^^^^^^^^
    |
    = note: expected values for `feature` are: `alloc`, `default`, `nohash-hasher`, `serde`, `std`, `uci`, and 
`variant`
    = help: consider adding `arbitrary` as a feature in `Cargo.toml`
    = note: see <https://doc.rust-lang.org/nightly/rustc/check-cfg/cargo-specifics.html> for more information about 
checking conditional configuration

warning: unexpected `cfg` condition value: `arbitrary`
    --> crates\shakmaty-host-vendored\src\position.rs:1066:7
     |
1066 | #[cfg(feature = "arbitrary")]
     |       ^^^^^^^^^^^^^^^^^^^^^
     |
     = note: expected values for `feature` are: `alloc`, `default`, `nohash-hasher`, `serde`, `std`, `uci`, and 
`variant`
     = help: consider adding `arbitrary` as a feature in `Cargo.toml`
     = note: see <https://doc.rust-lang.org/nightly/rustc/check-cfg/cargo-specifics.html> for more information about 
checking conditional configuration

warning: unexpected `cfg` condition value: `arbitrary`
  --> crates\shakmaty-host-vendored\src\role.rs:17:12
   |
17 | #[cfg_attr(feature = "arbitrary", derive(arbitrary::Arbitrary))]
   |            ^^^^^^^^^^^^^^^^^^^^^
   |
   = note: expected values for `feature` are: `alloc`, `default`, `nohash-hasher`, `serde`, `std`, `uci`, and `variant`
   = help: consider adding `arbitrary` as a feature in `Cargo.toml`
   = note: see <https://doc.rust-lang.org/nightly/rustc/check-cfg/cargo-specifics.html> for more information about 
checking conditional configuration

warning: unexpected `cfg` condition value: `bincode`
  --> crates\shakmaty-host-vendored\src\role.rs:18:12
   |
18 | #[cfg_attr(feature = "bincode", derive(bincode::Encode, bincode::Decode))]
   |            ^^^^^^^^^^^^^^^^^^^
   |
   = note: expected values for `feature` are: `alloc`, `default`, `nohash-hasher`, `serde`, `std`, `uci`, and `variant`
   = help: consider adding `bincode` as a feature in `Cargo.toml`
   = note: see <https://doc.rust-lang.org/nightly/rustc/check-cfg/cargo-specifics.html> for more information about 
checking conditional configuration

warning: unexpected `cfg` condition value: `arbitrary`
   --> crates\shakmaty-host-vendored\src\role.rs:165:12
    |
165 | #[cfg_attr(feature = "arbitrary", derive(arbitrary::Arbitrary))]
    |            ^^^^^^^^^^^^^^^^^^^^^
    |
    = note: expected values for `feature` are: `alloc`, `default`, `nohash-hasher`, `serde`, `std`, `uci`, and 
`variant`
    = help: consider adding `arbitrary` as a feature in `Cargo.toml`
    = note: see <https://doc.rust-lang.org/nightly/rustc/check-cfg/cargo-specifics.html> for more information about 
checking conditional configuration

warning: unexpected `cfg` condition value: `bincode`
   --> crates\shakmaty-host-vendored\src\role.rs:166:12
    |
166 | #[cfg_attr(feature = "bincode", derive(bincode::Encode, bincode::Decode))]
    |            ^^^^^^^^^^^^^^^^^^^
    |
    = note: expected values for `feature` are: `alloc`, `default`, `nohash-hasher`, `serde`, `std`, `uci`, and 
`variant`
    = help: consider adding `bincode` as a feature in `Cargo.toml`
    = note: see <https://doc.rust-lang.org/nightly/rustc/check-cfg/cargo-specifics.html> for more information about 
checking conditional configuration

warning: unexpected `cfg` condition value: `arbitrary`
  --> crates\shakmaty-host-vendored\src\setup.rs:14:12
   |
14 | #[cfg_attr(feature = "arbitrary", derive(arbitrary::Arbitrary))]
   |            ^^^^^^^^^^^^^^^^^^^^^
   |
   = note: expected values for `feature` are: `alloc`, `default`, `nohash-hasher`, `serde`, `std`, `uci`, and `variant`
   = help: consider adding `arbitrary` as a feature in `Cargo.toml`
   = note: see <https://doc.rust-lang.org/nightly/rustc/check-cfg/cargo-specifics.html> for more information about 
checking conditional configuration

warning: unexpected `cfg` condition value: `arbitrary`
  --> crates\shakmaty-host-vendored\src\square.rs:32:12
   |
32 | #[cfg_attr(feature = "arbitrary", derive(arbitrary::Arbitrary))]
   |            ^^^^^^^^^^^^^^^^^^^^^
   |
   = note: expected values for `feature` are: `alloc`, `default`, `nohash-hasher`, `serde`, `std`, `uci`, and `variant`
   = help: consider adding `arbitrary` as a feature in `Cargo.toml`
   = note: see <https://doc.rust-lang.org/nightly/rustc/check-cfg/cargo-specifics.html> for more information about 
checking conditional configuration

warning: unexpected `cfg` condition value: `bincode`
  --> crates\shakmaty-host-vendored\src\square.rs:33:12
   |
33 | #[cfg_attr(feature = "bincode", derive(bincode::Encode, bincode::Decode))]
   |            ^^^^^^^^^^^^^^^^^^^
   |
   = note: expected values for `feature` are: `alloc`, `default`, `nohash-hasher`, `serde`, `std`, `uci`, and `variant`
   = help: consider adding `bincode` as a feature in `Cargo.toml`
   = note: see <https://doc.rust-lang.org/nightly/rustc/check-cfg/cargo-specifics.html> for more information about 
checking conditional configuration

warning: unexpected `cfg` condition value: `arbitrary`
   --> crates\shakmaty-host-vendored\src\square.rs:191:12
    |
191 | #[cfg_attr(feature = "arbitrary", derive(arbitrary::Arbitrary))]
    |            ^^^^^^^^^^^^^^^^^^^^^
    |
    = note: expected values for `feature` are: `alloc`, `default`, `nohash-hasher`, `serde`, `std`, `uci`, and 
`variant`
    = help: consider adding `arbitrary` as a feature in `Cargo.toml`
    = note: see <https://doc.rust-lang.org/nightly/rustc/check-cfg/cargo-specifics.html> for more information about 
checking conditional configuration

warning: unexpected `cfg` condition value: `bincode`
   --> crates\shakmaty-host-vendored\src\square.rs:192:12
    |
192 | #[cfg_attr(feature = "bincode", derive(bincode::Encode, bincode::Decode))]
    |            ^^^^^^^^^^^^^^^^^^^
    |
    = note: expected values for `feature` are: `alloc`, `default`, `nohash-hasher`, `serde`, `std`, `uci`, and 
`variant`
    = help: consider adding `bincode` as a feature in `Cargo.toml`
    = note: see <https://doc.rust-lang.org/nightly/rustc/check-cfg/cargo-specifics.html> for more information about 
checking conditional configuration

warning: unexpected `cfg` condition value: `arbitrary`
   --> crates\shakmaty-host-vendored\src\square.rs:349:12
    |
349 | #[cfg_attr(feature = "arbitrary", derive(arbitrary::Arbitrary))]
    |            ^^^^^^^^^^^^^^^^^^^^^
    |
    = note: expected values for `feature` are: `alloc`, `default`, `nohash-hasher`, `serde`, `std`, `uci`, and 
`variant`
    = help: consider adding `arbitrary` as a feature in `Cargo.toml`
    = note: see <https://doc.rust-lang.org/nightly/rustc/check-cfg/cargo-specifics.html> for more information about 
checking conditional configuration

warning: unexpected `cfg` condition value: `bincode`
   --> crates\shakmaty-host-vendored\src\square.rs:350:12
    |
350 | #[cfg_attr(feature = "bincode", derive(bincode::Encode, bincode::Decode))]
    |            ^^^^^^^^^^^^^^^^^^^
    |
    = note: expected values for `feature` are: `alloc`, `default`, `nohash-hasher`, `serde`, `std`, `uci`, and 
`variant`
    = help: consider adding `bincode` as a feature in `Cargo.toml`
    = note: see <https://doc.rust-lang.org/nightly/rustc/check-cfg/cargo-specifics.html> for more information about 
checking conditional configuration

warning: unexpected `cfg` condition value: `arbitrary`
  --> crates\shakmaty-host-vendored\src\types.rs:13:12
   |
13 | #[cfg_attr(feature = "arbitrary", derive(arbitrary::Arbitrary))]
   |            ^^^^^^^^^^^^^^^^^^^^^
   |
   = note: expected values for `feature` are: `alloc`, `default`, `nohash-hasher`, `serde`, `std`, `uci`, and `variant`
   = help: consider adding `arbitrary` as a feature in `Cargo.toml`
   = note: see <https://doc.rust-lang.org/nightly/rustc/check-cfg/cargo-specifics.html> for more information about 
checking conditional configuration

warning: unexpected `cfg` condition value: `bincode`
  --> crates\shakmaty-host-vendored\src\types.rs:36:7
   |
36 | #[cfg(feature = "bincode")]
   |       ^^^^^^^^^^^^^^^^^^^
   |
   = note: expected values for `feature` are: `alloc`, `default`, `nohash-hasher`, `serde`, `std`, `uci`, and `variant`
   = help: consider adding `bincode` as a feature in `Cargo.toml`
   = note: see <https://doc.rust-lang.org/nightly/rustc/check-cfg/cargo-specifics.html> for more information about 
checking conditional configuration

warning: unexpected `cfg` condition value: `bincode`
  --> crates\shakmaty-host-vendored\src\types.rs:63:7
   |
63 | #[cfg(feature = "bincode")]
   |       ^^^^^^^^^^^^^^^^^^^
   |
   = note: expected values for `feature` are: `alloc`, `default`, `nohash-hasher`, `serde`, `std`, `uci`, and `variant`
   = help: consider adding `bincode` as a feature in `Cargo.toml`
   = note: see <https://doc.rust-lang.org/nightly/rustc/check-cfg/cargo-specifics.html> for more information about 
checking conditional configuration

warning: unexpected `cfg` condition value: `bincode`
  --> crates\shakmaty-host-vendored\src\types.rs:85:7
   |
85 | #[cfg(feature = "bincode")]
   |       ^^^^^^^^^^^^^^^^^^^
   |
   = note: expected values for `feature` are: `alloc`, `default`, `nohash-hasher`, `serde`, `std`, `uci`, and `variant`
   = help: consider adding `bincode` as a feature in `Cargo.toml`
   = note: see <https://doc.rust-lang.org/nightly/rustc/check-cfg/cargo-specifics.html> for more information about 
checking conditional configuration

warning: unexpected `cfg` condition value: `arbitrary`
  --> crates\shakmaty-host-vendored\src\types.rs:90:12
   |
90 | #[cfg_attr(feature = "arbitrary", derive(arbitrary::Arbitrary))]
   |            ^^^^^^^^^^^^^^^^^^^^^
   |
   = note: expected values for `feature` are: `alloc`, `default`, `nohash-hasher`, `serde`, `std`, `uci`, and `variant`
   = help: consider adding `arbitrary` as a feature in `Cargo.toml`
   = note: see <https://doc.rust-lang.org/nightly/rustc/check-cfg/cargo-specifics.html> for more information about 
checking conditional configuration

warning: unexpected `cfg` condition value: `arbitrary`
   --> crates\shakmaty-host-vendored\src\types.rs:143:12
    |
143 | #[cfg_attr(feature = "arbitrary", derive(arbitrary::Arbitrary))]
    |            ^^^^^^^^^^^^^^^^^^^^^
    |
    = note: expected values for `feature` are: `alloc`, `default`, `nohash-hasher`, `serde`, `std`, `uci`, and 
`variant`
    = help: consider adding `arbitrary` as a feature in `Cargo.toml`
    = note: see <https://doc.rust-lang.org/nightly/rustc/check-cfg/cargo-specifics.html> for more information about 
checking conditional configuration

warning: unexpected `cfg` condition value: `arbitrary`
   --> crates\shakmaty-host-vendored\src\types.rs:221:7
    |
221 | #[cfg(feature = "arbitrary")]
    |       ^^^^^^^^^^^^^^^^^^^^^
    |
    = note: expected values for `feature` are: `alloc`, `default`, `nohash-hasher`, `serde`, `std`, `uci`, and 
`variant`
    = help: consider adding `arbitrary` as a feature in `Cargo.toml`
    = note: see <https://doc.rust-lang.org/nightly/rustc/check-cfg/cargo-specifics.html> for more information about 
checking conditional configuration

warning: unexpected `cfg` condition value: `bincode`
   --> crates\shakmaty-host-vendored\src\types.rs:281:7
    |
281 | #[cfg(feature = "bincode")]
    |       ^^^^^^^^^^^^^^^^^^^
    |
    = note: expected values for `feature` are: `alloc`, `default`, `nohash-hasher`, `serde`, `std`, `uci`, and 
`variant`
    = help: consider adding `bincode` as a feature in `Cargo.toml`
    = note: see <https://doc.rust-lang.org/nightly/rustc/check-cfg/cargo-specifics.html> for more information about 
checking conditional configuration

warning: unexpected `cfg` condition value: `bincode`
   --> crates\shakmaty-host-vendored\src\types.rs:291:7
    |
291 | #[cfg(feature = "bincode")]
    |       ^^^^^^^^^^^^^^^^^^^
    |
    = note: expected values for `feature` are: `alloc`, `default`, `nohash-hasher`, `serde`, `std`, `uci`, and 
`variant`
    = help: consider adding `bincode` as a feature in `Cargo.toml`
    = note: see <https://doc.rust-lang.org/nightly/rustc/check-cfg/cargo-specifics.html> for more information about 
checking conditional configuration

warning: unexpected `cfg` condition value: `bincode`
   --> crates\shakmaty-host-vendored\src\types.rs:301:7
    |
301 | #[cfg(feature = "bincode")]
    |       ^^^^^^^^^^^^^^^^^^^
    |
    = note: expected values for `feature` are: `alloc`, `default`, `nohash-hasher`, `serde`, `std`, `uci`, and 
`variant`
    = help: consider adding `bincode` as a feature in `Cargo.toml`
    = note: see <https://doc.rust-lang.org/nightly/rustc/check-cfg/cargo-specifics.html> for more information about 
checking conditional configuration

warning: unexpected `cfg` condition value: `arbitrary`
  --> crates\shakmaty-host-vendored\src\bitboard.rs:25:12
   |
25 | #[cfg_attr(feature = "arbitrary", derive(arbitrary::Arbitrary))]
   |            ^^^^^^^^^^^^^^^^^^^^^
   |
   = note: expected values for `feature` are: `alloc`, `default`, `nohash-hasher`, `serde`, `std`, `uci`, and `variant`
   = help: consider adding `arbitrary` as a feature in `Cargo.toml`
   = note: see <https://doc.rust-lang.org/nightly/rustc/check-cfg/cargo-specifics.html> for more information about 
checking conditional configuration

warning: unexpected `cfg` condition value: `bincode`
    --> crates\shakmaty-host-vendored\src\bitboard.rs:1189:7
     |
1189 | #[cfg(feature = "bincode")]
     |       ^^^^^^^^^^^^^^^^^^^
     |
     = note: expected values for `feature` are: `alloc`, `default`, `nohash-hasher`, `serde`, `std`, `uci`, and 
`variant`
     = help: consider adding `bincode` as a feature in `Cargo.toml`
     = note: see <https://doc.rust-lang.org/nightly/rustc/check-cfg/cargo-specifics.html> for more information about 
checking conditional configuration

warning: unexpected `cfg` condition value: `bincode`
    --> crates\shakmaty-host-vendored\src\bitboard.rs:1199:7
     |
1199 | #[cfg(feature = "bincode")]
     |       ^^^^^^^^^^^^^^^^^^^
     |
     = note: expected values for `feature` are: `alloc`, `default`, `nohash-hasher`, `serde`, `std`, `uci`, and 
`variant`
     = help: consider adding `bincode` as a feature in `Cargo.toml`
     = note: see <https://doc.rust-lang.org/nightly/rustc/check-cfg/cargo-specifics.html> for more information about 
checking conditional configuration

warning: unexpected `cfg` condition value: `bincode`
    --> crates\shakmaty-host-vendored\src\bitboard.rs:1209:7
     |
1209 | #[cfg(feature = "bincode")]
     |       ^^^^^^^^^^^^^^^^^^^
     |
     = note: expected values for `feature` are: `alloc`, `default`, `nohash-hasher`, `serde`, `std`, `uci`, and 
`variant`
     = help: consider adding `bincode` as a feature in `Cargo.toml`
     = note: see <https://doc.rust-lang.org/nightly/rustc/check-cfg/cargo-specifics.html> for more information about 
checking conditional configuration

warning: unexpected `cfg` condition value: `bincode`
   --> crates\shakmaty-host-vendored\src\board.rs:548:7
    |
548 | #[cfg(feature = "bincode")]
    |       ^^^^^^^^^^^^^^^^^^^
    |
    = note: expected values for `feature` are: `alloc`, `default`, `nohash-hasher`, `serde`, `std`, `uci`, and 
`variant`
    = help: consider adding `bincode` as a feature in `Cargo.toml`
    = note: see <https://doc.rust-lang.org/nightly/rustc/check-cfg/cargo-specifics.html> for more information about 
checking conditional configuration

warning: unexpected `cfg` condition value: `bincode`
   --> crates\shakmaty-host-vendored\src\board.rs:563:7
    |
563 | #[cfg(feature = "bincode")]
    |       ^^^^^^^^^^^^^^^^^^^
    |
    = note: expected values for `feature` are: `alloc`, `default`, `nohash-hasher`, `serde`, `std`, `uci`, and 
`variant`
    = help: consider adding `bincode` as a feature in `Cargo.toml`
    = note: see <https://doc.rust-lang.org/nightly/rustc/check-cfg/cargo-specifics.html> for more information about 
checking conditional configuration

warning: unexpected `cfg` condition value: `bincode`
   --> crates\shakmaty-host-vendored\src\board.rs:584:7
    |
584 | #[cfg(feature = "bincode")]
    |       ^^^^^^^^^^^^^^^^^^^
    |
    = note: expected values for `feature` are: `alloc`, `default`, `nohash-hasher`, `serde`, `std`, `uci`, and 
`variant`
    = help: consider adding `bincode` as a feature in `Cargo.toml`
    = note: see <https://doc.rust-lang.org/nightly/rustc/check-cfg/cargo-specifics.html> for more information about 
checking conditional configuration

warning: unexpected `cfg` condition value: `arbitrary`
   --> crates\shakmaty-host-vendored\src\board.rs:710:7
    |
710 | #[cfg(feature = "arbitrary")]
    |       ^^^^^^^^^^^^^^^^^^^^^
    |
    = note: expected values for `feature` are: `alloc`, `default`, `nohash-hasher`, `serde`, `std`, `uci`, and 
`variant`
    = help: consider adding `arbitrary` as a feature in `Cargo.toml`
    = note: see <https://doc.rust-lang.org/nightly/rustc/check-cfg/cargo-specifics.html> for more information about 
checking conditional configuration

warning: unexpected `cfg` condition value: `bincode`
   --> crates\shakmaty-host-vendored\src\packed.rs:556:7
    |
556 | #[cfg(feature = "bincode")]
    |       ^^^^^^^^^^^^^^^^^^^
    |
    = note: expected values for `feature` are: `alloc`, `default`, `nohash-hasher`, `serde`, `std`, `uci`, and 
`variant`
    = help: consider adding `bincode` as a feature in `Cargo.toml`
    = note: see <https://doc.rust-lang.org/nightly/rustc/check-cfg/cargo-specifics.html> for more information about 
checking conditional configuration

warning: unexpected `cfg` condition value: `bincode`
   --> crates\shakmaty-host-vendored\src\packed.rs:570:7
    |
570 | #[cfg(feature = "bincode")]
    |       ^^^^^^^^^^^^^^^^^^^
    |
    = note: expected values for `feature` are: `alloc`, `default`, `nohash-hasher`, `serde`, `std`, `uci`, and 
`variant`
    = help: consider adding `bincode` as a feature in `Cargo.toml`
    = note: see <https://doc.rust-lang.org/nightly/rustc/check-cfg/cargo-specifics.html> for more information about 
checking conditional configuration

warning: unexpected `cfg` condition value: `bincode`
   --> crates\shakmaty-host-vendored\src\packed.rs:591:7
    |
591 | #[cfg(feature = "bincode")]
    |       ^^^^^^^^^^^^^^^^^^^
    |
    = note: expected values for `feature` are: `alloc`, `default`, `nohash-hasher`, `serde`, `std`, `uci`, and 
`variant`
    = help: consider adding `bincode` as a feature in `Cargo.toml`
    = note: see <https://doc.rust-lang.org/nightly/rustc/check-cfg/cargo-specifics.html> for more information about 
checking conditional configuration

warning: unexpected `cfg` condition value: `bincode`
   --> crates\shakmaty-host-vendored\src\packed.rs:628:12
    |
628 | #[cfg_attr(feature = "bincode", derive(bincode::Encode, bincode::Decode))]
    |            ^^^^^^^^^^^^^^^^^^^
    |
    = note: expected values for `feature` are: `alloc`, `default`, `nohash-hasher`, `serde`, `std`, `uci`, and 
`variant`
    = help: consider adding `bincode` as a feature in `Cargo.toml`
    = note: see <https://doc.rust-lang.org/nightly/rustc/check-cfg/cargo-specifics.html> for more information about 
checking conditional configuration

warning: unexpected `cfg` condition value: `arbitrary`
   --> crates\shakmaty-host-vendored\src\packed.rs:761:7
    |
761 | #[cfg(feature = "arbitrary")]
    |       ^^^^^^^^^^^^^^^^^^^^^
    |
    = note: expected values for `feature` are: `alloc`, `default`, `nohash-hasher`, `serde`, `std`, `uci`, and 
`variant`
    = help: consider adding `arbitrary` as a feature in `Cargo.toml`
    = note: see <https://doc.rust-lang.org/nightly/rustc/check-cfg/cargo-specifics.html> for more information about 
checking conditional configuration

warning: unexpected `cfg` condition value: `arbitrary`
  --> crates\shakmaty-host-vendored\src\san.rs:95:12
   |
95 | #[cfg_attr(feature = "arbitrary", derive(arbitrary::Arbitrary))]
   |            ^^^^^^^^^^^^^^^^^^^^^
   |
   = note: expected values for `feature` are: `alloc`, `default`, `nohash-hasher`, `serde`, `std`, `uci`, and `variant`
   = help: consider adding `arbitrary` as a feature in `Cargo.toml`
   = note: see <https://doc.rust-lang.org/nightly/rustc/check-cfg/cargo-specifics.html> for more information about 
checking conditional configuration

warning: unexpected `cfg` condition value: `arbitrary`
   --> crates\shakmaty-host-vendored\src\san.rs:513:12
    |
513 | #[cfg_attr(feature = "arbitrary", derive(arbitrary::Arbitrary))]
    |            ^^^^^^^^^^^^^^^^^^^^^
    |
    = note: expected values for `feature` are: `alloc`, `default`, `nohash-hasher`, `serde`, `std`, `uci`, and 
`variant`
    = help: consider adding `arbitrary` as a feature in `Cargo.toml`
    = note: see <https://doc.rust-lang.org/nightly/rustc/check-cfg/cargo-specifics.html> for more information about 
checking conditional configuration

warning: unexpected `cfg` condition value: `bincode`
   --> crates\shakmaty-host-vendored\src\san.rs:514:12
    |
514 | #[cfg_attr(feature = "bincode", derive(bincode::Encode, bincode::Decode))]
    |            ^^^^^^^^^^^^^^^^^^^
    |
    = note: expected values for `feature` are: `alloc`, `default`, `nohash-hasher`, `serde`, `std`, `uci`, and 
`variant`
    = help: consider adding `bincode` as a feature in `Cargo.toml`
    = note: see <https://doc.rust-lang.org/nightly/rustc/check-cfg/cargo-specifics.html> for more information about 
checking conditional configuration

warning: unexpected `cfg` condition value: `arbitrary`
   --> crates\shakmaty-host-vendored\src\san.rs:555:12
    |
555 | #[cfg_attr(feature = "arbitrary", derive(arbitrary::Arbitrary))]
    |            ^^^^^^^^^^^^^^^^^^^^^
    |
    = note: expected values for `feature` are: `alloc`, `default`, `nohash-hasher`, `serde`, `std`, `uci`, and 
`variant`
    = help: consider adding `arbitrary` as a feature in `Cargo.toml`
    = note: see <https://doc.rust-lang.org/nightly/rustc/check-cfg/cargo-specifics.html> for more information about 
checking conditional configuration

warning: unexpected `cfg` condition value: `arbitrary`
  --> crates\shakmaty-host-vendored\src\uci.rs:96:12
   |
96 | #[cfg_attr(feature = "arbitrary", derive(arbitrary::Arbitrary))]
   |            ^^^^^^^^^^^^^^^^^^^^^
   |
   = note: expected values for `feature` are: `alloc`, `default`, `nohash-hasher`, `serde`, `std`, `uci`, and `variant`
   = help: consider adding `arbitrary` as a feature in `Cargo.toml`
   = note: see <https://doc.rust-lang.org/nightly/rustc/check-cfg/cargo-specifics.html> for more information about 
checking conditional configuration

warning: unexpected `cfg` condition value: `bincode`
   --> crates\shakmaty-host-vendored\src\uci.rs:487:7
    |
487 | #[cfg(feature = "bincode")]
    |       ^^^^^^^^^^^^^^^^^^^
    |
    = note: expected values for `feature` are: `alloc`, `default`, `nohash-hasher`, `serde`, `std`, `uci`, and 
`variant`
    = help: consider adding `bincode` as a feature in `Cargo.toml`
    = note: see <https://doc.rust-lang.org/nightly/rustc/check-cfg/cargo-specifics.html> for more information about 
checking conditional configuration

warning: unexpected `cfg` condition value: `bincode`
   --> crates\shakmaty-host-vendored\src\uci.rs:497:7
    |
497 | #[cfg(feature = "bincode")]
    |       ^^^^^^^^^^^^^^^^^^^
    |
    = note: expected values for `feature` are: `alloc`, `default`, `nohash-hasher`, `serde`, `std`, `uci`, and 
`variant`
    = help: consider adding `bincode` as a feature in `Cargo.toml`
    = note: see <https://doc.rust-lang.org/nightly/rustc/check-cfg/cargo-specifics.html> for more information about 
checking conditional configuration

warning: unexpected `cfg` condition value: `bincode`
   --> crates\shakmaty-host-vendored\src\uci.rs:507:7
    |
507 | #[cfg(feature = "bincode")]
    |       ^^^^^^^^^^^^^^^^^^^
    |
    = note: expected values for `feature` are: `alloc`, `default`, `nohash-hasher`, `serde`, `std`, `uci`, and 
`variant`
    = help: consider adding `bincode` as a feature in `Cargo.toml`
    = note: see <https://doc.rust-lang.org/nightly/rustc/check-cfg/cargo-specifics.html> for more information about 
checking conditional configuration

warning: unexpected `cfg` condition value: `arbitrary`
    --> crates\shakmaty-host-vendored\src\zobrist.rs:51:20
     |
51   |         #[cfg_attr(feature = "arbitrary", derive(arbitrary::Arbitrary))]
     |                    ^^^^^^^^^^^^^^^^^^^^^
...
1209 | zobrist_value_impl! { Zobrist8, u8, 8 }
     | --------------------------------------- in this macro invocation
     |
     = note: expected values for `feature` are: `alloc`, `default`, `nohash-hasher`, `serde`, `std`, `uci`, and 
`variant`
     = help: consider adding `arbitrary` as a feature in `Cargo.toml`
     = note: see <https://doc.rust-lang.org/nightly/rustc/check-cfg/cargo-specifics.html> for more information about 
checking conditional configuration
     = note: this warning originates in the macro `zobrist_value_impl` (in Nightly builds, run with -Z macro-backtrace 
for more info)

warning: unexpected `cfg` condition value: `arbitrary`
    --> crates\shakmaty-host-vendored\src\zobrist.rs:51:20
     |
51   |         #[cfg_attr(feature = "arbitrary", derive(arbitrary::Arbitrary))]
     |                    ^^^^^^^^^^^^^^^^^^^^^
...
1210 | zobrist_value_impl! { Zobrist16, u16, 16 }
     | ------------------------------------------ in this macro invocation
     |
     = note: expected values for `feature` are: `alloc`, `default`, `nohash-hasher`, `serde`, `std`, `uci`, and 
`variant`
     = help: consider adding `arbitrary` as a feature in `Cargo.toml`
     = note: see <https://doc.rust-lang.org/nightly/rustc/check-cfg/cargo-specifics.html> for more information about 
checking conditional configuration
     = note: this warning originates in the macro `zobrist_value_impl` (in Nightly builds, run with -Z macro-backtrace 
for more info)

warning: unexpected `cfg` condition value: `arbitrary`
    --> crates\shakmaty-host-vendored\src\zobrist.rs:51:20
     |
51   |         #[cfg_attr(feature = "arbitrary", derive(arbitrary::Arbitrary))]
     |                    ^^^^^^^^^^^^^^^^^^^^^
...
1211 | zobrist_value_impl! { Zobrist32, u32, 32 }
     | ------------------------------------------ in this macro invocation
     |
     = note: expected values for `feature` are: `alloc`, `default`, `nohash-hasher`, `serde`, `std`, `uci`, and 
`variant`
     = help: consider adding `arbitrary` as a feature in `Cargo.toml`
     = note: see <https://doc.rust-lang.org/nightly/rustc/check-cfg/cargo-specifics.html> for more information about 
checking conditional configuration
     = note: this warning originates in the macro `zobrist_value_impl` (in Nightly builds, run with -Z macro-backtrace 
for more info)

warning: unexpected `cfg` condition value: `arbitrary`
    --> crates\shakmaty-host-vendored\src\zobrist.rs:51:20
     |
51   |         #[cfg_attr(feature = "arbitrary", derive(arbitrary::Arbitrary))]
     |                    ^^^^^^^^^^^^^^^^^^^^^
...
1212 | zobrist_value_impl! { Zobrist64, u64, 64 }
     | ------------------------------------------ in this macro invocation
     |
     = note: expected values for `feature` are: `alloc`, `default`, `nohash-hasher`, `serde`, `std`, `uci`, and 
`variant`
     = help: consider adding `arbitrary` as a feature in `Cargo.toml`
     = note: see <https://doc.rust-lang.org/nightly/rustc/check-cfg/cargo-specifics.html> for more information about 
checking conditional configuration
     = note: this warning originates in the macro `zobrist_value_impl` (in Nightly builds, run with -Z macro-backtrace 
for more info)

warning: unexpected `cfg` condition value: `arbitrary`
    --> crates\shakmaty-host-vendored\src\zobrist.rs:51:20
     |
51   |         #[cfg_attr(feature = "arbitrary", derive(arbitrary::Arbitrary))]
     |                    ^^^^^^^^^^^^^^^^^^^^^
...
1213 | zobrist_value_impl! { Zobrist128, u128, 128 }
     | --------------------------------------------- in this macro invocation
     |
     = note: expected values for `feature` are: `alloc`, `default`, `nohash-hasher`, `serde`, `std`, `uci`, and 
`variant`
     = help: consider adding `arbitrary` as a feature in `Cargo.toml`
     = note: see <https://doc.rust-lang.org/nightly/rustc/check-cfg/cargo-specifics.html> for more information about 
checking conditional configuration
     = note: this warning originates in the macro `zobrist_value_impl` (in Nightly builds, run with -Z macro-backtrace 
for more info)

warning: `shakmaty-host-vendored` (lib) generated 68 warnings
warning: unused import: `warn`
 --> backend\src\signing\routes\auth.rs:8:28
  |
8 | use tracing::{info, error, warn};
  |                            ^^^^
  |
  = note: `#[warn(unused_imports)]` on by default

warning: `backend` (lib) generated 1 warning (run `cargo fix --lib -p backend` to apply 1 suggestion)
   Compiling xfchess v0.1.0 (C:\Users\isich\XFChess)
warning: unused import: `Captured`
 --> src\game\systems\visual.rs:1:31
  |
1 | use crate::game::components::{Captured, FadingCapture, PieceMoveAnimation};
  |                               ^^^^^^^^
  |
  = note: `#[warn(unused_imports)]` on by default

warning: unused import: `MoveMadeEvent`
  --> src\multiplayer\mod.rs:12:61
   |
12 | use crate::game::events::{GameEndedEvent, GameStartedEvent, MoveMadeEvent};
   |                                                             ^^^^^^^^^^^^^

warning: unused import: `crate::rendering::pieces::PieceType`
  --> src\multiplayer\mod.rs:15:5
   |
15 | use crate::rendering::pieces::PieceType;
   |     ^^^^^^^^^^^^^^^^^^^^^^^^^^^^^^^^^^^

warning: unused import: `shakmaty::Color`
 --> src\multiplayer\network\p2p_vps.rs:7:5
  |
7 | use shakmaty::Color;
  |     ^^^^^^^^^^^^^^^

warning: unused import: `crate::core::states::GameState`
  --> src\multiplayer\network\p2p_vps.rs:10:5
   |
10 | use crate::core::states::GameState;
   |     ^^^^^^^^^^^^^^^^^^^^^^^^^^^^^^

warning: unused import: `crate::game::events::GameStartedEvent`
  --> src\multiplayer\network\p2p_vps.rs:11:5
   |
11 | use crate::game::events::GameStartedEvent;
   |     ^^^^^^^^^^^^^^^^^^^^^^^^^^^^^^^^^^^^^

warning: unused imports: `NetworkEvent` and `network::protocol::NetworkMessage`
  --> src\multiplayer\network\p2p_vps.rs:13:5
   |
13 |     network::protocol::NetworkMessage,
   |     ^^^^^^^^^^^^^^^^^^^^^^^^^^^^^^^^^
14 |     vps_client,
15 |     BraidNetworkState, NetworkEvent,
   |                        ^^^^^^^^^^^^

warning: unused imports: `HostGameEvent`, `P2PConnectionStatus`, and `P2PUIState`
  --> src\multiplayer\network\p2p_vps.rs:18:25
   |
18 |     ConnectToPeerEvent, HostGameEvent, P2PConnectionState, P2PConnectionStatus, P2PUIState,
   |                         ^^^^^^^^^^^^^                      ^^^^^^^^^^^^^^^^^^^  ^^^^^^^^^^

warning: unused import: `bevy::prelude::info`
 --> src\multiplayer\vps_client.rs:5:5
  |
5 | use bevy::prelude::info;
  |     ^^^^^^^^^^^^^^^^^^^

warning: unused import: `DespawnOnExit`
  --> src\states\main_menu.rs:16:19
   |
16 | use crate::core::{DespawnOnExit, GameMode as CoreGameMode, GameState};
   |                   ^^^^^^^^^^^^^

warning: unused import: `crate::states::ui_tournament_browser`
  --> src\states\main_menu.rs:18:5
   |
18 | use crate::states::ui_tournament_browser;
   |     ^^^^^^^^^^^^^^^^^^^^^^^^^^^^^^^^^^^^

warning: unused imports: `Deserialize` and `Serialize`
 --> src\states\tournament_menu.rs:3:13
  |
3 | use serde::{Deserialize, Serialize};
  |             ^^^^^^^^^^^  ^^^^^^^^^

warning: unused imports: `DespawnOnExit` and `MenuState`
 --> src\states\tournament_menu.rs:5:27
  |
5 | use crate::core::states::{MenuState, DespawnOnExit};
  |                           ^^^^^^^^^  ^^^^^^^^^^^^^

warning: unused import: `crate::game::resources::piece_value`
 --> src\ui\game\game_ui.rs:4:5
  |
4 | use crate::game::resources::piece_value;
  |     ^^^^^^^^^^^^^^^^^^^^^^^^^^^^^^^^^^^

warning: unused import: `crate::ui::styles::UiColors`
 --> src\ui\game\game_2d.rs:9:5
  |
9 | use crate::ui::styles::UiColors;
  |     ^^^^^^^^^^^^^^^^^^^^^^^^^^^

warning: unused import: `crate::core::states::GameState`
  --> src\ui\mod.rs:29:5
   |
29 | use crate::core::states::GameState;
   |     ^^^^^^^^^^^^^^^^^^^^^^^^^^^^^^

error[E0599]: no method named `get_resource` found for mutable reference `&mut bevy::prelude::Commands<'_, '_>` in the 
current scope
   --> src\rendering\pieces\pieces.rs:490:28
    |
490 |     let sprites = commands.get_resource::<PieceSpriteHandles>();
    |                            ^^^^^^^^^^^^
    |
help: there is a method `init_resource` with a similar name
    |
490 -     let sprites = commands.get_resource::<PieceSpriteHandles>();
490 +     let sprites = commands.init_resource::<PieceSpriteHandles>();
    |

error[E0599]: no method named `get_resource` found for mutable reference `&mut bevy::prelude::Commands<'_, '_>` in the 
current scope
   --> src\rendering\pieces\pieces.rs:514:78
    |
514 |             append_2d_visual(parent, piece_color, PieceType::King, 
&commands.get_resource::<PieceSpriteHandles>());
    |                                                                              ^^^^^^^^^^^^
    |
help: there is a method `init_resource` with a similar name
    |
514 -             append_2d_visual(parent, piece_color, PieceType::King, 
&commands.get_resource::<PieceSpriteHandles>());
514 +             append_2d_visual(parent, piece_color, PieceType::King, 
&commands.init_resource::<PieceSpriteHandles>());
    |

error[E0599]: no method named `get_resource` found for mutable reference `&mut bevy::prelude::Commands<'_, '_>` in the 
current scope
   --> src\rendering\pieces\pieces.rs:553:80
    |
553 |             append_2d_visual(parent, piece_color, PieceType::Knight, 
&commands.get_resource::<PieceSpriteHandles>());
    |                                                                                ^^^^^^^^^^^^
    |
help: there is a method `init_resource` with a similar name
    |
553 -             append_2d_visual(parent, piece_color, PieceType::Knight, 
&commands.get_resource::<PieceSpriteHandles>());
553 +             append_2d_visual(parent, piece_color, PieceType::Knight, 
&commands.init_resource::<PieceSpriteHandles>());
    |

error[E0599]: no method named `get_resource` found for mutable reference `&mut bevy::prelude::Commands<'_, '_>` in the 
current scope
   --> src\rendering\pieces\pieces.rs:592:79
    |
592 |             append_2d_visual(parent, piece_color, PieceType::Queen, 
&commands.get_resource::<PieceSpriteHandles>());
    |                                                                               ^^^^^^^^^^^^
    |
help: there is a method `init_resource` with a similar name
    |
592 -             append_2d_visual(parent, piece_color, PieceType::Queen, 
&commands.get_resource::<PieceSpriteHandles>());
592 +             append_2d_visual(parent, piece_color, PieceType::Queen, 
&commands.init_resource::<PieceSpriteHandles>());
    |

error[E0599]: no method named `get_resource` found for mutable reference `&mut bevy::prelude::Commands<'_, '_>` in the 
current scope
   --> src\rendering\pieces\pieces.rs:631:80
    |
631 |             append_2d_visual(parent, piece_color, PieceType::Bishop, 
&commands.get_resource::<PieceSpriteHandles>());
    |                                                                                ^^^^^^^^^^^^
    |
help: there is a method `init_resource` with a similar name
    |
631 -             append_2d_visual(parent, piece_color, PieceType::Bishop, 
&commands.get_resource::<PieceSpriteHandles>());
631 +             append_2d_visual(parent, piece_color, PieceType::Bishop, 
&commands.init_resource::<PieceSpriteHandles>());
    |

error[E0599]: no method named `get_resource` found for mutable reference `&mut bevy::prelude::Commands<'_, '_>` in the 
current scope
   --> src\rendering\pieces\pieces.rs:670:78
    |
670 |             append_2d_visual(parent, piece_color, PieceType::Rook, 
&commands.get_resource::<PieceSpriteHandles>());
    |                                                                              ^^^^^^^^^^^^
    |
help: there is a method `init_resource` with a similar name
    |
670 -             append_2d_visual(parent, piece_color, PieceType::Rook, 
&commands.get_resource::<PieceSpriteHandles>());
670 +             append_2d_visual(parent, piece_color, PieceType::Rook, 
&commands.init_resource::<PieceSpriteHandles>());
    |

error[E0599]: no method named `get_resource` found for mutable reference `&mut bevy::prelude::Commands<'_, '_>` in the 
current scope
   --> src\rendering\pieces\pieces.rs:709:78
    |
709 |             append_2d_visual(parent, piece_color, PieceType::Pawn, 
&commands.get_resource::<PieceSpriteHandles>());
    |                                                                              ^^^^^^^^^^^^
    |
help: there is a method `init_resource` with a similar name
    |
709 -             append_2d_visual(parent, piece_color, PieceType::Pawn, 
&commands.get_resource::<PieceSpriteHandles>());
709 +             append_2d_visual(parent, piece_color, PieceType::Pawn, 
&commands.init_resource::<PieceSpriteHandles>());
    |

warning: use of deprecated method `bevy_egui::egui::Context::screen_rect`: screen_rect has been split into 
viewport_rect() and content_rect(). You likely should use content_rect()
   --> src\states\main_menu.rs:249:27
    |
249 |     let screen_rect = ctx.screen_rect();
    |                           ^^^^^^^^^^^
    |
    = note: `#[warn(deprecated)]` on by default

warning: use of deprecated method `bevy_egui::egui::Context::screen_rect`: screen_rect has been split into 
viewport_rect() and content_rect(). You likely should use content_rect()
   --> src\states\main_menu.rs:324:27
    |
324 |     let screen_rect = ctx.screen_rect();
    |                           ^^^^^^^^^^^

warning: use of deprecated method `bevy_egui::egui::Context::screen_rect`: screen_rect has been split into 
viewport_rect() and content_rect(). You likely should use content_rect()
   --> src\states\main_menu.rs:900:27
    |
900 |     let screen_rect = ctx.screen_rect();
    |                           ^^^^^^^^^^^

error[E0609]: no field `user_id` on type `auth::AuthResponse`
   --> src\ui\account\auth.rs:520:29
    |
520 |         assert_eq!(response.user_id, "user123");
    |                             ^^^^^^^ unknown field
    |
    = note: available fields are: `token`, `username`

error[E0063]: missing fields `ai_difficulty` and `ai_side` in initializer of `GameConfig`
  --> src\lib.rs:41:9
   |
41 |         Self {
   |         ^^^^ missing `ai_difficulty` and `ai_side`

warning: unused variable: `current_turn`
   --> src\engine\board_state.rs:178:9
    |
178 |         current_turn: &CurrentTurn,
    |         ^^^^^^^^^^^^ help: if this is intentional, prefix it with an underscore: `_current_turn`
    |
    = note: `#[warn(unused_variables)]` on by default

warning: unused variable: `promotion_char`
   --> src\game\ai\systems.rs:302:17
    |
302 |             let promotion_char = best_move.chars().nth(4);
    |                 ^^^^^^^^^^^^^^ help: if this is intentional, prefix it with an underscore: `_promotion_char`

warning: unused variable: `board_sync`
   --> src\game\sync\board_state.rs:352:5
    |
352 |     board_sync: ResMut<BoardStateSync>,
    |     ^^^^^^^^^^ help: if this is intentional, prefix it with an underscore: `_board_sync`

warning: unused variable: `engine`
   --> src\game\sync\board_state.rs:353:5
    |
353 |     engine: ResMut<ChessEngine>,
    |     ^^^^^^ help: if this is intentional, prefix it with an underscore: `_engine`

warning: unused variable: `entity`
  --> src\game\systems\visual.rs:40:10
   |
40 |     for (entity, square, mut material) in squares_query.iter_mut() {
   |          ^^^^^^ help: if this is intentional, prefix it with an underscore: `_entity`

warning: unused variable: `menu_state`
   --> src\multiplayer\network\p2p_vps.rs:144:9
    |
144 |     mut menu_state: ResMut<NextState<crate::core::MenuState>>,
    |         ^^^^^^^^^^ help: if this is intentional, prefix it with an underscore: `_menu_state`

warning: variable does not need to be mutable
   --> src\multiplayer\network\p2p_vps.rs:144:5
    |
144 |     mut menu_state: ResMut<NextState<crate::core::MenuState>>,
    |     ----^^^^^^^^^^
    |     |
    |     help: remove this `mut`
    |
    = note: `#[warn(unused_mut)]` on by default

warning: unused variable: `p2p_state`
   --> src\multiplayer\network\p2p_vps.rs:202:5
    |
202 |     p2p_state: Res<P2PConnectionState>,
    |     ^^^^^^^^^ help: if this is intentional, prefix it with an underscore: `_p2p_state`

warning: unused variable: `is_templeos`
  --> src\rendering\board\board.rs:33:9
   |
33 |     let is_templeos = *view_mode == ViewMode::TempleOS;
   |         ^^^^^^^^^^^ help: if this is intentional, prefix it with an underscore: `_is_templeos`

warning: unused variable: `view_mode`
  --> src\rendering\pieces\pieces.rs:68:5
   |
68 |     view_mode: Res<crate::game::view_mode::ViewMode>,
   |     ^^^^^^^^^ help: if this is intentional, prefix it with an underscore: `_view_mode`

warning: unused variable: `screen_rect`
   --> src\states\main_menu.rs:324:9
    |
324 |     let screen_rect = ctx.screen_rect();
    |         ^^^^^^^^^^^ help: if this is intentional, prefix it with an underscore: `_screen_rect`

warning: unused variable: `ctx_menu`
   --> src\states\main_menu.rs:323:39
    |
323 | fn render_navbar(ctx: &egui::Context, ctx_menu: &mut MainMenuUIContext) {
    |                                       ^^^^^^^^ help: if this is intentional, prefix it with an underscore: 
`_ctx_menu`

warning: unused variable: `stake`
   --> src\states\main_menu.rs:630:16
    |
630 |     for (name, stake) in wagers {
    |                ^^^^^ help: if this is intentional, prefix it with an underscore: `_stake`

warning: unused variable: `ctx_menu`
   --> src\states\main_menu.rs:614:52
    |
614 | fn render_quick_pairing_section(ui: &mut egui::Ui, ctx_menu: &mut MainMenuUIContext) {
    |                                                    ^^^^^^^^ help: if this is intentional, prefix it with an 
underscore: `_ctx_menu`

warning: unused variable: `ctx`
   --> src\states\main_menu.rs:832:21
    |
832 | fn host_wager_lobby(ctx: &mut MainMenuUIContext, sol_amount: f32) {
    |                     ^^^ help: if this is intentional, prefix it with an underscore: `_ctx`

warning: unused variable: `sol_amount`
   --> src\states\main_menu.rs:832:50
    |
832 | fn host_wager_lobby(ctx: &mut MainMenuUIContext, sol_amount: f32) {
    |                                                  ^^^^^^^^^^ help: if this is intentional, prefix it with an 
underscore: `_sol_amount`

warning: unused variable: `i`
   --> src\ui\game\game_ui.rs:403:10
    |
403 |     for (i, mv) in moves.iter().enumerate() {
    |          ^ help: if this is intentional, prefix it with an underscore: `_i`

warning: unused variable: `from_rank`
   --> src\ui\game\game_ui.rs:447:9
    |
447 |     let from_rank = mv.from.1 + 1;
    |         ^^^^^^^^^ help: if this is intentional, prefix it with an underscore: `_from_rank`

Some errors have detailed explanations: E0063, E0599, E0609.
For more information about an error, try `rustc --explain E0063`.
warning: `xfchess` (lib test) generated 37 warnings
error: could not compile `xfchess` (lib test) due to 9 previous errors; 37 warnings emitted
